#
# There is insufficient memory for the Java Runtime Environment to continue.
# Native memory allocation (malloc) failed to allocate 1372992 bytes. Error detail: Chunk::new
# Possible reasons:
#   The system is out of physical RAM or swap space
#   This process is running with CompressedOops enabled, and the Java Heap may be blocking the growth of the native heap
# Possible solutions:
#   Reduce memory load on the system
#   Increase physical memory or swap space
#   Check if swap backing store is full
#   Decrease Java heap size (-Xmx/-Xms)
#   Decrease number of Java threads
#   Decrease Java thread stack sizes (-Xss)
#   Set larger code cache with -XX:ReservedCodeCacheSize=
#   JVM is running with Unscaled Compressed Oops mode in which the Java heap is
#     placed in the first 4GB address space. The Java Heap base address is the
#     maximum limit for the native heap growth. Please use -XX:HeapBaseMinAddress
#     to set the Java Heap base and to place the Java Heap above 4GB virtual address.
# This output file may be truncated or incomplete.
#
#  Out of Memory Error (arena.cpp:191), pid=9772, tid=14180
#
# JRE version: OpenJDK Runtime Environment Temurin-17.0.19+10 (17.0.19+10) (build 17.0.19+10)
# Java VM: OpenJDK 64-Bit Server VM Temurin-17.0.19+10 (17.0.19+10, mixed mode, sharing, tiered, compressed oops, compressed class ptrs, g1 gc, windows-amd64)
# No core dump will be written. Minidumps are not enabled by default on client versions of Windows
#

---------------  S U M M A R Y ------------

Command Line: --add-opens=java.base/java.lang=ALL-UNNAMED --add-opens=java.base/java.lang.invoke=ALL-UNNAMED --add-opens=java.base/java.util=ALL-UNNAMED --add-opens=java.prefs/java.util.prefs=ALL-UNNAMED --add-exports=jdk.compiler/com.sun.tools.javac.api=ALL-UNNAMED --add-exports=jdk.compiler/com.sun.tools.javac.util=ALL-UNNAMED --add-opens=java.base/java.util=ALL-UNNAMED --add-opens=java.prefs/java.util.prefs=ALL-UNNAMED --add-opens=java.base/java.nio.charset=ALL-UNNAMED --add-opens=java.base/java.net=ALL-UNNAMED --add-opens=java.base/java.util.concurrent.atomic=ALL-UNNAMED --add-opens=java.xml/javax.xml.namespace=ALL-UNNAMED -XX:MaxMetaspaceSize=512m -Xmx2048m -Dfile.encoding=UTF-8 -Duser.country=US -Duser.language=en -Duser.variant -javaagent:C:\Users\HP\.gradle\wrapper\dists\gradle-8.14.3-all\10utluxaxniiv4wxiphsi49nj\gradle-8.14.3\lib\agents\gradle-instrumentation-agent-8.14.3.jar org.gradle.launcher.daemon.bootstrap.GradleDaemon 8.14.3

Host: AMD Athlon Gold 3150U with Radeon Graphics     , 4 cores, 3G,  Windows 11 , 64 bit Build 26100 (10.0.26100.8875)
Time: Fri Jul 24 00:47:24 2026 Malay Peninsula Standard Time elapsed time: 12.066449 seconds (0d 0h 0m 12s)

---------------  T H R E A D  ---------------

Current thread (0x000001d54c5b3cd0):  JavaThread "C2 CompilerThread0" daemon [_thread_in_native, id=14180, stack(0x00000080c8e00000,0x00000080c8f00000)]


Current CompileTask:
C2:12066 3088   !   4       java.net.URL::<init> (543 bytes)

Stack: [0x00000080c8e00000,0x00000080c8f00000]
Native frames: (J=compiled Java code, j=interpreted, Vv=VM code, C=native code)
V  [jvm.dll+0x684b29]
V  [jvm.dll+0x83a2d5]
V  [jvm.dll+0x83bd4e]
V  [jvm.dll+0x83c3d3]
V  [jvm.dll+0x24905f]
V  [jvm.dll+0xad536]
V  [jvm.dll+0xadbdc]
V  [jvm.dll+0x368d9e]
V  [jvm.dll+0x3331d5]
V  [jvm.dll+0x33263a]
V  [jvm.dll+0x219e69]
V  [jvm.dll+0x2192af]
V  [jvm.dll+0x1a49f0]
V  [jvm.dll+0x2299fa]
V  [jvm.dll+0x227bab]
V  [jvm.dll+0x7f0a88]
V  [jvm.dll+0x7eaf1c]
V  [jvm.dll+0x6839f7]
C  [ucrtbase.dll+0x2cd30]
C  [KERNEL32.DLL+0x2e957]
C  [ntdll.dll+0xaad6c]


---------------  P R O C E S S  ---------------

Threads class SMR info:
_java_thread_list=0x000001d56e0eeff0, length=29, elements={
0x000001d52eaacce0, 0x000001d54c595d70, 0x000001d54c5973b0, 0x000001d54c5b0d30,
0x000001d54c5b2170, 0x000001d54c5b8000, 0x000001d54c5b70d0, 0x000001d54c5b3cd0,
0x000001d54c5c14e0, 0x000001d54c5b7af0, 0x000001d54c5b5c90, 0x000001d54c5b66b0,
0x000001d54c5b8510, 0x000001d54c5b5780, 0x000001d54c5b61a0, 0x000001d54c5b6bc0,
0x000001d54c5b8a20, 0x000001d54c5b5270, 0x000001d56cc64e80, 0x000001d56cc63530,
0x000001d56cc662c0, 0x000001d56cc667d0, 0x000001d56cc65390, 0x000001d56cc63a40,
0x000001d56cc658a0, 0x000001d56cc63f50, 0x000001d56cc671f0, 0x000001d56cc64970,
0x000001d56cc67700
}

Java Threads: ( => current thread )
  0x000001d52eaacce0 JavaThread "main" [_thread_blocked, id=9140, stack(0x00000080c8100000,0x00000080c8200000)]
  0x000001d54c595d70 JavaThread "Reference Handler" daemon [_thread_blocked, id=13164, stack(0x00000080c8800000,0x00000080c8900000)]
  0x000001d54c5973b0 JavaThread "Finalizer" daemon [_thread_blocked, id=6708, stack(0x00000080c8900000,0x00000080c8a00000)]
  0x000001d54c5b0d30 JavaThread "Signal Dispatcher" daemon [_thread_blocked, id=10248, stack(0x00000080c8a00000,0x00000080c8b00000)]
  0x000001d54c5b2170 JavaThread "Attach Listener" daemon [_thread_blocked, id=13984, stack(0x00000080c8b00000,0x00000080c8c00000)]
  0x000001d54c5b8000 JavaThread "Service Thread" daemon [_thread_blocked, id=11424, stack(0x00000080c8c00000,0x00000080c8d00000)]
  0x000001d54c5b70d0 JavaThread "Monitor Deflation Thread" daemon [_thread_blocked, id=12972, stack(0x00000080c8d00000,0x00000080c8e00000)]
=>0x000001d54c5b3cd0 JavaThread "C2 CompilerThread0" daemon [_thread_in_native, id=14180, stack(0x00000080c8e00000,0x00000080c8f00000)]
  0x000001d54c5c14e0 JavaThread "C1 CompilerThread0" daemon [_thread_blocked, id=3372, stack(0x00000080c8f00000,0x00000080c9000000)]
  0x000001d54c5b7af0 JavaThread "Sweeper thread" daemon [_thread_blocked, id=10352, stack(0x00000080c9000000,0x00000080c9100000)]
  0x000001d54c5b5c90 JavaThread "Common-Cleaner" daemon [_thread_blocked, id=12888, stack(0x00000080c9100000,0x00000080c9200000)]
  0x000001d54c5b66b0 JavaThread "Notification Thread" daemon [_thread_blocked, id=4996, stack(0x00000080c9200000,0x00000080c9300000)]
  0x000001d54c5b8510 JavaThread "Daemon health stats" [_thread_blocked, id=9336, stack(0x00000080c9700000,0x00000080c9800000)]
  0x000001d54c5b5780 JavaThread "Incoming local TCP Connector on port 57845" [_thread_in_native, id=13820, stack(0x00000080c9900000,0x00000080c9a00000)]
  0x000001d54c5b61a0 JavaThread "Daemon periodic checks" [_thread_blocked, id=8836, stack(0x00000080c9a00000,0x00000080c9b00000)]
  0x000001d54c5b6bc0 JavaThread "Daemon" [_thread_blocked, id=2728, stack(0x00000080c9b00000,0x00000080c9c00000)]
  0x000001d54c5b8a20 JavaThread "Handler for socket connection from /127.0.0.1:57845 to /127.0.0.1:57846" [_thread_in_native, id=13464, stack(0x00000080c9c00000,0x00000080c9d00000)]
  0x000001d54c5b5270 JavaThread "Cancel handler" [_thread_blocked, id=6532, stack(0x00000080c9d00000,0x00000080c9e00000)]
  0x000001d56cc64e80 JavaThread "Daemon worker" [_thread_in_native, id=14036, stack(0x00000080c9e00000,0x00000080c9f00000)]
  0x000001d56cc63530 JavaThread "Asynchronous log dispatcher for DefaultDaemonConnection: socket connection from /127.0.0.1:57845 to /127.0.0.1:57846" [_thread_blocked, id=14168, stack(0x00000080c9f00000,0x00000080ca000000)]
  0x000001d56cc662c0 JavaThread "Stdin handler" [_thread_blocked, id=13068, stack(0x00000080ca000000,0x00000080ca100000)]
  0x000001d56cc667d0 JavaThread "Daemon client event forwarder" [_thread_blocked, id=2088, stack(0x00000080ca100000,0x00000080ca200000)]
  0x000001d56cc65390 JavaThread "Cache worker for journal cache (C:\Users\HP\.gradle\caches\journal-1)" [_thread_blocked, id=5076, stack(0x00000080ca200000,0x00000080ca300000)]
  0x000001d56cc63a40 JavaThread "File lock request listener" [_thread_in_native, id=8144, stack(0x00000080ca300000,0x00000080ca400000)]
  0x000001d56cc658a0 JavaThread "Cache worker for file hash cache (C:\Users\HP\.gradle\caches\8.14.3\fileHashes)" [_thread_blocked, id=1572, stack(0x00000080ca400000,0x00000080ca500000)]
  0x000001d56cc63f50 JavaThread "Cache worker for file hash cache (D:\LSA 2025\LAST\PROJT\finance app\finance apps Ori\android\.gradle\8.14.3\fileHashes)" [_thread_blocked, id=2888, stack(0x00000080ca500000,0x00000080ca600000)]
  0x000001d56cc671f0 JavaThread "Cache worker for Build Output Cleanup Cache (D:\LSA 2025\LAST\PROJT\finance app\finance apps Ori\android\.gradle\buildOutputCleanup)" [_thread_blocked, id=13772, stack(0x00000080ca600000,0x00000080ca700000)]
  0x000001d56cc64970 JavaThread "File watcher server" daemon [_thread_in_native, id=6388, stack(0x00000080ca700000,0x00000080ca800000)]
  0x000001d56cc67700 JavaThread "File watcher consumer" daemon [_thread_blocked, id=13468, stack(0x00000080ca800000,0x00000080ca900000)]

Other Threads:
  0x000001d54c591680 VMThread "VM Thread" [stack: 0x00000080c8700000,0x00000080c8800000] [id=9424]
  0x000001d54c88a9a0 WatcherThread [stack: 0x00000080c9300000,0x00000080c9400000] [id=8480]
  0x000001d52eb0ae90 GCTaskThread "GC Thread#0" [stack: 0x00000080c8200000,0x00000080c8300000] [id=14264]
  0x000001d54c9bcaa0 GCTaskThread "GC Thread#1" [stack: 0x00000080c9400000,0x00000080c9500000] [id=13548]
  0x000001d54c997790 GCTaskThread "GC Thread#2" [stack: 0x00000080c9500000,0x00000080c9600000] [id=8400]
  0x000001d56c23bfd0 GCTaskThread "GC Thread#3" [stack: 0x00000080c9600000,0x00000080c9700000] [id=13796]
  0x000001d52eb1bcf0 ConcurrentGCThread "G1 Main Marker" [stack: 0x00000080c8300000,0x00000080c8400000] [id=13264]
  0x000001d52eb1d2f0 ConcurrentGCThread "G1 Conc#0" [stack: 0x00000080c8400000,0x00000080c8500000] [id=7752]
  0x000001d52eb5e700 ConcurrentGCThread "G1 Refine#0" [stack: 0x00000080c8500000,0x00000080c8600000] [id=12196]
  0x000001d56d8507a0 ConcurrentGCThread "G1 Refine#1" [stack: 0x00000080c9800000,0x00000080c9900000] [id=5012]
  0x000001d54c450bf0 ConcurrentGCThread "G1 Service" [stack: 0x00000080c8600000,0x00000080c8700000] [id=7032]

Threads with active compile tasks:
C2 CompilerThread0  12120 3088   !   4       java.net.URL::<init> (543 bytes)

VM state: not at safepoint (normal execution)

VM Mutex/Monitor currently owned by a thread: None

Heap address: 0x0000000080000000, size: 2048 MB, Compressed Oops mode: 32-bit

CDS archive(s) mapped at: [0x000001d54d000000-0x000001d54dbb0000-0x000001d54dbb0000), size 12255232, SharedBaseAddress: 0x000001d54d000000, ArchiveRelocationMode: 1.
Compressed class space mapped at: 0x000001d54e000000-0x000001d568000000, reserved size: 436207616
Narrow klass base: 0x000001d54d000000, Narrow klass shift: 0, Narrow klass range: 0x100000000

GC Precious Log:
 CPUs: 4 total, 4 available
 Memory: 3499M
 Large Page Support: Disabled
 NUMA Support: Disabled
 Compressed Oops: Enabled (32-bit)
 Heap Region Size: 1M
 Heap Min Capacity: 8M
 Heap Initial Capacity: 56M
 Heap Max Capacity: 2G
 Pre-touch: Disabled
 Parallel Workers: 4
 Concurrent Workers: 1
 Concurrent Refinement Workers: 4
 Periodic GC: Disabled

Heap:
 garbage-first heap   total 57344K, used 38562K [0x0000000080000000, 0x0000000100000000)
  region size 1024K, 15 young (15360K), 1 survivors (1024K)
 Metaspace       used 25697K, committed 26112K, reserved 491520K
  class space    used 3794K, committed 4032K, reserved 425984K

Heap Regions: E=young(eden), S=young(survivor), O=old, HS=humongous(starts), HC=humongous(continues), CS=collection set, F=free, OA=open archive, CA=closed archive, TAMS=top-at-mark-start (previous, next)
|   0|0x0000000080000000, 0x0000000080100000, 0x0000000080100000|100%|HS|  |TAMS 0x0000000080100000, 0x0000000080000000| Complete 
|   1|0x0000000080100000, 0x0000000080200000, 0x0000000080200000|100%|HC|  |TAMS 0x0000000080200000, 0x0000000080100000| Complete 
|   2|0x0000000080200000, 0x0000000080300000, 0x0000000080300000|100%|HC|  |TAMS 0x0000000080300000, 0x0000000080200000| Complete 
|   3|0x0000000080300000, 0x0000000080400000, 0x0000000080400000|100%| O|  |TAMS 0x0000000080400000, 0x0000000080300000| Untracked 
|   4|0x0000000080400000, 0x0000000080500000, 0x0000000080500000|100%| O|  |TAMS 0x0000000080500000, 0x0000000080400000| Untracked 
|   5|0x0000000080500000, 0x0000000080600000, 0x0000000080600000|100%| O|  |TAMS 0x0000000080600000, 0x0000000080500000| Untracked 
|   6|0x0000000080600000, 0x0000000080700000, 0x0000000080700000|100%| O|  |TAMS 0x0000000080700000, 0x0000000080600000| Untracked 
|   7|0x0000000080700000, 0x0000000080800000, 0x0000000080800000|100%| O|  |TAMS 0x0000000080800000, 0x0000000080700000| Untracked 
|   8|0x0000000080800000, 0x0000000080900000, 0x0000000080900000|100%| O|  |TAMS 0x0000000080900000, 0x0000000080800000| Untracked 
|   9|0x0000000080900000, 0x0000000080a00000, 0x0000000080a00000|100%| O|  |TAMS 0x0000000080a00000, 0x0000000080900000| Untracked 
|  10|0x0000000080a00000, 0x0000000080b00000, 0x0000000080b00000|100%|HS|  |TAMS 0x0000000080b00000, 0x0000000080a00000| Complete 
|  11|0x0000000080b00000, 0x0000000080c00000, 0x0000000080c00000|100%| O|  |TAMS 0x0000000080c00000, 0x0000000080b00000| Untracked 
|  12|0x0000000080c00000, 0x0000000080d00000, 0x0000000080d00000|100%| O|  |TAMS 0x0000000080d00000, 0x0000000080c00000| Untracked 
|  13|0x0000000080d00000, 0x0000000080e00000, 0x0000000080e00000|100%| O|  |TAMS 0x0000000080e00000, 0x0000000080d00000| Untracked 
|  14|0x0000000080e00000, 0x0000000080f00000, 0x0000000080f00000|100%| O|  |TAMS 0x0000000080f00000, 0x0000000080e00000| Untracked 
|  15|0x0000000080f00000, 0x0000000081000000, 0x0000000081000000|100%| O|  |TAMS 0x0000000081000000, 0x0000000080f00000| Untracked 
|  16|0x0000000081000000, 0x0000000081100000, 0x0000000081100000|100%| O|  |TAMS 0x0000000081100000, 0x0000000081000000| Untracked 
|  17|0x0000000081100000, 0x0000000081200000, 0x0000000081200000|100%| O|  |TAMS 0x0000000081200000, 0x0000000081100000| Untracked 
|  18|0x0000000081200000, 0x0000000081300000, 0x0000000081300000|100%| O|  |TAMS 0x0000000081300000, 0x0000000081200000| Untracked 
|  19|0x0000000081300000, 0x0000000081400000, 0x0000000081400000|100%| O|  |TAMS 0x0000000081400000, 0x0000000081300000| Untracked 
|  20|0x0000000081400000, 0x0000000081500000, 0x0000000081500000|100%| O|  |TAMS 0x0000000081500000, 0x0000000081400000| Untracked 
|  21|0x0000000081500000, 0x0000000081600000, 0x0000000081600000|100%| O|  |TAMS 0x000000008152da00, 0x0000000081500000| Untracked 
|  22|0x0000000081600000, 0x0000000081700000, 0x0000000081700000|100%| O|  |TAMS 0x0000000081600000, 0x0000000081600000| Untracked 
|  23|0x0000000081700000, 0x00000000817dec00, 0x0000000081800000| 87%| O|  |TAMS 0x0000000081700000, 0x0000000081700000| Untracked 
|  24|0x0000000081800000, 0x0000000081800000, 0x0000000081900000|  0%| F|  |TAMS 0x0000000081800000, 0x0000000081800000| Untracked 
|  25|0x0000000081900000, 0x0000000081900000, 0x0000000081a00000|  0%| F|  |TAMS 0x0000000081900000, 0x0000000081900000| Untracked 
|  26|0x0000000081a00000, 0x0000000081a00000, 0x0000000081b00000|  0%| F|  |TAMS 0x0000000081a00000, 0x0000000081a00000| Untracked 
|  27|0x0000000081b00000, 0x0000000081b00000, 0x0000000081c00000|  0%| F|  |TAMS 0x0000000081b00000, 0x0000000081b00000| Untracked 
|  28|0x0000000081c00000, 0x0000000081c00000, 0x0000000081d00000|  0%| F|  |TAMS 0x0000000081c00000, 0x0000000081c00000| Untracked 
|  29|0x0000000081d00000, 0x0000000081d00000, 0x0000000081e00000|  0%| F|  |TAMS 0x0000000081d00000, 0x0000000081d00000| Untracked 
|  30|0x0000000081e00000, 0x0000000081e00000, 0x0000000081f00000|  0%| F|  |TAMS 0x0000000081e00000, 0x0000000081e00000| Untracked 
|  31|0x0000000081f00000, 0x0000000081f00000, 0x0000000082000000|  0%| F|  |TAMS 0x0000000081f00000, 0x0000000081f00000| Untracked 
|  32|0x0000000082000000, 0x0000000082000000, 0x0000000082100000|  0%| F|  |TAMS 0x0000000082000000, 0x0000000082000000| Untracked 
|  33|0x0000000082100000, 0x0000000082100000, 0x0000000082200000|  0%| F|  |TAMS 0x0000000082100000, 0x0000000082100000| Untracked 
|  34|0x0000000082200000, 0x00000000822c9f40, 0x0000000082300000| 78%| S|CS|TAMS 0x0000000082200000, 0x0000000082200000| Complete 
|  35|0x0000000082300000, 0x0000000082300000, 0x0000000082400000|  0%| F|  |TAMS 0x0000000082300000, 0x0000000082300000| Untracked 
|  36|0x0000000082400000, 0x0000000082400000, 0x0000000082500000|  0%| F|  |TAMS 0x0000000082400000, 0x0000000082400000| Untracked 
|  37|0x0000000082500000, 0x0000000082500000, 0x0000000082600000|  0%| F|  |TAMS 0x0000000082500000, 0x0000000082500000| Untracked 
|  38|0x0000000082600000, 0x0000000082600000, 0x0000000082700000|  0%| F|  |TAMS 0x0000000082600000, 0x0000000082600000| Untracked 
|  39|0x0000000082700000, 0x0000000082700000, 0x0000000082800000|  0%| F|  |TAMS 0x0000000082700000, 0x0000000082700000| Untracked 
|  40|0x0000000082800000, 0x0000000082800000, 0x0000000082900000|  0%| F|  |TAMS 0x0000000082800000, 0x0000000082800000| Untracked 
|  41|0x0000000082900000, 0x0000000082900000, 0x0000000082a00000|  0%| F|  |TAMS 0x0000000082900000, 0x0000000082900000| Untracked 
|  42|0x0000000082a00000, 0x0000000082a60508, 0x0000000082b00000| 37%| E|  |TAMS 0x0000000082a00000, 0x0000000082a00000| Complete 
|  43|0x0000000082b00000, 0x0000000082c00000, 0x0000000082c00000|100%| E|CS|TAMS 0x0000000082b00000, 0x0000000082b00000| Complete 
|  44|0x0000000082c00000, 0x0000000082d00000, 0x0000000082d00000|100%| E|CS|TAMS 0x0000000082c00000, 0x0000000082c00000| Complete 
|  45|0x0000000082d00000, 0x0000000082e00000, 0x0000000082e00000|100%| E|CS|TAMS 0x0000000082d00000, 0x0000000082d00000| Complete 
|  46|0x0000000082e00000, 0x0000000082f00000, 0x0000000082f00000|100%| E|CS|TAMS 0x0000000082e00000, 0x0000000082e00000| Complete 
|  47|0x0000000082f00000, 0x0000000083000000, 0x0000000083000000|100%| E|CS|TAMS 0x0000000082f00000, 0x0000000082f00000| Complete 
|  48|0x0000000083000000, 0x0000000083100000, 0x0000000083100000|100%| E|CS|TAMS 0x0000000083000000, 0x0000000083000000| Complete 
|  49|0x0000000083100000, 0x0000000083200000, 0x0000000083200000|100%| E|CS|TAMS 0x0000000083100000, 0x0000000083100000| Complete 
|  50|0x0000000083200000, 0x0000000083300000, 0x0000000083300000|100%| E|CS|TAMS 0x0000000083200000, 0x0000000083200000| Complete 
|  51|0x0000000083300000, 0x0000000083400000, 0x0000000083400000|100%| E|CS|TAMS 0x0000000083300000, 0x0000000083300000| Complete 
|  52|0x0000000083400000, 0x0000000083500000, 0x0000000083500000|100%| E|CS|TAMS 0x0000000083400000, 0x0000000083400000| Complete 
|  53|0x0000000083500000, 0x0000000083600000, 0x0000000083600000|100%| E|CS|TAMS 0x0000000083500000, 0x0000000083500000| Complete 
|  54|0x0000000083600000, 0x0000000083700000, 0x0000000083700000|100%| E|CS|TAMS 0x0000000083600000, 0x0000000083600000| Complete 
|  55|0x0000000083700000, 0x0000000083800000, 0x0000000083800000|100%| E|CS|TAMS 0x0000000083700000, 0x0000000083700000| Complete 

Card table byte_map: [0x000001d545a30000,0x000001d545e30000] _byte_map_base: 0x000001d545630000

Marking Bits (Prev, Next): (CMBitMap*) 0x000001d52eb0b400, (CMBitMap*) 0x000001d52eb0b3c0
 Prev Bits: [0x000001d548230000, 0x000001d54a230000)
 Next Bits: [0x000001d546230000, 0x000001d548230000)

Polling page: 0x000001d52c930000

Metaspace:

Usage:
  Non-class:     21.40 MB used.
      Class:      3.71 MB used.
       Both:     25.11 MB used.

Virtual space:
  Non-class space:       64.00 MB reserved,      21.56 MB ( 34%) committed,  1 nodes.
      Class space:      416.00 MB reserved,       3.94 MB ( <1%) committed,  1 nodes.
             Both:      480.00 MB reserved,      25.50 MB (  5%) committed. 

Chunk freelists:
   Non-Class:  10.00 MB
       Class:  12.05 MB
        Both:  22.05 MB

MaxMetaspaceSize: 512.00 MB
CompressedClassSpaceSize: 416.00 MB
Initial GC threshold: 21.00 MB
Current GC threshold: 35.25 MB
CDS: on
MetaspaceReclaimPolicy: balanced
 - commit_granule_bytes: 65536.
 - commit_granule_words: 8192.
 - virtual_space_node_default_size: 8388608.
 - enlarge_chunks_in_place: 1.
 - new_chunks_are_fully_committed: 0.
 - uncommit_free_chunks: 1.
 - use_allocation_guard: 0.
 - handle_deallocations: 1.


Internal statistics:

num_allocs_failed_limit: 3.
num_arena_births: 368.
num_arena_deaths: 0.
num_vsnodes_births: 2.
num_vsnodes_deaths: 0.
num_space_committed: 408.
num_space_uncommitted: 0.
num_chunks_returned_to_freelist: 3.
num_chunks_taken_from_freelist: 1401.
num_chunk_merges: 3.
num_chunk_splits: 894.
num_chunks_enlarged: 608.
num_inconsistent_stats: 0.

CodeHeap 'non-profiled nmethods': size=120000Kb used=1687Kb max_used=1687Kb free=118312Kb
 bounds [0x000001d53e100000, 0x000001d53e370000, 0x000001d545630000]
CodeHeap 'profiled nmethods': size=120000Kb used=6707Kb max_used=6707Kb free=113292Kb
 bounds [0x000001d536630000, 0x000001d536cc0000, 0x000001d53db60000]
CodeHeap 'non-nmethods': size=5760Kb used=1250Kb max_used=1290Kb free=4509Kb
 bounds [0x000001d53db60000, 0x000001d53ddd0000, 0x000001d53e100000]
 total_blobs=3720 nmethods=3158 adapters=474
 compilation: enabled
              stopped_count=0, restarted_count=0
 full_count=0

Compilation events (20 events):
Event: 11.987 Thread 0x000001d54c5c14e0 3137       3       org.gradle.cache.internal.btree.FreeListBlockStore$FreeListEntry::<init> (7 bytes)
Event: 11.987 Thread 0x000001d54c5c14e0 nmethod 3137 0x000001d536cadf10 code [0x000001d536cae0c0, 0x000001d536cae2f8]
Event: 11.993 Thread 0x000001d54c5c14e0 3138       3       org.gradle.cache.internal.btree.BTreePersistentIndexedCache$IndexEntry::<init> (5 bytes)
Event: 11.993 Thread 0x000001d54c5c14e0 nmethod 3138 0x000001d536cae410 code [0x000001d536cae5c0, 0x000001d536cae778]
Event: 11.993 Thread 0x000001d54c5c14e0 3139       3       org.gradle.cache.internal.btree.BTreePersistentIndexedCache$IndexEntry::<init> (5 bytes)
Event: 11.993 Thread 0x000001d54c5c14e0 nmethod 3139 0x000001d536cae890 code [0x000001d536caea40, 0x000001d536caeb98]
Event: 12.016 Thread 0x000001d54c5c14e0 3140       3       java.util.concurrent.locks.ReentrantLock::lock (8 bytes)
Event: 12.016 Thread 0x000001d54c5c14e0 nmethod 3140 0x000001d536caec90 code [0x000001d536caee60, 0x000001d536caf118]
Event: 12.016 Thread 0x000001d54c5c14e0 3141       3       java.util.concurrent.locks.ReentrantLock$Sync::lock (13 bytes)
Event: 12.017 Thread 0x000001d54c5c14e0 nmethod 3141 0x000001d536caf210 code [0x000001d536caf3c0, 0x000001d536caf5f8]
Event: 12.018 Thread 0x000001d54c5c14e0 3143       3       java.lang.invoke.MemberName$Factory::resolveOrNull (54 bytes)
Event: 12.019 Thread 0x000001d54c5c14e0 nmethod 3143 0x000001d536caf690 code [0x000001d536caf860, 0x000001d536cafb08]
Event: 12.030 Thread 0x000001d54c5c14e0 3144       3       sun.security.provider.MD5::implCompress (13 bytes)
Event: 12.030 Thread 0x000001d54c5c14e0 nmethod 3144 0x000001d536cafc10 code [0x000001d536cafe00, 0x000001d536cb0248]
Event: 12.031 Thread 0x000001d54c5c14e0 3145       3       sun.security.provider.MD5::implCompressCheck (27 bytes)
Event: 12.031 Thread 0x000001d54c5c14e0 nmethod 3145 0x000001d536cb0410 code [0x000001d536cb05e0, 0x000001d536cb0998]
Event: 12.032 Thread 0x000001d54c5c14e0 3147       3       jdk.internal.org.objectweb.asm.MethodVisitor::visitEnd (15 bytes)
Event: 12.033 Thread 0x000001d54c5c14e0 nmethod 3147 0x000001d536cb0b10 code [0x000001d536cb0cc0, 0x000001d536cb0ec8]
Event: 12.034 Thread 0x000001d54c5c14e0 3151       3       java.util.ImmutableCollections$List12::<init> (20 bytes)
Event: 12.034 Thread 0x000001d54c5c14e0 nmethod 3151 0x000001d536cb0f90 code [0x000001d536cb1180, 0x000001d536cb1628]

GC Heap History (20 events):
Event: 1.646 GC heap before
{Heap before GC invocations=1 (full 0):
 garbage-first heap   total 57344K, used 22784K [0x0000000080000000, 0x0000000100000000)
  region size 1024K, 21 young (21504K), 2 survivors (2048K)
 Metaspace       used 1913K, committed 2112K, reserved 491520K
  class space    used 183K, committed 320K, reserved 425984K
}
Event: 1.654 GC heap after
{Heap after GC invocations=2 (full 0):
 garbage-first heap   total 57344K, used 9738K [0x0000000080000000, 0x0000000100000000)
  region size 1024K, 3 young (3072K), 3 survivors (3072K)
 Metaspace       used 1913K, committed 2112K, reserved 491520K
  class space    used 183K, committed 320K, reserved 425984K
}
Event: 2.881 GC heap before
{Heap before GC invocations=2 (full 0):
 garbage-first heap   total 57344K, used 40458K [0x0000000080000000, 0x0000000100000000)
  region size 1024K, 33 young (33792K), 3 survivors (3072K)
 Metaspace       used 4403K, committed 4608K, reserved 491520K
  class space    used 547K, committed 640K, reserved 425984K
}
Event: 2.889 GC heap after
{Heap after GC invocations=3 (full 0):
 garbage-first heap   total 57344K, used 11590K [0x0000000080000000, 0x0000000100000000)
  region size 1024K, 5 young (5120K), 5 survivors (5120K)
 Metaspace       used 4403K, committed 4608K, reserved 491520K
  class space    used 547K, committed 640K, reserved 425984K
}
Event: 3.568 GC heap before
{Heap before GC invocations=3 (full 0):
 garbage-first heap   total 57344K, used 39238K [0x0000000080000000, 0x0000000100000000)
  region size 1024K, 32 young (32768K), 5 survivors (5120K)
 Metaspace       used 4423K, committed 4608K, reserved 491520K
  class space    used 547K, committed 640K, reserved 425984K
}
Event: 3.575 GC heap after
{Heap after GC invocations=4 (full 0):
 garbage-first heap   total 57344K, used 11787K [0x0000000080000000, 0x0000000100000000)
  region size 1024K, 2 young (2048K), 2 survivors (2048K)
 Metaspace       used 4423K, committed 4608K, reserved 491520K
  class space    used 547K, committed 640K, reserved 425984K
}
Event: 5.334 GC heap before
{Heap before GC invocations=4 (full 0):
 garbage-first heap   total 57344K, used 43531K [0x0000000080000000, 0x0000000100000000)
  region size 1024K, 31 young (31744K), 2 survivors (2048K)
 Metaspace       used 7564K, committed 7744K, reserved 491520K
  class space    used 1018K, committed 1088K, reserved 425984K
}
Event: 5.345 GC heap after
{Heap after GC invocations=5 (full 0):
 garbage-first heap   total 57344K, used 17820K [0x0000000080000000, 0x0000000100000000)
  region size 1024K, 4 young (4096K), 4 survivors (4096K)
 Metaspace       used 7564K, committed 7744K, reserved 491520K
  class space    used 1018K, committed 1088K, reserved 425984K
}
Event: 6.520 GC heap before
{Heap before GC invocations=5 (full 0):
 garbage-first heap   total 57344K, used 41372K [0x0000000080000000, 0x0000000100000000)
  region size 1024K, 27 young (27648K), 4 survivors (4096K)
 Metaspace       used 12457K, committed 12672K, reserved 491520K
  class space    used 1665K, committed 1728K, reserved 425984K
}
Event: 6.531 GC heap after
{Heap after GC invocations=6 (full 0):
 garbage-first heap   total 57344K, used 20674K [0x0000000080000000, 0x0000000100000000)
  region size 1024K, 3 young (3072K), 3 survivors (3072K)
 Metaspace       used 12457K, committed 12672K, reserved 491520K
  class space    used 1665K, committed 1728K, reserved 425984K
}
Event: 8.043 GC heap before
{Heap before GC invocations=6 (full 0):
 garbage-first heap   total 57344K, used 43202K [0x0000000080000000, 0x0000000100000000)
  region size 1024K, 25 young (25600K), 3 survivors (3072K)
 Metaspace       used 15775K, committed 16128K, reserved 491520K
  class space    used 2199K, committed 2368K, reserved 425984K
}
Event: 8.049 GC heap after
{Heap after GC invocations=7 (full 0):
 garbage-first heap   total 57344K, used 21843K [0x0000000080000000, 0x0000000100000000)
  region size 1024K, 2 young (2048K), 2 survivors (2048K)
 Metaspace       used 15775K, committed 16128K, reserved 491520K
  class space    used 2199K, committed 2368K, reserved 425984K
}
Event: 9.105 GC heap before
{Heap before GC invocations=7 (full 0):
 garbage-first heap   total 57344K, used 43347K [0x0000000080000000, 0x0000000100000000)
  region size 1024K, 23 young (23552K), 2 survivors (2048K)
 Metaspace       used 18530K, committed 18816K, reserved 491520K
  class space    used 2674K, committed 2816K, reserved 425984K
}
Event: 9.110 GC heap after
{Heap after GC invocations=8 (full 0):
 garbage-first heap   total 57344K, used 22852K [0x0000000080000000, 0x0000000100000000)
  region size 1024K, 3 young (3072K), 3 survivors (3072K)
 Metaspace       used 18530K, committed 18816K, reserved 491520K
  class space    used 2674K, committed 2816K, reserved 425984K
}
Event: 10.461 GC heap before
{Heap before GC invocations=8 (full 0):
 garbage-first heap   total 57344K, used 43332K [0x0000000080000000, 0x0000000100000000)
  region size 1024K, 24 young (24576K), 3 survivors (3072K)
 Metaspace       used 20918K, committed 21248K, reserved 491520K
  class space    used 3045K, committed 3200K, reserved 425984K
}
Event: 10.469 GC heap after
{Heap after GC invocations=9 (full 0):
 garbage-first heap   total 57344K, used 24594K [0x0000000080000000, 0x0000000100000000)
  region size 1024K, 3 young (3072K), 3 survivors (3072K)
 Metaspace       used 20918K, committed 21248K, reserved 491520K
  class space    used 3045K, committed 3200K, reserved 425984K
}
Event: 10.592 GC heap before
{Heap before GC invocations=9 (full 0):
 garbage-first heap   total 57344K, used 27666K [0x0000000080000000, 0x0000000100000000)
  region size 1024K, 7 young (7168K), 3 survivors (3072K)
 Metaspace       used 21209K, committed 21504K, reserved 491520K
  class space    used 3087K, committed 3200K, reserved 425984K
}
Event: 10.598 GC heap after
{Heap after GC invocations=10 (full 0):
 garbage-first heap   total 57344K, used 24940K [0x0000000080000000, 0x0000000100000000)
  region size 1024K, 1 young (1024K), 1 survivors (1024K)
 Metaspace       used 21209K, committed 21504K, reserved 491520K
  class space    used 3087K, committed 3200K, reserved 425984K
}
Event: 11.460 GC heap before
{Heap before GC invocations=11 (full 0):
 garbage-first heap   total 57344K, used 44396K [0x0000000080000000, 0x0000000100000000)
  region size 1024K, 21 young (21504K), 1 survivors (1024K)
 Metaspace       used 23906K, committed 24256K, reserved 491520K
  class space    used 3504K, committed 3648K, reserved 425984K
}
Event: 11.463 GC heap after
{Heap after GC invocations=12 (full 0):
 garbage-first heap   total 57344K, used 25250K [0x0000000080000000, 0x0000000100000000)
  region size 1024K, 1 young (1024K), 1 survivors (1024K)
 Metaspace       used 23906K, committed 24256K, reserved 491520K
  class space    used 3504K, committed 3648K, reserved 425984K
}

Dll operation events (15 events):
Event: 0.023 Loaded shared library C:\Program Files\Eclipse Adoptium\jdk-17.0.19.10-hotspot\bin\java.dll
Event: 0.055 Loaded shared library C:\Program Files\Eclipse Adoptium\jdk-17.0.19.10-hotspot\bin\jsvml.dll
Event: 0.184 Loaded shared library C:\Program Files\Eclipse Adoptium\jdk-17.0.19.10-hotspot\bin\zip.dll
Event: 0.190 Loaded shared library C:\Program Files\Eclipse Adoptium\jdk-17.0.19.10-hotspot\bin\instrument.dll
Event: 0.198 Loaded shared library C:\Program Files\Eclipse Adoptium\jdk-17.0.19.10-hotspot\bin\net.dll
Event: 0.201 Loaded shared library C:\Program Files\Eclipse Adoptium\jdk-17.0.19.10-hotspot\bin\nio.dll
Event: 0.208 Loaded shared library C:\Program Files\Eclipse Adoptium\jdk-17.0.19.10-hotspot\bin\zip.dll
Event: 0.955 Loaded shared library C:\Program Files\Eclipse Adoptium\jdk-17.0.19.10-hotspot\bin\jimage.dll
Event: 1.442 Loaded shared library C:\Program Files\Eclipse Adoptium\jdk-17.0.19.10-hotspot\bin\verify.dll
Event: 1.694 Loaded shared library C:\Users\HP\.gradle\native\1def1411415f61bf3af743bc5b6707747c0891f09f0c88961ee8f79bc544acac\windows-amd64\native-platform.dll
Event: 1.733 Loaded shared library C:\Users\HP\.gradle\native\0.2.7\x86_64-windows-gnu\gradle-fileevents.dll
Event: 4.483 Loaded shared library C:\Program Files\Eclipse Adoptium\jdk-17.0.19.10-hotspot\bin\management.dll
Event: 4.492 Loaded shared library C:\Program Files\Eclipse Adoptium\jdk-17.0.19.10-hotspot\bin\management_ext.dll
Event: 5.133 Loaded shared library C:\Program Files\Eclipse Adoptium\jdk-17.0.19.10-hotspot\bin\extnet.dll
Event: 5.751 Loaded shared library C:\Program Files\Eclipse Adoptium\jdk-17.0.19.10-hotspot\bin\sunmscapi.dll

Deoptimization events (20 events):
Event: 11.346 Thread 0x000001d56cc64e80 Uncommon trap: trap_request=0xffffff45 fr.pc=0x000001d53e140284 relative=0x0000000000000064
Event: 11.346 Thread 0x000001d56cc64e80 Uncommon trap: reason=unstable_if action=reinterpret pc=0x000001d53e140284 method=java.io.WinNTFileSystem.isSlash(C)Z @ 9 c2
Event: 11.346 Thread 0x000001d56cc64e80 DEOPT PACKING pc=0x000001d53e140284 sp=0x00000080c9ef6c80
Event: 11.346 Thread 0x000001d56cc64e80 DEOPT UNPACKING pc=0x000001d53dbb69a3 sp=0x00000080c9ef6c08 mode 2
Event: 11.375 Thread 0x000001d56cc64e80 Uncommon trap: trap_request=0xffffffc6 fr.pc=0x000001d53e1eb140 relative=0x0000000000000da0
Event: 11.375 Thread 0x000001d56cc64e80 Uncommon trap: reason=bimorphic_or_optimized_type_check action=maybe_recompile pc=0x000001d53e1eb140 method=java.util.Properties$LineReader.readLine()I @ 479 c2
Event: 11.375 Thread 0x000001d56cc64e80 DEOPT PACKING pc=0x000001d53e1eb140 sp=0x00000080c9efad90
Event: 11.375 Thread 0x000001d56cc64e80 DEOPT UNPACKING pc=0x000001d53dbb69a3 sp=0x00000080c9efad30 mode 2
Event: 11.809 Thread 0x000001d56cc64e80 Uncommon trap: trap_request=0xffffffde fr.pc=0x000001d53e10cc44 relative=0x00000000000001a4
Event: 11.809 Thread 0x000001d56cc64e80 Uncommon trap: reason=class_check action=maybe_recompile pc=0x000001d53e10cc44 method=java.lang.String.equals(Ljava/lang/Object;)Z @ 8 c2
Event: 11.809 Thread 0x000001d56cc64e80 DEOPT PACKING pc=0x000001d53e10cc44 sp=0x00000080c9efa9c0
Event: 11.809 Thread 0x000001d56cc64e80 DEOPT UNPACKING pc=0x000001d53dbb69a3 sp=0x00000080c9efa968 mode 2
Event: 11.815 Thread 0x000001d56cc64e80 Uncommon trap: trap_request=0xffffffde fr.pc=0x000001d53e10cc44 relative=0x00000000000001a4
Event: 11.815 Thread 0x000001d56cc64e80 Uncommon trap: reason=class_check action=maybe_recompile pc=0x000001d53e10cc44 method=java.lang.String.equals(Ljava/lang/Object;)Z @ 8 c2
Event: 11.815 Thread 0x000001d56cc64e80 DEOPT PACKING pc=0x000001d53e10cc44 sp=0x00000080c9efa6f0
Event: 11.815 Thread 0x000001d56cc64e80 DEOPT UNPACKING pc=0x000001d53dbb69a3 sp=0x00000080c9efa698 mode 2
Event: 11.890 Thread 0x000001d56cc64e80 Uncommon trap: trap_request=0xffffff45 fr.pc=0x000001d53e1e1b24 relative=0x0000000000000084
Event: 11.890 Thread 0x000001d56cc64e80 Uncommon trap: reason=unstable_if action=reinterpret pc=0x000001d53e1e1b24 method=jdk.internal.loader.URLClassPath$JarLoader.getResource(Ljava/lang/String;ZLjava/util/Set;)Ljdk/internal/loader/Resource; @ 17 c2
Event: 11.890 Thread 0x000001d56cc64e80 DEOPT PACKING pc=0x000001d53e1e1b24 sp=0x00000080c9ef6080
Event: 11.890 Thread 0x000001d56cc64e80 DEOPT UNPACKING pc=0x000001d53dbb69a3 sp=0x00000080c9ef5fc8 mode 2

Classes loaded (20 events):
Event: 11.840 Loading class java/io/StringReader
Event: 11.843 Loading class java/io/StringReader done
Event: 11.890 Loading class java/util/zip/ZipFile$ZipEntryIterator
Event: 11.890 Loading class java/util/zip/ZipFile$ZipEntryIterator done
Event: 11.901 Loading class java/math/MutableBigInteger
Event: 11.905 Loading class java/math/MutableBigInteger done
Event: 11.952 Loading class sun/nio/fs/WindowsPath$1
Event: 11.955 Loading class sun/nio/fs/WindowsPath$1 done
Event: 11.993 Loading class java/nio/file/FileTreeWalker
Event: 11.994 Loading class java/nio/file/FileTreeWalker done
Event: 11.995 Loading class java/nio/file/FileTreeWalker$DirectoryNode
Event: 11.995 Loading class java/nio/file/FileTreeWalker$DirectoryNode done
Event: 11.995 Loading class java/nio/file/FileTreeWalker$Event
Event: 11.995 Loading class java/nio/file/FileTreeWalker$Event done
Event: 11.995 Loading class java/nio/file/FileTreeWalker$EventType
Event: 11.996 Loading class java/nio/file/FileTreeWalker$EventType done
Event: 11.996 Loading class java/nio/file/Files$3
Event: 11.997 Loading class java/nio/file/Files$3 done
Event: 11.998 Loading class java/nio/file/FileVisitResult
Event: 11.998 Loading class java/nio/file/FileVisitResult done

Classes unloaded (0 events):
No events

Classes redefined (0 events):
No events

Internal exceptions (20 events):
Event: 10.531 Thread 0x000001d56cc64e80 Exception <a 'java/lang/NoSuchMethodError'{0x000000008369aba8}: 'java.lang.Object java.lang.invoke.DirectMethodHandle$Holder.invokeStatic(java.lang.Object, java.lang.Object, java.lang.Object, java.lang.Object, java.lang.Object, java.lang.Object, java.lang.Object, java.lang.Object, java.lang.Object, java.lang.Object, java.lang.Object, java.lang.Object, java.lang.Object, java.lang.Object, java.lang.Object, java.lang.Object, java.lang.Object, java.lang.Object, java.lang.Object, java.lang.Object, java.lang.Obj
Event: 10.539 Thread 0x000001d56cc64e80 Exception <a 'java/lang/NoSuchMethodError'{0x00000000836cc360}: 'java.lang.Object java.lang.invoke.DirectMethodHandle$Holder.invokeStatic(java.lang.Object, java.lang.Object, java.lang.Object, java.lang.Object, java.lang.Object, java.lang.Object, java.lang.Object, java.lang.Object, java.lang.Object, java.lang.Object, java.lang.Object, java.lang.Object, java.lang.Object, java.lang.Object, java.lang.Object, java.lang.Object, java.lang.Object, java.lang.Object, java.lang.Object, java.lang.Object, java.lang.Obj
Event: 10.543 Thread 0x000001d56cc64e80 Exception <a 'java/lang/NoSuchMethodError'{0x00000000836ff350}: 'java.lang.Object java.lang.invoke.DirectMethodHandle$Holder.invokeStatic(java.lang.Object, java.lang.Object, java.lang.Object, java.lang.Object, java.lang.Object, java.lang.Object, java.lang.Object, java.lang.Object, java.lang.Object, java.lang.Object, java.lang.Object, java.lang.Object, java.lang.Object, java.lang.Object, java.lang.Object, java.lang.Object, java.lang.Object, java.lang.Object, java.lang.Object, java.lang.Object, java.lang.Obj
Event: 10.616 Thread 0x000001d56cc64e80 Exception <a 'java/lang/NoSuchMethodError'{0x000000008377b738}: 'java.lang.Object java.lang.invoke.DirectMethodHandle$Holder.invokeStaticInit(java.lang.Object, java.lang.Object, java.lang.Object, java.lang.Object)'> (0x000000008377b738) 
thrown [s\src\hotspot\share\interpreter\linkResolver.cpp, line 759]
Event: 10.695 Thread 0x000001d56cc64e80 Exception <a 'java/lang/NoSuchMethodError'{0x0000000083541888}: 'java.lang.Object java.lang.invoke.DirectMethodHandle$Holder.newInvokeSpecial(java.lang.Object, java.lang.Object, java.lang.Object, java.lang.Object, java.lang.Object, java.lang.Object, java.lang.Object, java.lang.Object)'> (0x0000000083541888) 
thrown [s\src\hotspot\share\interpreter\linkResolver.cpp, line 759]
Event: 10.696 Thread 0x000001d56cc64e80 Exception <a 'java/lang/NoSuchMethodError'{0x0000000083547290}: 'java.lang.Object java.lang.invoke.DirectMethodHandle$Holder.invokeSpecial(java.lang.Object, java.lang.Object, java.lang.Object, java.lang.Object, java.lang.Object, java.lang.Object, java.lang.Object, java.lang.Object, java.lang.Object)'> (0x0000000083547290) 
thrown [s\src\hotspot\share\interpreter\linkResolver.cpp, line 759]
Event: 10.696 Thread 0x000001d56cc64e80 Exception <a 'java/lang/NoSuchMethodError'{0x000000008354c640}: 'java.lang.Object java.lang.invoke.Invokers$Holder.linkToTargetMethod(java.lang.Object, java.lang.Object, java.lang.Object, java.lang.Object, java.lang.Object, java.lang.Object, java.lang.Object, java.lang.Object)'> (0x000000008354c640) 
thrown [s\src\hotspot\share\interpreter\linkResolver.cpp, line 759]
Event: 10.816 Thread 0x000001d56cc64e80 Exception <a 'java/lang/NoSuchMethodError'{0x000000008326ca20}: 'void java.lang.invoke.DirectMethodHandle$Holder.invokeStaticInit(java.lang.Object, java.lang.Object)'> (0x000000008326ca20) 
thrown [s\src\hotspot\share\interpreter\linkResolver.cpp, line 759]
Event: 11.048 Thread 0x000001d56cc64e80 Exception <a 'java/lang/NoSuchMethodError'{0x0000000082c85448}: 'int java.lang.invoke.DirectMethodHandle$Holder.invokeVirtual(java.lang.Object, java.lang.Object)'> (0x0000000082c85448) 
thrown [s\src\hotspot\share\interpreter\linkResolver.cpp, line 759]
Event: 11.064 Thread 0x000001d56cc667d0 Exception <a 'java/lang/NoSuchMethodError'{0x0000000082b01550}: static Lorg/gradle/internal/build/event/types/DefaultOperationFinishedProgressEvent;.<clinit>()V> (0x0000000082b01550) 
thrown [s\src\hotspot\share\prims\jni.cpp, line 1112]
Event: 11.068 Thread 0x000001d56cc667d0 Exception <a 'java/lang/NoSuchMethodError'{0x0000000082b798f0}: static Lorg/gradle/internal/build/event/types/DefaultSuccessResult;.<clinit>()V> (0x0000000082b798f0) 
thrown [s\src\hotspot\share\prims\jni.cpp, line 1112]
Event: 11.068 Thread 0x000001d56cc667d0 Exception <a 'java/lang/NoSuchMethodError'{0x0000000082b7a690}: static Lorg/gradle/internal/build/event/types/AbstractOperationResult;.<clinit>()V> (0x0000000082b7a690) 
thrown [s\src\hotspot\share\prims\jni.cpp, line 1112]
Event: 11.068 Thread 0x000001d56cc667d0 Exception <a 'java/lang/NoSuchMethodError'{0x0000000082b7b700}: static Lorg/gradle/internal/build/event/types/AbstractResult;.<clinit>()V> (0x0000000082b7b700) 
thrown [s\src\hotspot\share\prims\jni.cpp, line 1112]
Event: 11.084 Thread 0x000001d56cc64e80 Exception <a 'java/lang/NoSuchMethodError'{0x0000000082b87028}: 'java.lang.Object java.lang.invoke.DirectMethodHandle$Holder.newInvokeSpecial(java.lang.Object, java.lang.Object, java.lang.Object, int)'> (0x0000000082b87028) 
thrown [s\src\hotspot\share\interpreter\linkResolver.cpp, line 759]
Event: 11.084 Thread 0x000001d56cc64e80 Exception <a 'java/lang/NoSuchMethodError'{0x0000000082b8b6b0}: 'java.lang.Object java.lang.invoke.DirectMethodHandle$Holder.invokeSpecial(java.lang.Object, java.lang.Object, java.lang.Object, java.lang.Object, int)'> (0x0000000082b8b6b0) 
thrown [s\src\hotspot\share\interpreter\linkResolver.cpp, line 759]
Event: 11.085 Thread 0x000001d56cc64e80 Exception <a 'java/lang/NoSuchMethodError'{0x0000000082b8f520}: 'java.lang.Object java.lang.invoke.Invokers$Holder.linkToTargetMethod(java.lang.Object, java.lang.Object, int, java.lang.Object)'> (0x0000000082b8f520) 
thrown [s\src\hotspot\share\interpreter\linkResolver.cpp, line 759]
Event: 11.095 Thread 0x000001d56cc64e80 Exception <a 'java/lang/NoSuchMethodError'{0x0000000082bbc9e0}: 'java.lang.Object java.lang.invoke.DirectMethodHandle$Holder.invokeStatic(java.lang.Object, java.lang.Object, int, java.lang.Object)'> (0x0000000082bbc9e0) 
thrown [s\src\hotspot\share\interpreter\linkResolver.cpp, line 759]
Event: 11.928 Thread 0x000001d56cc64e80 Exception <a 'java/lang/IncompatibleClassChangeError'{0x0000000082fcc690}: Found class java.lang.Object, but interface was expected> (0x0000000082fcc690) 
thrown [s\src\hotspot\share\interpreter\linkResolver.cpp, line 826]
Event: 11.969 Thread 0x000001d56cc64e80 Exception <a 'java/lang/NoSuchMethodError'{0x0000000082ebc458}: 'java.lang.Object java.lang.invoke.DirectMethodHandle$Holder.newInvokeSpecial(java.lang.Object, java.lang.Object, long)'> (0x0000000082ebc458) 
thrown [s\src\hotspot\share\interpreter\linkResolver.cpp, line 759]
Event: 11.971 Thread 0x000001d56cc64e80 Exception <a 'java/lang/NoSuchMethodError'{0x0000000082ec0d10}: 'java.lang.Object java.lang.invoke.Invokers$Holder.linkToTargetMethod(java.lang.Object, long, java.lang.Object)'> (0x0000000082ec0d10) 
thrown [s\src\hotspot\share\interpreter\linkResolver.cpp, line 759]

VM Operations (20 events):
Event: 10.461 Executing VM operation: G1CollectForAllocation
Event: 10.469 Executing VM operation: G1CollectForAllocation done
Event: 10.592 Executing VM operation: CollectForMetadataAllocation
Event: 10.598 Executing VM operation: CollectForMetadataAllocation done
Event: 10.633 Executing VM operation: G1PauseRemark
Event: 10.636 Executing VM operation: G1PauseRemark done
Event: 10.652 Executing VM operation: G1PauseCleanup
Event: 10.652 Executing VM operation: G1PauseCleanup done
Event: 11.248 Executing VM operation: HandshakeAllThreads
Event: 11.248 Executing VM operation: HandshakeAllThreads done
Event: 11.380 Executing VM operation: HandshakeAllThreads
Event: 11.380 Executing VM operation: HandshakeAllThreads done
Event: 11.460 Executing VM operation: G1CollectForAllocation
Event: 11.463 Executing VM operation: G1CollectForAllocation done
Event: 11.933 Executing VM operation: HandshakeAllThreads
Event: 11.934 Executing VM operation: HandshakeAllThreads done
Event: 11.977 Executing VM operation: HandshakeAllThreads
Event: 11.978 Executing VM operation: HandshakeAllThreads done
Event: 11.979 Executing VM operation: HandshakeAllThreads
Event: 11.979 Executing VM operation: HandshakeAllThreads done

Memory protections (0 events):
No events

Nmethod flushes (0 events):
No events

Events (20 events):
Event: 0.080 Thread 0x000001d52eaacce0 Thread added: 0x000001d54c5b7af0
Event: 0.121 Thread 0x000001d52eaacce0 Thread added: 0x000001d54c5b5c90
Event: 0.237 Thread 0x000001d52eaacce0 Thread added: 0x000001d54c5b66b0
Event: 4.621 Thread 0x000001d52eaacce0 Thread added: 0x000001d54c5b8510
Event: 5.563 Thread 0x000001d52eaacce0 Thread added: 0x000001d54c5b5780
Event: 5.733 Thread 0x000001d52eaacce0 Thread added: 0x000001d54c5b61a0
Event: 5.828 Thread 0x000001d54c5b5780 Thread added: 0x000001d54c5b6bc0
Event: 5.833 Thread 0x000001d54c5b6bc0 Thread added: 0x000001d54c5b8a20
Event: 5.933 Thread 0x000001d54c5b6bc0 Thread added: 0x000001d54c5b5270
Event: 5.954 Thread 0x000001d54c5b6bc0 Thread added: 0x000001d56cc64e80
Event: 5.980 Thread 0x000001d56cc64e80 Thread added: 0x000001d56cc63530
Event: 5.987 Thread 0x000001d56cc64e80 Thread added: 0x000001d56cc662c0
Event: 5.993 Thread 0x000001d56cc64e80 Thread added: 0x000001d56cc667d0
Event: 7.176 Thread 0x000001d56cc64e80 Thread added: 0x000001d56cc65390
Event: 7.215 Thread 0x000001d56cc64e80 Thread added: 0x000001d56cc63a40
Event: 7.462 Thread 0x000001d56cc64e80 Thread added: 0x000001d56cc658a0
Event: 10.383 Thread 0x000001d56cc64e80 Thread added: 0x000001d56cc63f50
Event: 10.416 Thread 0x000001d56cc64e80 Thread added: 0x000001d56cc671f0
Event: 11.033 Thread 0x000001d56cc64e80 Thread added: 0x000001d56cc64970
Event: 11.045 Thread 0x000001d56cc64e80 Thread added: 0x000001d56cc67700


Dynamic libraries:
0x00007ff7923e0000 - 0x00007ff7923ee000 	C:\Program Files\Eclipse Adoptium\jdk-17.0.19.10-hotspot\bin\java.exe
0x00007ffdad120000 - 0x00007ffdad386000 	C:\WINDOWS\SYSTEM32\ntdll.dll
0x00007ffdab4a0000 - 0x00007ffdab569000 	C:\WINDOWS\System32\KERNEL32.DLL
0x00007ffdaa4e0000 - 0x00007ffdaa8de000 	C:\WINDOWS\System32\KERNELBASE.dll
0x00007ffdaaba0000 - 0x00007ffdaacec000 	C:\WINDOWS\System32\ucrtbase.dll
0x00007ffd7dfa0000 - 0x00007ffd7dfb8000 	C:\Program Files\Eclipse Adoptium\jdk-17.0.19.10-hotspot\bin\jli.dll
0x00007ffdac990000 - 0x00007ffdacb57000 	C:\WINDOWS\System32\USER32.dll
0x00007ffdaa340000 - 0x00007ffdaa367000 	C:\WINDOWS\System32\win32u.dll
0x00007ffdace00000 - 0x00007ffdace2b000 	C:\WINDOWS\System32\GDI32.dll
0x00007ffdaa8f0000 - 0x00007ffdaaa1a000 	C:\WINDOWS\System32\gdi32full.dll
0x00007ffdaa370000 - 0x00007ffdaa413000 	C:\WINDOWS\System32\msvcp_win.dll
0x00007ffd7df20000 - 0x00007ffd7df3e000 	C:\Program Files\Eclipse Adoptium\jdk-17.0.19.10-hotspot\bin\VCRUNTIME140.dll
0x00007ffd90f40000 - 0x00007ffd911d2000 	C:\WINDOWS\WinSxS\amd64_microsoft.windows.common-controls_6595b64144ccf1df_6.0.26100.8894_none_3e0f749ee32e02ea\COMCTL32.dll
0x00007ffdace30000 - 0x00007ffdaced9000 	C:\WINDOWS\System32\msvcrt.dll
0x00007ffdad0a0000 - 0x00007ffdad0d2000 	C:\WINDOWS\System32\IMM32.DLL
0x00007ffd854c0000 - 0x00007ffd854cc000 	C:\Program Files\Eclipse Adoptium\jdk-17.0.19.10-hotspot\bin\vcruntime140_1.dll
0x00007ffd3fb80000 - 0x00007ffd3fc0d000 	C:\Program Files\Eclipse Adoptium\jdk-17.0.19.10-hotspot\bin\msvcp140.dll
0x00007ffd01fb0000 - 0x00007ffd02c1c000 	C:\Program Files\Eclipse Adoptium\jdk-17.0.19.10-hotspot\bin\server\jvm.dll
0x00007ffdabc90000 - 0x00007ffdabd47000 	C:\WINDOWS\System32\ADVAPI32.dll
0x00007ffdab3f0000 - 0x00007ffdab49a000 	C:\WINDOWS\System32\sechost.dll
0x00007ffdacf70000 - 0x00007ffdad088000 	C:\WINDOWS\System32\RPCRT4.dll
0x00007ffdab050000 - 0x00007ffdab0d0000 	C:\WINDOWS\System32\WS2_32.dll
0x00007ffdaa1c0000 - 0x00007ffdaa21e000 	C:\WINDOWS\SYSTEM32\POWRPROF.dll
0x00007ffda2df0000 - 0x00007ffda2e26000 	C:\WINDOWS\SYSTEM32\WINMM.dll
0x00007ffda4270000 - 0x00007ffda427b000 	C:\WINDOWS\SYSTEM32\VERSION.dll
0x00007ffdaa1a0000 - 0x00007ffdaa1b4000 	C:\WINDOWS\SYSTEM32\UMPDC.dll
0x00007ffda8fe0000 - 0x00007ffda8ffb000 	C:\WINDOWS\SYSTEM32\kernel.appcore.dll
0x00007ffd84060000 - 0x00007ffd8406a000 	C:\Program Files\Eclipse Adoptium\jdk-17.0.19.10-hotspot\bin\jimage.dll
0x00007ffda02e0000 - 0x00007ffda0522000 	C:\WINDOWS\SYSTEM32\DBGHELP.DLL
0x00007ffdac590000 - 0x00007ffdac913000 	C:\WINDOWS\System32\combase.dll
0x00007ffdabbb0000 - 0x00007ffdabc89000 	C:\WINDOWS\System32\OLEAUT32.dll
0x00007ffd8fdc0000 - 0x00007ffd8fdfb000 	C:\WINDOWS\SYSTEM32\dbgcore.DLL
0x00007ffdaa420000 - 0x00007ffdaa4cc000 	C:\WINDOWS\System32\bcryptPrimitives.dll
0x00007ffd7f590000 - 0x00007ffd7f59e000 	C:\Program Files\Eclipse Adoptium\jdk-17.0.19.10-hotspot\bin\instrument.dll
0x00007ffd52bd0000 - 0x00007ffd52bf5000 	C:\Program Files\Eclipse Adoptium\jdk-17.0.19.10-hotspot\bin\java.dll
0x00007ffd341a0000 - 0x00007ffd34277000 	C:\Program Files\Eclipse Adoptium\jdk-17.0.19.10-hotspot\bin\jsvml.dll
0x00007ffdabdf0000 - 0x00007ffdac582000 	C:\WINDOWS\System32\SHELL32.dll
0x00007ffda7dc0000 - 0x00007ffda8652000 	C:\WINDOWS\SYSTEM32\windows.storage.dll
0x00007ffdab2e0000 - 0x00007ffdab3d7000 	C:\WINDOWS\System32\SHCORE.dll
0x00007ffdac920000 - 0x00007ffdac987000 	C:\WINDOWS\System32\shlwapi.dll
0x00007ffdaa260000 - 0x00007ffdaa289000 	C:\WINDOWS\SYSTEM32\profapi.dll
0x00007ffd7aa90000 - 0x00007ffd7aaa8000 	C:\Program Files\Eclipse Adoptium\jdk-17.0.19.10-hotspot\bin\zip.dll
0x00007ffd52b70000 - 0x00007ffd52b8a000 	C:\Program Files\Eclipse Adoptium\jdk-17.0.19.10-hotspot\bin\net.dll
0x00007ffda00f0000 - 0x00007ffda0217000 	C:\WINDOWS\SYSTEM32\WINHTTP.dll
0x00007ffda9570000 - 0x00007ffda95dc000 	C:\WINDOWS\system32\mswsock.dll
0x00007ffd52b50000 - 0x00007ffd52b66000 	C:\Program Files\Eclipse Adoptium\jdk-17.0.19.10-hotspot\bin\nio.dll
0x00007ffd7df90000 - 0x00007ffd7dfa0000 	C:\Program Files\Eclipse Adoptium\jdk-17.0.19.10-hotspot\bin\verify.dll
0x00007ffd41cd0000 - 0x00007ffd41cf7000 	C:\Users\HP\.gradle\native\1def1411415f61bf3af743bc5b6707747c0891f09f0c88961ee8f79bc544acac\windows-amd64\native-platform.dll
0x00007ffd52c20000 - 0x00007ffd52c98000 	C:\Users\HP\.gradle\native\0.2.7\x86_64-windows-gnu\gradle-fileevents.dll
0x00007ffd7df10000 - 0x00007ffd7df1a000 	C:\Program Files\Eclipse Adoptium\jdk-17.0.19.10-hotspot\bin\management.dll
0x00007ffd7def0000 - 0x00007ffd7defc000 	C:\Program Files\Eclipse Adoptium\jdk-17.0.19.10-hotspot\bin\management_ext.dll
0x00007ffdab3e0000 - 0x00007ffdab3e8000 	C:\WINDOWS\System32\PSAPI.DLL
0x00007ffda8990000 - 0x00007ffda89c3000 	C:\WINDOWS\SYSTEM32\IPHLPAPI.DLL
0x00007ffdad090000 - 0x00007ffdad09a000 	C:\WINDOWS\System32\NSI.dll
0x00007ffd9fe70000 - 0x00007ffd9fe8d000 	C:\WINDOWS\SYSTEM32\dhcpcsvc6.DLL
0x00007ffd9ff90000 - 0x00007ffd9ffb5000 	C:\WINDOWS\SYSTEM32\dhcpcsvc.DLL
0x00007ffda8a20000 - 0x00007ffda8b76000 	C:\WINDOWS\SYSTEM32\DNSAPI.dll
0x00007ffda9390000 - 0x00007ffda939d000 	C:\WINDOWS\SYSTEM32\DSPARSE.dll
0x00007ffd7dea0000 - 0x00007ffd7dea9000 	C:\Program Files\Eclipse Adoptium\jdk-17.0.19.10-hotspot\bin\extnet.dll
0x00007ffda99a0000 - 0x00007ffda99bb000 	C:\WINDOWS\SYSTEM32\CRYPTSP.dll
0x00007ffda8f40000 - 0x00007ffda8f79000 	C:\WINDOWS\system32\rsaenh.dll
0x00007ffda9630000 - 0x00007ffda9662000 	C:\WINDOWS\SYSTEM32\USERENV.dll
0x00007ffdaa230000 - 0x00007ffdaa25a000 	C:\WINDOWS\SYSTEM32\bcrypt.dll
0x00007ffda97e0000 - 0x00007ffda97ec000 	C:\WINDOWS\SYSTEM32\CRYPTBASE.dll
0x00007ffd7acb0000 - 0x00007ffd7acbe000 	C:\Program Files\Eclipse Adoptium\jdk-17.0.19.10-hotspot\bin\sunmscapi.dll
0x00007ffdaaa20000 - 0x00007ffdaab98000 	C:\WINDOWS\System32\CRYPT32.dll
0x00007ffda9b10000 - 0x00007ffda9b40000 	C:\WINDOWS\SYSTEM32\ncrypt.dll
0x00007ffda9ac0000 - 0x00007ffda9aff000 	C:\WINDOWS\SYSTEM32\NTASN1.dll
0x00007ffd47850000 - 0x00007ffd47858000 	C:\WINDOWS\system32\wshunix.dll

dbghelp: loaded successfully - version: 4.0.5 - missing functions: none
symbol engine: initialized successfully - sym options: 0x614 - pdb path: .;C:\Program Files\Eclipse Adoptium\jdk-17.0.19.10-hotspot\bin;C:\WINDOWS\SYSTEM32;C:\WINDOWS\WinSxS\amd64_microsoft.windows.common-controls_6595b64144ccf1df_6.0.26100.8894_none_3e0f749ee32e02ea;C:\Program Files\Eclipse Adoptium\jdk-17.0.19.10-hotspot\bin\server;C:\Users\HP\.gradle\native\1def1411415f61bf3af743bc5b6707747c0891f09f0c88961ee8f79bc544acac\windows-amd64;C:\Users\HP\.gradle\native\0.2.7\x86_64-windows-gnu

VM Arguments:
jvm_args: --add-opens=java.base/java.lang=ALL-UNNAMED --add-opens=java.base/java.lang.invoke=ALL-UNNAMED --add-opens=java.base/java.util=ALL-UNNAMED --add-opens=java.prefs/java.util.prefs=ALL-UNNAMED --add-exports=jdk.compiler/com.sun.tools.javac.api=ALL-UNNAMED --add-exports=jdk.compiler/com.sun.tools.javac.util=ALL-UNNAMED --add-opens=java.base/java.util=ALL-UNNAMED --add-opens=java.prefs/java.util.prefs=ALL-UNNAMED --add-opens=java.base/java.nio.charset=ALL-UNNAMED --add-opens=java.base/java.net=ALL-UNNAMED --add-opens=java.base/java.util.concurrent.atomic=ALL-UNNAMED --add-opens=java.xml/javax.xml.namespace=ALL-UNNAMED -XX:MaxMetaspaceSize=512m -Xmx2048m -Dfile.encoding=UTF-8 -Duser.country=US -Duser.language=en -Duser.variant -javaagent:C:\Users\HP\.gradle\wrapper\dists\gradle-8.14.3-all\10utluxaxniiv4wxiphsi49nj\gradle-8.14.3\lib\agents\gradle-instrumentation-agent-8.14.3.jar 
java_command: org.gradle.launcher.daemon.bootstrap.GradleDaemon 8.14.3
java_class_path (initial): C:\Users\HP\.gradle\wrapper\dists\gradle-8.14.3-all\10utluxaxniiv4wxiphsi49nj\gradle-8.14.3\lib\gradle-daemon-main-8.14.3.jar
Launcher Type: SUN_STANDARD

[Global flags]
     intx CICompilerCount                          = 3                                         {product} {ergonomic}
   size_t CompressedClassSpaceSize                 = 436207616                                 {product} {ergonomic}
     uint ConcGCThreads                            = 1                                         {product} {ergonomic}
     uint G1ConcRefinementThreads                  = 4                                         {product} {ergonomic}
   size_t G1HeapRegionSize                         = 1048576                                   {product} {ergonomic}
    uintx GCDrainStackTargetSize                   = 64                                        {product} {ergonomic}
   size_t InitialHeapSize                          = 58720256                                  {product} {ergonomic}
   size_t MarkStackSize                            = 4194304                                   {product} {ergonomic}
   size_t MaxHeapSize                              = 2147483648                                {product} {command line}
   size_t MaxMetaspaceSize                         = 536870912                                 {product} {command line}
   size_t MaxNewSize                               = 1287651328                                {product} {ergonomic}
   size_t MinHeapDeltaBytes                        = 1048576                                   {product} {ergonomic}
   size_t MinHeapSize                              = 8388608                                   {product} {ergonomic}
    uintx NonNMethodCodeHeapSize                   = 5832780                                {pd product} {ergonomic}
    uintx NonProfiledCodeHeapSize                  = 122912730                              {pd product} {ergonomic}
    uintx ProfiledCodeHeapSize                     = 122912730                              {pd product} {ergonomic}
    uintx ReservedCodeCacheSize                    = 251658240                              {pd product} {ergonomic}
     bool SegmentedCodeCache                       = true                                      {product} {ergonomic}
   size_t SoftMaxHeapSize                          = 2147483648                             {manageable} {ergonomic}
     bool UseCompressedClassPointers               = true                           {product lp64_product} {ergonomic}
     bool UseCompressedOops                        = true                           {product lp64_product} {ergonomic}
     bool UseG1GC                                  = true                                      {product} {ergonomic}
     bool UseLargePagesIndividualAllocation        = false                                  {pd product} {ergonomic}

Logging:
Log output configuration:
 #0: stdout all=warning uptime,level,tags
 #1: stderr all=off uptime,level,tags

Environment Variables:
JAVA_HOME=C:\Program Files\Eclipse Adoptium\jdk-17.0.19.10-hotspot\
PATH=C:\Program Files\Eclipse Adoptium\jdk-17.0.19.10-hotspot\bin;C:\Python314\Scripts\;C:\Python314\;C:\WINDOWS\system32;C:\WINDOWS;C:\WINDOWS\System32\Wbem;C:\WINDOWS\System32\WindowsPowerShell\v1.0\;C:\WINDOWS\System32\OpenSSH\;C:\Program Files\Git\cmd;C:\Program Files\nodejs\;C:\ProgramData\chocolatey\bin;C:\Users\HP\AppData\Local\Microsoft\WindowsApps;C:\Users\HP\AppData\Roaming\npm;C:\Users\HP\AppData\Local\Programs\Microsoft VS Code\bin
USERNAME=HP
OS=Windows_NT
PROCESSOR_IDENTIFIER=AMD64 Family 23 Model 24 Stepping 1, AuthenticAMD
TMP=C:\Users\HP\AppData\Local\Temp
TEMP=C:\Users\HP\AppData\Local\Temp



Periodic native trim disabled


---------------  S Y S T E M  ---------------

OS:
 Windows 11 , 64 bit Build 26100 (10.0.26100.8875)
OS uptime: 0 days 3:34 hours
Hyper-V role detected

CPU: total 4 (initial active 4) (4 cores per cpu, 2 threads per core) family 23 model 24 stepping 1 microcode 0x8108109, cx8, cmov, fxsr, ht, mmx, 3dnowpref, sse, sse2, sse3, ssse3, sse4a, sse4.1, sse4.2, popcnt, lzcnt, tsc, tscinvbit, avx, avx2, aes, clmul, bmi1, bmi2, adx, sha, fma, vzeroupper, clflush, clflushopt, hv
Processor Information for all 4 processors :
  Max Mhz: 2400, Current Mhz: 2400, Mhz Limit: 2400

Memory: 4k page, system-wide physical 3499M (213M free)
TotalPageFile size 14251M (AvailPageFile size 5M)
current process WorkingSet (physical memory assigned to process): 179M, peak: 180M
current process commit charge ("private bytes"): 210M, peak: 211M

vm_info: OpenJDK 64-Bit Server VM (17.0.19+10) for windows-amd64 JRE (17.0.19+10), built on Apr 25 2026 08:04:44 by "admin" with MS VC++ 17.12 (VS2022)

END.
