#
# There is insufficient memory for the Java Runtime Environment to continue.
# Native memory allocation (malloc) failed to allocate 650096 bytes. Error detail: Chunk::new
# Possible reasons:
#   The system is out of physical RAM or swap space
#   This process is running with CompressedOops enabled, and the Java Heap may be blocking the growth of the native heap
# Possible solutions:
#   Reduce memory load on the system
#   Increase physical memory or swap space
#   Check if swap backing store is full
#   Decrease Java heap size (-Xmx/-Xms)
#   Decrease number of Java threads
#   Decrease Java thread stack sizes (-Xss)
#   Set larger code cache with -XX:ReservedCodeCacheSize=
#   JVM is running with Unscaled Compressed Oops mode in which the Java heap is
#     placed in the first 4GB address space. The Java Heap base address is the
#     maximum limit for the native heap growth. Please use -XX:HeapBaseMinAddress
#     to set the Java Heap base and to place the Java Heap above 4GB virtual address.
# This output file may be truncated or incomplete.
#
#  Out of Memory Error (arena.cpp:191), pid=13572, tid=5444
#
# JRE version: OpenJDK Runtime Environment Temurin-17.0.19+10 (17.0.19+10) (build 17.0.19+10)
# Java VM: OpenJDK 64-Bit Server VM Temurin-17.0.19+10 (17.0.19+10, mixed mode, sharing, tiered, compressed oops, compressed class ptrs, g1 gc, windows-amd64)
# No core dump will be written. Minidumps are not enabled by default on client versions of Windows
#

---------------  S U M M A R Y ------------

Command Line: --add-opens=java.base/java.lang=ALL-UNNAMED --add-opens=java.base/java.lang.invoke=ALL-UNNAMED --add-opens=java.base/java.util=ALL-UNNAMED --add-opens=java.prefs/java.util.prefs=ALL-UNNAMED --add-exports=jdk.compiler/com.sun.tools.javac.api=ALL-UNNAMED --add-exports=jdk.compiler/com.sun.tools.javac.util=ALL-UNNAMED --add-opens=java.base/java.util=ALL-UNNAMED --add-opens=java.prefs/java.util.prefs=ALL-UNNAMED --add-opens=java.base/java.nio.charset=ALL-UNNAMED --add-opens=java.base/java.net=ALL-UNNAMED --add-opens=java.base/java.util.concurrent.atomic=ALL-UNNAMED --add-opens=java.xml/javax.xml.namespace=ALL-UNNAMED -XX:MaxMetaspaceSize=512m -Xmx2048m -Dfile.encoding=UTF-8 -Duser.country=US -Duser.language=en -Duser.variant -javaagent:C:\Users\HP\.gradle\wrapper\dists\gradle-8.14.3-all\10utluxaxniiv4wxiphsi49nj\gradle-8.14.3\lib\agents\gradle-instrumentation-agent-8.14.3.jar org.gradle.launcher.daemon.bootstrap.GradleDaemon 8.14.3

Host: AMD Athlon Gold 3150U with Radeon Graphics     , 4 cores, 3G,  Windows 11 , 64 bit Build 26100 (10.0.26100.8875)
Time: Fri Jul 24 00:47:11 2026 Malay Peninsula Standard Time elapsed time: 15.968223 seconds (0d 0h 0m 15s)

---------------  T H R E A D  ---------------

Current thread (0x000001cfc1e19fd0):  JavaThread "C2 CompilerThread0" daemon [_thread_in_native, id=5444, stack(0x0000008894800000,0x0000008894900000)]


Current CompileTask:
C2:15968 3489 %     4       jdk.internal.loader.URLClassPath::getResource @ 39 (74 bytes)

Stack: [0x0000008894800000,0x0000008894900000]
Native frames: (J=compiled Java code, j=interpreted, Vv=VM code, C=native code)
V  [jvm.dll+0x684b29]
V  [jvm.dll+0x83a2d5]
V  [jvm.dll+0x83bd4e]
V  [jvm.dll+0x83c3d3]
V  [jvm.dll+0x24905f]
V  [jvm.dll+0xad536]
V  [jvm.dll+0xadbdc]
V  [jvm.dll+0x2b073f]
V  [jvm.dll+0x58aea5]
V  [jvm.dll+0x222fe4]
V  [jvm.dll+0x2233dd]
V  [jvm.dll+0x21c08b]
V  [jvm.dll+0x2191a2]
V  [jvm.dll+0x1a49f0]
V  [jvm.dll+0x2299fa]
V  [jvm.dll+0x227bab]
V  [jvm.dll+0x7f0a88]
V  [jvm.dll+0x7eaf1c]
V  [jvm.dll+0x6839f7]
C  [ucrtbase.dll+0x2cd30]
C  [KERNEL32.DLL+0x2e957]
C  [ntdll.dll+0xaad6c]


---------------  P R O C E S S  ---------------

Threads class SMR info:
_java_thread_list=0x000001cfe367b3b0, length=34, elements={
0x000001cfa224b660, 0x000001cfc1df8330, 0x000001cfc1df9970, 0x000001cfc1e0e220,
0x000001cfc1e10b00, 0x000001cfc1e13f50, 0x000001cfc1e187b0, 0x000001cfc1e19fd0,
0x000001cfc1e20a40, 0x000001cfc1e50f90, 0x000001cfe10a54c0, 0x000001cfe10a3b70,
0x000001cfe10a6e10, 0x000001cfe10a59d0, 0x000001cfe10a3660, 0x000001cfe10a4080,
0x000001cfe10a5ee0, 0x000001cfe10a4590, 0x000001cfe10a4aa0, 0x000001cfe10a63f0,
0x000001cfe10a4fb0, 0x000001cfe2083960, 0x000001cfe2084890, 0x000001cfe20810e0,
0x000001cfe2081b00, 0x000001cfe2082010, 0x000001cfe2083e70, 0x000001cfe2084380,
0x000001cfe20857c0, 0x000001cfe2084da0, 0x000001cfe20852b0, 0x000001cfe2085cd0,
0x000001cfe20861e0, 0x000001cfe2082f40
}

Java Threads: ( => current thread )
  0x000001cfa224b660 JavaThread "main" [_thread_blocked, id=13260, stack(0x0000008893b00000,0x0000008893c00000)]
  0x000001cfc1df8330 JavaThread "Reference Handler" daemon [_thread_blocked, id=7960, stack(0x0000008894200000,0x0000008894300000)]
  0x000001cfc1df9970 JavaThread "Finalizer" daemon [_thread_blocked, id=6904, stack(0x0000008894300000,0x0000008894400000)]
  0x000001cfc1e0e220 JavaThread "Signal Dispatcher" daemon [_thread_blocked, id=14028, stack(0x0000008894400000,0x0000008894500000)]
  0x000001cfc1e10b00 JavaThread "Attach Listener" daemon [_thread_blocked, id=3104, stack(0x0000008894500000,0x0000008894600000)]
  0x000001cfc1e13f50 JavaThread "Service Thread" daemon [_thread_blocked, id=5528, stack(0x0000008894600000,0x0000008894700000)]
  0x000001cfc1e187b0 JavaThread "Monitor Deflation Thread" daemon [_thread_blocked, id=7816, stack(0x0000008894700000,0x0000008894800000)]
=>0x000001cfc1e19fd0 JavaThread "C2 CompilerThread0" daemon [_thread_in_native, id=5444, stack(0x0000008894800000,0x0000008894900000)]
  0x000001cfc1e20a40 JavaThread "C1 CompilerThread0" daemon [_thread_blocked, id=13324, stack(0x0000008894900000,0x0000008894a00000)]
  0x000001cfc1e50f90 JavaThread "Sweeper thread" daemon [_thread_blocked, id=6252, stack(0x0000008894a00000,0x0000008894b00000)]
  0x000001cfe10a54c0 JavaThread "Common-Cleaner" daemon [_thread_blocked, id=6072, stack(0x0000008894b00000,0x0000008894c00000)]
  0x000001cfe10a3b70 JavaThread "Notification Thread" daemon [_thread_blocked, id=1320, stack(0x0000008894c00000,0x0000008894d00000)]
  0x000001cfe10a6e10 JavaThread "Daemon health stats" [_thread_blocked, id=9540, stack(0x0000008895200000,0x0000008895300000)]
  0x000001cfe10a59d0 JavaThread "Incoming local TCP Connector on port 57836" [_thread_in_native, id=10032, stack(0x0000008895300000,0x0000008895400000)]
  0x000001cfe10a3660 JavaThread "Daemon periodic checks" [_thread_blocked, id=8284, stack(0x0000008895400000,0x0000008895500000)]
  0x000001cfe10a4080 JavaThread "Daemon" [_thread_blocked, id=5780, stack(0x0000008895500000,0x0000008895600000)]
  0x000001cfe10a5ee0 JavaThread "Handler for socket connection from /127.0.0.1:57836 to /127.0.0.1:57838" [_thread_in_native, id=11976, stack(0x0000008895600000,0x0000008895700000)]
  0x000001cfe10a4590 JavaThread "Cancel handler" [_thread_blocked, id=13536, stack(0x0000008895700000,0x0000008895800000)]
  0x000001cfe10a4aa0 JavaThread "Daemon worker" [_thread_in_Java, id=12876, stack(0x0000008895800000,0x0000008895900000)]
  0x000001cfe10a63f0 JavaThread "Asynchronous log dispatcher for DefaultDaemonConnection: socket connection from /127.0.0.1:57836 to /127.0.0.1:57838" [_thread_blocked, id=3032, stack(0x0000008895900000,0x0000008895a00000)]
  0x000001cfe10a4fb0 JavaThread "Stdin handler" [_thread_blocked, id=1916, stack(0x0000008895a00000,0x0000008895b00000)]
  0x000001cfe2083960 JavaThread "Daemon client event forwarder" [_thread_blocked, id=5756, stack(0x0000008895b00000,0x0000008895c00000)]
  0x000001cfe2084890 JavaThread "Cache worker for journal cache (C:\Users\HP\.gradle\caches\journal-1)" [_thread_blocked, id=12216, stack(0x0000008895c00000,0x0000008895d00000)]
  0x000001cfe20810e0 JavaThread "File lock request listener" [_thread_in_native, id=13080, stack(0x0000008895d00000,0x0000008895e00000)]
  0x000001cfe2081b00 JavaThread "Cache worker for file hash cache (C:\Users\HP\.gradle\caches\8.14.3\fileHashes)" [_thread_blocked, id=1380, stack(0x0000008895e00000,0x0000008895f00000)]
  0x000001cfe2082010 JavaThread "Cache worker for file hash cache (D:\LSA 2025\LAST\PROJT\finance app\finance apps Ori\android\.gradle\8.14.3\fileHashes)" [_thread_blocked, id=13448, stack(0x0000008895f00000,0x0000008896000000)]
  0x000001cfe2083e70 JavaThread "Cache worker for Build Output Cleanup Cache (D:\LSA 2025\LAST\PROJT\finance app\finance apps Ori\android\.gradle\buildOutputCleanup)" [_thread_blocked, id=7716, stack(0x0000008896000000,0x0000008896100000)]
  0x000001cfe2084380 JavaThread "File watcher server" daemon [_thread_in_native, id=8088, stack(0x0000008896100000,0x0000008896200000)]
  0x000001cfe20857c0 JavaThread "File watcher consumer" daemon [_thread_blocked, id=13424, stack(0x0000008896200000,0x0000008896300000)]
  0x000001cfe2084da0 JavaThread "jar transforms" [_thread_blocked, id=4700, stack(0x0000008896300000,0x0000008896400000)]
  0x000001cfe20852b0 JavaThread "jar transforms Thread 2" [_thread_blocked, id=9232, stack(0x0000008896400000,0x0000008896500000)]
  0x000001cfe2085cd0 JavaThread "jar transforms Thread 3" [_thread_blocked, id=132, stack(0x0000008896500000,0x0000008896600000)]
  0x000001cfe20861e0 JavaThread "jar transforms Thread 4" [_thread_blocked, id=11120, stack(0x0000008896600000,0x0000008896700000)]
  0x000001cfe2082f40 JavaThread "File lock release action executor" [_thread_blocked, id=8260, stack(0x0000008896700000,0x0000008896800000)]

Other Threads:
  0x000001cfc1df43e0 VMThread "VM Thread" [stack: 0x0000008894100000,0x0000008894200000] [id=1172]
  0x000001cfe116b6d0 WatcherThread [stack: 0x0000008894d00000,0x0000008894e00000] [id=13520]
  0x000001cfa22aa670 GCTaskThread "GC Thread#0" [stack: 0x0000008893c00000,0x0000008893d00000] [id=7760]
  0x000001cfe1598020 GCTaskThread "GC Thread#1" [stack: 0x0000008894e00000,0x0000008894f00000] [id=6976]
  0x000001cfe1598c30 GCTaskThread "GC Thread#2" [stack: 0x0000008894f00000,0x0000008895000000] [id=12184]
  0x000001cfe122f510 GCTaskThread "GC Thread#3" [stack: 0x0000008895000000,0x0000008895100000] [id=13392]
  0x000001cfa22bb4d0 ConcurrentGCThread "G1 Main Marker" [stack: 0x0000008893d00000,0x0000008893e00000] [id=9624]
  0x000001cfa22bbe00 ConcurrentGCThread "G1 Conc#0" [stack: 0x0000008893e00000,0x0000008893f00000] [id=5696]
  0x000001cfa22fd030 ConcurrentGCThread "G1 Refine#0" [stack: 0x0000008893f00000,0x0000008894000000] [id=12276]
  0x000001cfe20e0c90 ConcurrentGCThread "G1 Refine#1" [stack: 0x0000008895100000,0x0000008895200000] [id=2288]
  0x000001cfa22fd970 ConcurrentGCThread "G1 Service" [stack: 0x0000008894000000,0x0000008894100000] [id=9436]

Threads with active compile tasks:
C2 CompilerThread0  16029 3489 %     4       jdk.internal.loader.URLClassPath::getResource @ 39 (74 bytes)

VM state: not at safepoint (normal execution)

VM Mutex/Monitor currently owned by a thread: None

Heap address: 0x0000000080000000, size: 2048 MB, Compressed Oops mode: 32-bit

CDS archive(s) mapped at: [0x000001cfc2000000-0x000001cfc2bb0000-0x000001cfc2bb0000), size 12255232, SharedBaseAddress: 0x000001cfc2000000, ArchiveRelocationMode: 1.
Compressed class space mapped at: 0x000001cfc3000000-0x000001cfdd000000, reserved size: 436207616
Narrow klass base: 0x000001cfc2000000, Narrow klass shift: 0, Narrow klass range: 0x100000000

GC Precious Log:
 CPUs: 4 total, 4 available
 Memory: 3499M
 Large Page Support: Disabled
 NUMA Support: Disabled
 Compressed Oops: Enabled (32-bit)
 Heap Region Size: 1M
 Heap Min Capacity: 8M
 Heap Initial Capacity: 56M
 Heap Max Capacity: 2G
 Pre-touch: Disabled
 Parallel Workers: 4
 Concurrent Workers: 1
 Concurrent Refinement Workers: 4
 Periodic GC: Disabled

Heap:
 garbage-first heap   total 57344K, used 41550K [0x0000000080000000, 0x0000000100000000)
  region size 1024K, 15 young (15360K), 2 survivors (2048K)
 Metaspace       used 29366K, committed 29824K, reserved 491520K
  class space    used 4309K, committed 4544K, reserved 425984K

Heap Regions: E=young(eden), S=young(survivor), O=old, HS=humongous(starts), HC=humongous(continues), CS=collection set, F=free, OA=open archive, CA=closed archive, TAMS=top-at-mark-start (previous, next)
|   0|0x0000000080000000, 0x0000000080100000, 0x0000000080100000|100%|HS|  |TAMS 0x0000000080100000, 0x0000000080000000| Complete 
|   1|0x0000000080100000, 0x0000000080200000, 0x0000000080200000|100%|HC|  |TAMS 0x0000000080200000, 0x0000000080100000| Complete 
|   2|0x0000000080200000, 0x0000000080300000, 0x0000000080300000|100%|HC|  |TAMS 0x0000000080300000, 0x0000000080200000| Complete 
|   3|0x0000000080300000, 0x0000000080400000, 0x0000000080400000|100%| O|  |TAMS 0x0000000080400000, 0x0000000080300000| Untracked 
|   4|0x0000000080400000, 0x0000000080500000, 0x0000000080500000|100%| O|  |TAMS 0x0000000080500000, 0x0000000080400000| Untracked 
|   5|0x0000000080500000, 0x0000000080600000, 0x0000000080600000|100%| O|  |TAMS 0x0000000080600000, 0x0000000080500000| Untracked 
|   6|0x0000000080600000, 0x0000000080700000, 0x0000000080700000|100%| O|  |TAMS 0x0000000080700000, 0x0000000080600000| Untracked 
|   7|0x0000000080700000, 0x0000000080800000, 0x0000000080800000|100%| O|  |TAMS 0x0000000080800000, 0x0000000080700000| Untracked 
|   8|0x0000000080800000, 0x0000000080900000, 0x0000000080900000|100%| O|  |TAMS 0x0000000080900000, 0x0000000080800000| Untracked 
|   9|0x0000000080900000, 0x0000000080a00000, 0x0000000080a00000|100%| O|  |TAMS 0x0000000080a00000, 0x0000000080900000| Untracked 
|  10|0x0000000080a00000, 0x0000000080b00000, 0x0000000080b00000|100%|HS|  |TAMS 0x0000000080b00000, 0x0000000080a00000| Complete 
|  11|0x0000000080b00000, 0x0000000080c00000, 0x0000000080c00000|100%| O|  |TAMS 0x0000000080c00000, 0x0000000080b00000| Untracked 
|  12|0x0000000080c00000, 0x0000000080d00000, 0x0000000080d00000|100%| O|  |TAMS 0x0000000080d00000, 0x0000000080c00000| Untracked 
|  13|0x0000000080d00000, 0x0000000080e00000, 0x0000000080e00000|100%| O|  |TAMS 0x0000000080e00000, 0x0000000080d00000| Untracked 
|  14|0x0000000080e00000, 0x0000000080f00000, 0x0000000080f00000|100%| O|  |TAMS 0x0000000080f00000, 0x0000000080e00000| Untracked 
|  15|0x0000000080f00000, 0x0000000081000000, 0x0000000081000000|100%| O|  |TAMS 0x0000000081000000, 0x0000000080f00000| Untracked 
|  16|0x0000000081000000, 0x0000000081100000, 0x0000000081100000|100%| O|  |TAMS 0x0000000081100000, 0x0000000081000000| Untracked 
|  17|0x0000000081100000, 0x0000000081200000, 0x0000000081200000|100%| O|  |TAMS 0x0000000081200000, 0x0000000081100000| Untracked 
|  18|0x0000000081200000, 0x0000000081300000, 0x0000000081300000|100%| O|  |TAMS 0x0000000081300000, 0x0000000081200000| Untracked 
|  19|0x0000000081300000, 0x0000000081400000, 0x0000000081400000|100%| O|  |TAMS 0x0000000081400000, 0x0000000081300000| Untracked 
|  20|0x0000000081400000, 0x0000000081500000, 0x0000000081500000|100%| O|  |TAMS 0x0000000081500000, 0x0000000081400000| Untracked 
|  21|0x0000000081500000, 0x0000000081600000, 0x0000000081600000|100%| O|  |TAMS 0x0000000081600000, 0x0000000081500000| Untracked 
|  22|0x0000000081600000, 0x0000000081700000, 0x0000000081700000|100%| O|  |TAMS 0x0000000081700000, 0x0000000081600000| Untracked 
|  23|0x0000000081700000, 0x0000000081800000, 0x0000000081800000|100%| O|  |TAMS 0x0000000081800000, 0x0000000081700000| Untracked 
|  24|0x0000000081800000, 0x0000000081900000, 0x0000000081900000|100%| O|  |TAMS 0x0000000081900000, 0x0000000081800000| Untracked 
|  25|0x0000000081900000, 0x0000000081a00000, 0x0000000081a00000|100%| O|  |TAMS 0x000000008199f608, 0x0000000081900000| Untracked 
|  26|0x0000000081a00000, 0x0000000081b00000, 0x0000000081b00000|100%| O|  |TAMS 0x0000000081a00000, 0x0000000081a00000| Untracked 
|  27|0x0000000081b00000, 0x0000000081b7e200, 0x0000000081c00000| 49%| O|  |TAMS 0x0000000081b00000, 0x0000000081b00000| Untracked 
|  28|0x0000000081c00000, 0x0000000081c00000, 0x0000000081d00000|  0%| F|  |TAMS 0x0000000081c00000, 0x0000000081c00000| Untracked 
|  29|0x0000000081d00000, 0x0000000081d00000, 0x0000000081e00000|  0%| F|  |TAMS 0x0000000081d00000, 0x0000000081d00000| Untracked 
|  30|0x0000000081e00000, 0x0000000081e00000, 0x0000000081f00000|  0%| F|  |TAMS 0x0000000081e00000, 0x0000000081e00000| Untracked 
|  31|0x0000000081f00000, 0x0000000081f00000, 0x0000000082000000|  0%| F|  |TAMS 0x0000000081f00000, 0x0000000081f00000| Untracked 
|  32|0x0000000082000000, 0x0000000082000000, 0x0000000082100000|  0%| F|  |TAMS 0x0000000082000000, 0x0000000082000000| Untracked 
|  33|0x0000000082100000, 0x0000000082100000, 0x0000000082200000|  0%| F|  |TAMS 0x0000000082100000, 0x0000000082100000| Untracked 
|  34|0x0000000082200000, 0x0000000082200000, 0x0000000082300000|  0%| F|  |TAMS 0x0000000082200000, 0x0000000082200000| Untracked 
|  35|0x0000000082300000, 0x0000000082300000, 0x0000000082400000|  0%| F|  |TAMS 0x0000000082300000, 0x0000000082300000| Untracked 
|  36|0x0000000082400000, 0x0000000082400000, 0x0000000082500000|  0%| F|  |TAMS 0x0000000082400000, 0x0000000082400000| Untracked 
|  37|0x0000000082500000, 0x0000000082500000, 0x0000000082600000|  0%| F|  |TAMS 0x0000000082500000, 0x0000000082500000| Untracked 
|  38|0x0000000082600000, 0x00000000826158b0, 0x0000000082700000|  8%| S|CS|TAMS 0x0000000082600000, 0x0000000082600000| Complete 
|  39|0x0000000082700000, 0x0000000082800000, 0x0000000082800000|100%| S|CS|TAMS 0x0000000082700000, 0x0000000082700000| Complete 
|  40|0x0000000082800000, 0x0000000082800000, 0x0000000082900000|  0%| F|  |TAMS 0x0000000082800000, 0x0000000082800000| Untracked 
|  41|0x0000000082900000, 0x0000000082900000, 0x0000000082a00000|  0%| F|  |TAMS 0x0000000082900000, 0x0000000082900000| Untracked 
|  42|0x0000000082a00000, 0x0000000082a00000, 0x0000000082b00000|  0%| F|  |TAMS 0x0000000082a00000, 0x0000000082a00000| Untracked 
|  43|0x0000000082b00000, 0x0000000082b8cdd8, 0x0000000082c00000| 55%| E|  |TAMS 0x0000000082b00000, 0x0000000082b00000| Complete 
|  44|0x0000000082c00000, 0x0000000082d00000, 0x0000000082d00000|100%| E|CS|TAMS 0x0000000082c00000, 0x0000000082c00000| Complete 
|  45|0x0000000082d00000, 0x0000000082e00000, 0x0000000082e00000|100%| E|CS|TAMS 0x0000000082d00000, 0x0000000082d00000| Complete 
|  46|0x0000000082e00000, 0x0000000082f00000, 0x0000000082f00000|100%| E|CS|TAMS 0x0000000082e00000, 0x0000000082e00000| Complete 
|  47|0x0000000082f00000, 0x0000000083000000, 0x0000000083000000|100%| E|CS|TAMS 0x0000000082f00000, 0x0000000082f00000| Complete 
|  48|0x0000000083000000, 0x0000000083100000, 0x0000000083100000|100%| E|CS|TAMS 0x0000000083000000, 0x0000000083000000| Complete 
|  49|0x0000000083100000, 0x0000000083200000, 0x0000000083200000|100%| E|CS|TAMS 0x0000000083100000, 0x0000000083100000| Complete 
|  50|0x0000000083200000, 0x0000000083300000, 0x0000000083300000|100%| E|CS|TAMS 0x0000000083200000, 0x0000000083200000| Complete 
|  51|0x0000000083300000, 0x0000000083400000, 0x0000000083400000|100%| E|CS|TAMS 0x0000000083300000, 0x0000000083300000| Complete 
|  52|0x0000000083400000, 0x0000000083500000, 0x0000000083500000|100%| E|CS|TAMS 0x0000000083400000, 0x0000000083400000| Complete 
|  53|0x0000000083500000, 0x0000000083600000, 0x0000000083600000|100%| E|CS|TAMS 0x0000000083500000, 0x0000000083500000| Complete 
|  54|0x0000000083600000, 0x0000000083700000, 0x0000000083700000|100%| E|CS|TAMS 0x0000000083600000, 0x0000000083600000| Complete 
|  55|0x0000000083700000, 0x0000000083800000, 0x0000000083800000|100%| E|CS|TAMS 0x0000000083700000, 0x0000000083700000| Complete 

Card table byte_map: [0x000001cfbb020000,0x000001cfbb420000] _byte_map_base: 0x000001cfbac20000

Marking Bits (Prev, Next): (CMBitMap*) 0x000001cfa22aaba0, (CMBitMap*) 0x000001cfa22aabe0
 Prev Bits: [0x000001cfbb820000, 0x000001cfbd820000)
 Next Bits: [0x000001cfbd820000, 0x000001cfbf820000)

Polling page: 0x000001cfa2300000

Metaspace:

Usage:
  Non-class:     24.47 MB used.
      Class:      4.21 MB used.
       Both:     28.68 MB used.

Virtual space:
  Non-class space:       64.00 MB reserved,      24.69 MB ( 39%) committed,  1 nodes.
      Class space:      416.00 MB reserved,       4.44 MB (  1%) committed,  1 nodes.
             Both:      480.00 MB reserved,      29.12 MB (  6%) committed. 

Chunk freelists:
   Non-Class:  6.81 MB
       Class:  11.54 MB
        Both:  18.35 MB

MaxMetaspaceSize: 512.00 MB
CompressedClassSpaceSize: 416.00 MB
Initial GC threshold: 21.00 MB
Current GC threshold: 46.38 MB
CDS: on
MetaspaceReclaimPolicy: balanced
 - commit_granule_bytes: 65536.
 - commit_granule_words: 8192.
 - virtual_space_node_default_size: 8388608.
 - enlarge_chunks_in_place: 1.
 - new_chunks_are_fully_committed: 0.
 - uncommit_free_chunks: 1.
 - use_allocation_guard: 0.
 - handle_deallocations: 1.


Internal statistics:

num_allocs_failed_limit: 3.
num_arena_births: 466.
num_arena_deaths: 0.
num_vsnodes_births: 2.
num_vsnodes_deaths: 0.
num_space_committed: 466.
num_space_uncommitted: 0.
num_chunks_returned_to_freelist: 3.
num_chunks_taken_from_freelist: 1625.
num_chunk_merges: 0.
num_chunk_splits: 1018.
num_chunks_enlarged: 672.
num_inconsistent_stats: 0.

CodeHeap 'non-profiled nmethods': size=120000Kb used=1958Kb max_used=1958Kb free=118041Kb
 bounds [0x000001cfb30d0000, 0x000001cfb3340000, 0x000001cfba600000]
CodeHeap 'profiled nmethods': size=120000Kb used=7457Kb max_used=7457Kb free=112542Kb
 bounds [0x000001cfab600000, 0x000001cfabd50000, 0x000001cfb2b30000]
CodeHeap 'non-nmethods': size=5760Kb used=1258Kb max_used=1293Kb free=4501Kb
 bounds [0x000001cfb2b30000, 0x000001cfb2da0000, 0x000001cfb30d0000]
 total_blobs=4155 nmethods=3585 adapters=482
 compilation: enabled
              stopped_count=0, restarted_count=0
 full_count=0

Compilation events (20 events):
Event: 15.859 Thread 0x000001cfc1e20a40 3513       1       org.codehaus.groovy.util.ReferenceBundle::getType (5 bytes)
Event: 15.859 Thread 0x000001cfc1e20a40 nmethod 3513 0x000001cfb32b6210 code [0x000001cfb32b63a0, 0x000001cfb32b6478]
Event: 15.859 Thread 0x000001cfc1e20a40 3514       1       org.codehaus.groovy.util.ReferenceBundle::getManager (5 bytes)
Event: 15.859 Thread 0x000001cfc1e20a40 nmethod 3514 0x000001cfb32b6510 code [0x000001cfb32b66a0, 0x000001cfb32b6778]
Event: 15.861 Thread 0x000001cfc1e20a40 3515       3       jdk.internal.org.objectweb.asm.MethodWriter::visitVarInsn (302 bytes)
Event: 15.862 Thread 0x000001cfc1e20a40 nmethod 3515 0x000001cfabd26110 code [0x000001cfabd26360, 0x000001cfabd26c88]
Event: 15.863 Thread 0x000001cfc1e20a40 3516       3       java.lang.invoke.MemberName::getFactory (4 bytes)
Event: 15.863 Thread 0x000001cfc1e20a40 nmethod 3516 0x000001cfabd26f10 code [0x000001cfabd270a0, 0x000001cfabd27198]
Event: 15.863 Thread 0x000001cfc1e20a40 3517       3       java.util.ImmutableCollections$List12::size (16 bytes)
Event: 15.864 Thread 0x000001cfc1e20a40 nmethod 3517 0x000001cfabd27210 code [0x000001cfabd273c0, 0x000001cfabd27558]
Event: 15.870 Thread 0x000001cfc1e19fd0 nmethod 3491 0x000001cfb32b6810 code [0x000001cfb32b6a20, 0x000001cfb32b8018]
Event: 15.870 Thread 0x000001cfc1e19fd0 3489 %     4       jdk.internal.loader.URLClassPath::getResource @ 39 (74 bytes)
Event: 15.873 Thread 0x000001cfc1e20a40 3519       3       java.lang.invoke.InnerClassLambdaMetafactory::spinInnerClass (118 bytes)
Event: 15.873 Thread 0x000001cfc1e20a40 nmethod 3519 0x000001cfabd27610 code [0x000001cfabd277e0, 0x000001cfabd27ab8]
Event: 15.873 Thread 0x000001cfc1e20a40 3520       3       java.lang.invoke.LambdaProxyClassArchive::find (63 bytes)
Event: 15.874 Thread 0x000001cfc1e20a40 nmethod 3520 0x000001cfabd27b90 code [0x000001cfabd27dc0, 0x000001cfabd28658]
Event: 15.874 Thread 0x000001cfc1e20a40 3521       3       java.lang.invoke.LambdaProxyClassArchive::loadedByBuiltinLoader (22 bytes)
Event: 15.876 Thread 0x000001cfc1e20a40 nmethod 3521 0x000001cfabd28910 code [0x000001cfabd28b60, 0x000001cfabd29678]
Event: 15.893 Thread 0x000001cfc1e20a40 3522       3       java.lang.invoke.MemberName::equals (24 bytes)
Event: 15.894 Thread 0x000001cfc1e20a40 nmethod 3522 0x000001cfabd29990 code [0x000001cfabd29b40, 0x000001cfabd29f08]

GC Heap History (20 events):
Event: 4.353 GC heap before
{Heap before GC invocations=3 (full 0):
 garbage-first heap   total 57344K, used 39852K [0x0000000080000000, 0x0000000100000000)
  region size 1024K, 32 young (32768K), 4 survivors (4096K)
 Metaspace       used 4446K, committed 4608K, reserved 491520K
  class space    used 548K, committed 640K, reserved 425984K
}
Event: 4.359 GC heap after
{Heap after GC invocations=4 (full 0):
 garbage-first heap   total 57344K, used 12781K [0x0000000080000000, 0x0000000100000000)
  region size 1024K, 3 young (3072K), 3 survivors (3072K)
 Metaspace       used 4446K, committed 4608K, reserved 491520K
  class space    used 548K, committed 640K, reserved 425984K
}
Event: 6.310 GC heap before
{Heap before GC invocations=4 (full 0):
 garbage-first heap   total 57344K, used 43501K [0x0000000080000000, 0x0000000100000000)
  region size 1024K, 31 young (31744K), 3 survivors (3072K)
 Metaspace       used 7718K, committed 8000K, reserved 491520K
  class space    used 1040K, committed 1152K, reserved 425984K
}
Event: 6.321 GC heap after
{Heap after GC invocations=5 (full 0):
 garbage-first heap   total 57344K, used 18100K [0x0000000080000000, 0x0000000100000000)
  region size 1024K, 4 young (4096K), 4 survivors (4096K)
 Metaspace       used 7718K, committed 8000K, reserved 491520K
  class space    used 1040K, committed 1152K, reserved 425984K
}
Event: 8.544 GC heap before
{Heap before GC invocations=5 (full 0):
 garbage-first heap   total 57344K, used 40628K [0x0000000080000000, 0x0000000100000000)
  region size 1024K, 27 young (27648K), 4 survivors (4096K)
 Metaspace       used 12793K, committed 13056K, reserved 491520K
  class space    used 1709K, committed 1856K, reserved 425984K
}
Event: 8.553 GC heap after
{Heap after GC invocations=6 (full 0):
 garbage-first heap   total 57344K, used 20867K [0x0000000080000000, 0x0000000100000000)
  region size 1024K, 3 young (3072K), 3 survivors (3072K)
 Metaspace       used 12793K, committed 13056K, reserved 491520K
  class space    used 1709K, committed 1856K, reserved 425984K
}
Event: 10.423 GC heap before
{Heap before GC invocations=6 (full 0):
 garbage-first heap   total 57344K, used 43395K [0x0000000080000000, 0x0000000100000000)
  region size 1024K, 25 young (25600K), 3 survivors (3072K)
 Metaspace       used 16102K, committed 16384K, reserved 491520K
  class space    used 2239K, committed 2368K, reserved 425984K
}
Event: 10.429 GC heap after
{Heap after GC invocations=7 (full 0):
 garbage-first heap   total 57344K, used 22099K [0x0000000080000000, 0x0000000100000000)
  region size 1024K, 2 young (2048K), 2 survivors (2048K)
 Metaspace       used 16102K, committed 16384K, reserved 491520K
  class space    used 2239K, committed 2368K, reserved 425984K
}
Event: 11.227 GC heap before
{Heap before GC invocations=7 (full 0):
 garbage-first heap   total 57344K, used 43603K [0x0000000080000000, 0x0000000100000000)
  region size 1024K, 23 young (23552K), 2 survivors (2048K)
 Metaspace       used 18742K, committed 19008K, reserved 491520K
  class space    used 2705K, committed 2816K, reserved 425984K
}
Event: 11.231 GC heap after
{Heap after GC invocations=8 (full 0):
 garbage-first heap   total 57344K, used 23173K [0x0000000080000000, 0x0000000100000000)
  region size 1024K, 3 young (3072K), 3 survivors (3072K)
 Metaspace       used 18742K, committed 19008K, reserved 491520K
  class space    used 2705K, committed 2816K, reserved 425984K
}
Event: 12.475 GC heap before
{Heap before GC invocations=8 (full 0):
 garbage-first heap   total 57344K, used 43653K [0x0000000080000000, 0x0000000100000000)
  region size 1024K, 23 young (23552K), 3 survivors (3072K)
 Metaspace       used 21034K, committed 21312K, reserved 491520K
  class space    used 3055K, committed 3200K, reserved 425984K
}
Event: 12.482 GC heap after
{Heap after GC invocations=9 (full 0):
 garbage-first heap   total 57344K, used 24687K [0x0000000080000000, 0x0000000100000000)
  region size 1024K, 3 young (3072K), 3 survivors (3072K)
 Metaspace       used 21034K, committed 21312K, reserved 491520K
  class space    used 3055K, committed 3200K, reserved 425984K
}
Event: 12.602 GC heap before
{Heap before GC invocations=9 (full 0):
 garbage-first heap   total 57344K, used 25711K [0x0000000080000000, 0x0000000100000000)
  region size 1024K, 5 young (5120K), 3 survivors (3072K)
 Metaspace       used 21165K, committed 21504K, reserved 491520K
  class space    used 3078K, committed 3200K, reserved 425984K
}
Event: 12.610 GC heap after
{Heap after GC invocations=10 (full 0):
 garbage-first heap   total 57344K, used 25011K [0x0000000080000000, 0x0000000100000000)
  region size 1024K, 2 young (2048K), 2 survivors (2048K)
 Metaspace       used 21165K, committed 21504K, reserved 491520K
  class space    used 3078K, committed 3200K, reserved 425984K
}
Event: 13.570 GC heap before
{Heap before GC invocations=11 (full 0):
 garbage-first heap   total 57344K, used 43443K [0x0000000080000000, 0x0000000100000000)
  region size 1024K, 21 young (21504K), 2 survivors (2048K)
 Metaspace       used 23352K, committed 23744K, reserved 491520K
  class space    used 3464K, committed 3648K, reserved 425984K
}
Event: 13.576 GC heap after
{Heap after GC invocations=12 (full 0):
 garbage-first heap   total 57344K, used 26668K [0x0000000080000000, 0x0000000100000000)
  region size 1024K, 2 young (2048K), 2 survivors (2048K)
 Metaspace       used 23352K, committed 23744K, reserved 491520K
  class space    used 3464K, committed 3648K, reserved 425984K
}
Event: 14.396 GC heap before
{Heap before GC invocations=12 (full 0):
 garbage-first heap   total 57344K, used 44076K [0x0000000080000000, 0x0000000100000000)
  region size 1024K, 20 young (20480K), 2 survivors (2048K)
 Metaspace       used 25847K, committed 26240K, reserved 491520K
  class space    used 3768K, committed 3968K, reserved 425984K
}
Event: 14.401 GC heap after
{Heap after GC invocations=13 (full 0):
 garbage-first heap   total 57344K, used 28233K [0x0000000080000000, 0x0000000100000000)
  region size 1024K, 2 young (2048K), 2 survivors (2048K)
 Metaspace       used 25847K, committed 26240K, reserved 491520K
  class space    used 3768K, committed 3968K, reserved 425984K
}
Event: 15.441 GC heap before
{Heap before GC invocations=13 (full 0):
 garbage-first heap   total 57344K, used 43593K [0x0000000080000000, 0x0000000100000000)
  region size 1024K, 18 young (18432K), 2 survivors (2048K)
 Metaspace       used 27873K, committed 28352K, reserved 491520K
  class space    used 4082K, committed 4288K, reserved 425984K
}
Event: 15.445 GC heap after
{Heap after GC invocations=14 (full 0):
 garbage-first heap   total 57344K, used 29262K [0x0000000080000000, 0x0000000100000000)
  region size 1024K, 2 young (2048K), 2 survivors (2048K)
 Metaspace       used 27873K, committed 28352K, reserved 491520K
  class space    used 4082K, committed 4288K, reserved 425984K
}

Dll operation events (15 events):
Event: 0.012 Loaded shared library C:\Program Files\Eclipse Adoptium\jdk-17.0.19.10-hotspot\bin\java.dll
Event: 0.037 Loaded shared library C:\Program Files\Eclipse Adoptium\jdk-17.0.19.10-hotspot\bin\jsvml.dll
Event: 0.123 Loaded shared library C:\Program Files\Eclipse Adoptium\jdk-17.0.19.10-hotspot\bin\zip.dll
Event: 0.126 Loaded shared library C:\Program Files\Eclipse Adoptium\jdk-17.0.19.10-hotspot\bin\instrument.dll
Event: 0.135 Loaded shared library C:\Program Files\Eclipse Adoptium\jdk-17.0.19.10-hotspot\bin\net.dll
Event: 0.138 Loaded shared library C:\Program Files\Eclipse Adoptium\jdk-17.0.19.10-hotspot\bin\nio.dll
Event: 0.141 Loaded shared library C:\Program Files\Eclipse Adoptium\jdk-17.0.19.10-hotspot\bin\zip.dll
Event: 0.750 Loaded shared library C:\Program Files\Eclipse Adoptium\jdk-17.0.19.10-hotspot\bin\jimage.dll
Event: 1.231 Loaded shared library C:\Program Files\Eclipse Adoptium\jdk-17.0.19.10-hotspot\bin\verify.dll
Event: 1.601 Loaded shared library C:\Users\HP\.gradle\native\1def1411415f61bf3af743bc5b6707747c0891f09f0c88961ee8f79bc544acac\windows-amd64\native-platform.dll
Event: 1.727 Loaded shared library C:\Users\HP\.gradle\native\0.2.7\x86_64-windows-gnu\gradle-fileevents.dll
Event: 5.577 Loaded shared library C:\Program Files\Eclipse Adoptium\jdk-17.0.19.10-hotspot\bin\management.dll
Event: 5.600 Loaded shared library C:\Program Files\Eclipse Adoptium\jdk-17.0.19.10-hotspot\bin\management_ext.dll
Event: 6.183 Loaded shared library C:\Program Files\Eclipse Adoptium\jdk-17.0.19.10-hotspot\bin\extnet.dll
Event: 6.876 Loaded shared library C:\Program Files\Eclipse Adoptium\jdk-17.0.19.10-hotspot\bin\sunmscapi.dll

Deoptimization events (20 events):
Event: 15.762 Thread 0x000001cfe10a4aa0 Uncommon trap: trap_request=0xffffffc6 fr.pc=0x000001cfb3290e58 relative=0x00000000000006b8
Event: 15.762 Thread 0x000001cfe10a4aa0 Uncommon trap: reason=bimorphic_or_optimized_type_check action=maybe_recompile pc=0x000001cfb3290e58 method=java.io.BufferedInputStream.read([BII)I @ 101 c2
Event: 15.762 Thread 0x000001cfe10a4aa0 DEOPT PACKING pc=0x000001cfb3290e58 sp=0x00000088958f75e0
Event: 15.762 Thread 0x000001cfe10a4aa0 DEOPT UNPACKING pc=0x000001cfb2b869a3 sp=0x00000088958f7598 mode 2
Event: 15.763 Thread 0x000001cfe10a4aa0 Uncommon trap: trap_request=0xffffffc6 fr.pc=0x000001cfb3290e58 relative=0x00000000000006b8
Event: 15.763 Thread 0x000001cfe10a4aa0 Uncommon trap: reason=bimorphic_or_optimized_type_check action=maybe_recompile pc=0x000001cfb3290e58 method=java.io.BufferedInputStream.read([BII)I @ 101 c2
Event: 15.763 Thread 0x000001cfe10a4aa0 DEOPT PACKING pc=0x000001cfb3290e58 sp=0x00000088958f75e0
Event: 15.763 Thread 0x000001cfe10a4aa0 DEOPT UNPACKING pc=0x000001cfb2b869a3 sp=0x00000088958f7598 mode 2
Event: 15.763 Thread 0x000001cfe10a4aa0 Uncommon trap: trap_request=0xffffffc6 fr.pc=0x000001cfb3290e58 relative=0x00000000000006b8
Event: 15.763 Thread 0x000001cfe10a4aa0 Uncommon trap: reason=bimorphic_or_optimized_type_check action=maybe_recompile pc=0x000001cfb3290e58 method=java.io.BufferedInputStream.read([BII)I @ 101 c2
Event: 15.763 Thread 0x000001cfe10a4aa0 DEOPT PACKING pc=0x000001cfb3290e58 sp=0x00000088958f75e0
Event: 15.763 Thread 0x000001cfe10a4aa0 DEOPT UNPACKING pc=0x000001cfb2b869a3 sp=0x00000088958f7598 mode 2
Event: 15.764 Thread 0x000001cfe10a4aa0 Uncommon trap: trap_request=0xffffffc6 fr.pc=0x000001cfb3290e58 relative=0x00000000000006b8
Event: 15.765 Thread 0x000001cfe10a4aa0 Uncommon trap: reason=bimorphic_or_optimized_type_check action=maybe_recompile pc=0x000001cfb3290e58 method=java.io.BufferedInputStream.read([BII)I @ 101 c2
Event: 15.765 Thread 0x000001cfe10a4aa0 DEOPT PACKING pc=0x000001cfb3290e58 sp=0x00000088958f75e0
Event: 15.765 Thread 0x000001cfe10a4aa0 DEOPT UNPACKING pc=0x000001cfb2b869a3 sp=0x00000088958f7598 mode 2
Event: 15.860 Thread 0x000001cfe10a4aa0 Uncommon trap: trap_request=0xffffff45 fr.pc=0x000001cfb3257324 relative=0x00000000000005a4
Event: 15.860 Thread 0x000001cfe10a4aa0 Uncommon trap: reason=unstable_if action=reinterpret pc=0x000001cfb3257324 method=jdk.internal.org.objectweb.asm.MethodWriter.visitVarInsn(II)V @ 108 c2
Event: 15.860 Thread 0x000001cfe10a4aa0 DEOPT PACKING pc=0x000001cfb3257324 sp=0x00000088958f08a0
Event: 15.860 Thread 0x000001cfe10a4aa0 DEOPT UNPACKING pc=0x000001cfb2b869a3 sp=0x00000088958f0868 mode 2

Classes loaded (20 events):
Event: 15.533 Loading class java/lang/Process
Event: 15.535 Loading class java/lang/Process done
Event: 15.696 Loading class java/lang/InstantiationException
Event: 15.697 Loading class java/lang/InstantiationException done
Event: 15.705 Loading class java/util/EventListener
Event: 15.706 Loading class java/util/EventListener done
Event: 15.736 Loading class java/util/BitSet
Event: 15.737 Loading class java/util/BitSet done
Event: 15.748 Loading class java/io/PrintWriter
Event: 15.755 Loading class java/io/PrintWriter done
Event: 15.755 Loading class java/util/TimerTask
Event: 15.755 Loading class java/util/TimerTask done
Event: 15.755 Loading class java/util/Timer
Event: 15.756 Loading class java/util/Timer done
Event: 15.829 Loading class java/security/AccessControlException
Event: 15.829 Loading class java/security/AccessControlException done
Event: 15.925 Loading class java/lang/reflect/GenericSignatureFormatError
Event: 15.925 Loading class java/lang/reflect/GenericSignatureFormatError done
Event: 15.925 Loading class java/lang/reflect/MalformedParameterizedTypeException
Event: 15.925 Loading class java/lang/reflect/MalformedParameterizedTypeException done

Classes unloaded (0 events):
No events

Classes redefined (0 events):
No events

Internal exceptions (20 events):
Event: 13.891 Thread 0x000001cfe10a4aa0 Exception <a 'java/lang/NoSuchMethodError'{0x0000000082f9bde8}: static Lorg/gradle/tooling/internal/consumer/connection/InternalBuildActionAdapter;.<clinit>()V> (0x0000000082f9bde8) 
thrown [s\src\hotspot\share\prims\jni.cpp, line 1112]
Event: 13.991 Thread 0x000001cfe10a4aa0 Exception <a 'java/lang/NoSuchMethodError'{0x0000000082d1cae0}: static Lorg/gradle/tooling/internal/consumer/versioning/VersionDetails;.<clinit>()V> (0x0000000082d1cae0) 
thrown [s\src\hotspot\share\prims\jni.cpp, line 1112]
Event: 13.991 Thread 0x000001cfe10a4aa0 Exception <a 'java/lang/NoSuchMethodError'{0x0000000082d1f550}: static Lorg/gradle/tooling/internal/consumer/versioning/VersionDetails$R26VersionDetails;.<clinit>()V> (0x0000000082d1f550) 
thrown [s\src\hotspot\share\prims\jni.cpp, line 1112]
Event: 13.991 Thread 0x000001cfe10a4aa0 Exception <a 'java/lang/NoSuchMethodError'{0x0000000082d20b78}: static Lorg/gradle/tooling/internal/consumer/versioning/VersionDetails$R28VersionDetails;.<clinit>()V> (0x0000000082d20b78) 
thrown [s\src\hotspot\share\prims\jni.cpp, line 1112]
Event: 13.991 Thread 0x000001cfe10a4aa0 Exception <a 'java/lang/NoSuchMethodError'{0x0000000082d22130}: static Lorg/gradle/tooling/internal/consumer/versioning/VersionDetails$R35VersionDetails;.<clinit>()V> (0x0000000082d22130) 
thrown [s\src\hotspot\share\prims\jni.cpp, line 1112]
Event: 13.991 Thread 0x000001cfe10a4aa0 Exception <a 'java/lang/NoSuchMethodError'{0x0000000082d238b0}: static Lorg/gradle/tooling/internal/consumer/versioning/VersionDetails$R44VersionDetails;.<clinit>()V> (0x0000000082d238b0) 
thrown [s\src\hotspot\share\prims\jni.cpp, line 1112]
Event: 13.991 Thread 0x000001cfe10a4aa0 Exception <a 'java/lang/NoSuchMethodError'{0x0000000082d24f68}: static Lorg/gradle/tooling/internal/consumer/versioning/VersionDetails$R48VersionDetails;.<clinit>()V> (0x0000000082d24f68) 
thrown [s\src\hotspot\share\prims\jni.cpp, line 1112]
Event: 13.992 Thread 0x000001cfe10a4aa0 Exception <a 'java/lang/NoSuchMethodError'{0x0000000082d26218}: static Lorg/gradle/tooling/internal/consumer/versioning/VersionDetails$R51VersionDetails;.<clinit>()V> (0x0000000082d26218) 
thrown [s\src\hotspot\share\prims\jni.cpp, line 1112]
Event: 13.995 Thread 0x000001cfe10a4aa0 Exception <a 'java/lang/NoSuchMethodError'{0x0000000082d38498}: static [Lorg/gradle/tooling/BuildAction;.<clinit>()V> (0x0000000082d38498) 
thrown [s\src\hotspot\share\prims\jni.cpp, line 1112]
Event: 13.998 Thread 0x000001cfe10a4aa0 Exception <a 'java/lang/NoSuchMethodError'{0x0000000082d48e98}: static Lorg/eclipse/buildship/core/internal/workspace/TellGradleToRunSynchronizationTasks;.<clinit>()V> (0x0000000082d48e98) 
thrown [s\src\hotspot\share\prims\jni.cpp, line 1112]
Event: 14.010 Thread 0x000001cfe10a4aa0 Exception <a 'java/lang/NoSuchMethodError'{0x0000000082d70580}: 'java.lang.Object java.lang.invoke.DirectMethodHandle$Holder.newInvokeSpecial(java.lang.Object, java.lang.Object, java.lang.Object, int)'> (0x0000000082d70580) 
thrown [s\src\hotspot\share\interpreter\linkResolver.cpp, line 759]
Event: 14.012 Thread 0x000001cfe10a4aa0 Exception <a 'java/lang/NoSuchMethodError'{0x0000000082d74c08}: 'java.lang.Object java.lang.invoke.DirectMethodHandle$Holder.invokeSpecial(java.lang.Object, java.lang.Object, java.lang.Object, java.lang.Object, int)'> (0x0000000082d74c08) 
thrown [s\src\hotspot\share\interpreter\linkResolver.cpp, line 759]
Event: 14.012 Thread 0x000001cfe10a4aa0 Exception <a 'java/lang/NoSuchMethodError'{0x0000000082d78a78}: 'java.lang.Object java.lang.invoke.Invokers$Holder.linkToTargetMethod(java.lang.Object, java.lang.Object, int, java.lang.Object)'> (0x0000000082d78a78) 
thrown [s\src\hotspot\share\interpreter\linkResolver.cpp, line 759]
Event: 14.828 Thread 0x000001cfe10a4aa0 Exception <a 'java/lang/IncompatibleClassChangeError'{0x0000000082c37d58}: Found class java.lang.Object, but interface was expected> (0x0000000082c37d58) 
thrown [s\src\hotspot\share\interpreter\linkResolver.cpp, line 826]
Event: 14.925 Thread 0x000001cfe10a4aa0 Exception <a 'java/lang/NoSuchMethodError'{0x0000000082be0918}: 'java.lang.Object java.lang.invoke.DirectMethodHandle$Holder.invokeVirtual(java.lang.Object, java.lang.Object, int)'> (0x0000000082be0918) 
thrown [s\src\hotspot\share\interpreter\linkResolver.cpp, line 759]
Event: 14.933 Thread 0x000001cfe10a4aa0 Exception <a 'java/lang/NoSuchMethodError'{0x0000000082a10d58}: 'void java.lang.invoke.DirectMethodHandle$Holder.invokeStatic(java.lang.Object, java.lang.Object, java.lang.Object, int)'> (0x0000000082a10d58) 
thrown [s\src\hotspot\share\interpreter\linkResolver.cpp, line 759]
Event: 15.531 Thread 0x000001cfe10a4aa0 Exception <a 'java/lang/NoSuchMethodError'{0x00000000836d4388}: 'java.lang.Object java.lang.invoke.DirectMethodHandle$Holder.invokeStaticInit(java.lang.Object, java.lang.Object, java.lang.Object, java.lang.Object, java.lang.Object, java.lang.Object, java.lang.Object)'> (0x00000000836d4388) 
thrown [s\src\hotspot\share\interpreter\linkResolver.cpp, line 759]
Event: 15.540 Thread 0x000001cfe10a4aa0 Exception <a 'java/lang/NoSuchMethodError'{0x00000000836ff318}: 'java.lang.Object java.lang.invoke.DirectMethodHandle$Holder.invokeSpecial(java.lang.Object, java.lang.Object, java.lang.Object, int, java.lang.Object, java.lang.Object)'> (0x00000000836ff318) 
thrown [s\src\hotspot\share\interpreter\linkResolver.cpp, line 759]
Event: 15.860 Thread 0x000001cfe10a4aa0 Implicit null exception at 0x000001cfb3256e8b to 0x000001cfb3257318
Event: 15.894 Thread 0x000001cfe10a4aa0 Exception <a 'java/lang/NoSuchMethodError'{0x0000000082e5e080}: 'java.lang.Object java.lang.invoke.DirectMethodHandle$Holder.invokeStaticInit(java.lang.Object, java.lang.Object, java.lang.Object)'> (0x0000000082e5e080) 
thrown [s\src\hotspot\share\interpreter\linkResolver.cpp, line 759]

VM Operations (20 events):
Event: 13.783 Executing VM operation: HandshakeAllThreads
Event: 13.783 Executing VM operation: HandshakeAllThreads done
Event: 14.396 Executing VM operation: G1CollectForAllocation
Event: 14.401 Executing VM operation: G1CollectForAllocation done
Event: 14.425 Executing VM operation: HandshakeAllThreads
Event: 14.426 Executing VM operation: HandshakeAllThreads done
Event: 14.833 Executing VM operation: HandshakeAllThreads
Event: 14.834 Executing VM operation: HandshakeAllThreads done
Event: 15.441 Executing VM operation: G1CollectForAllocation
Event: 15.445 Executing VM operation: G1CollectForAllocation done
Event: 15.454 Executing VM operation: HandshakeAllThreads
Event: 15.454 Executing VM operation: HandshakeAllThreads done
Event: 15.455 Executing VM operation: HandshakeAllThreads
Event: 15.455 Executing VM operation: HandshakeAllThreads done
Event: 15.492 Executing VM operation: G1PauseRemark
Event: 15.495 Executing VM operation: G1PauseRemark done
Event: 15.514 Executing VM operation: G1PauseCleanup
Event: 15.514 Executing VM operation: G1PauseCleanup done
Event: 15.830 Executing VM operation: HandshakeAllThreads
Event: 15.830 Executing VM operation: HandshakeAllThreads done

Memory protections (0 events):
No events

Nmethod flushes (0 events):
No events

Events (20 events):
Event: 6.826 Thread 0x000001cfa224b660 Thread added: 0x000001cfe10a3660
Event: 7.340 Thread 0x000001cfe10a59d0 Thread added: 0x000001cfe10a4080
Event: 7.351 Thread 0x000001cfe10a4080 Thread added: 0x000001cfe10a5ee0
Event: 7.656 Thread 0x000001cfe10a4080 Thread added: 0x000001cfe10a4590
Event: 7.687 Thread 0x000001cfe10a4080 Thread added: 0x000001cfe10a4aa0
Event: 7.713 Thread 0x000001cfe10a4aa0 Thread added: 0x000001cfe10a63f0
Event: 7.726 Thread 0x000001cfe10a4aa0 Thread added: 0x000001cfe10a4fb0
Event: 7.734 Thread 0x000001cfe10a4aa0 Thread added: 0x000001cfe2083960
Event: 9.652 Thread 0x000001cfe10a4aa0 Thread added: 0x000001cfe2084890
Event: 9.672 Thread 0x000001cfe10a4aa0 Thread added: 0x000001cfe20810e0
Event: 9.957 Thread 0x000001cfe10a4aa0 Thread added: 0x000001cfe2081b00
Event: 12.483 Thread 0x000001cfe10a4aa0 Thread added: 0x000001cfe2082010
Event: 12.548 Thread 0x000001cfe10a4aa0 Thread added: 0x000001cfe2083e70
Event: 13.301 Thread 0x000001cfe10a4aa0 Thread added: 0x000001cfe2084380
Event: 13.312 Thread 0x000001cfe10a4aa0 Thread added: 0x000001cfe20857c0
Event: 13.528 Thread 0x000001cfe10a4aa0 Thread added: 0x000001cfe2084da0
Event: 13.531 Thread 0x000001cfe10a4aa0 Thread added: 0x000001cfe20852b0
Event: 13.531 Thread 0x000001cfe10a4aa0 Thread added: 0x000001cfe2085cd0
Event: 14.973 Thread 0x000001cfe10a4aa0 Thread added: 0x000001cfe20861e0
Event: 15.640 Thread 0x000001cfe20810e0 Thread added: 0x000001cfe2082f40


Dynamic libraries:
0x00007ff7923e0000 - 0x00007ff7923ee000 	C:\Program Files\Eclipse Adoptium\jdk-17.0.19.10-hotspot\bin\java.exe
0x00007ffdad120000 - 0x00007ffdad386000 	C:\WINDOWS\SYSTEM32\ntdll.dll
0x00007ffdab4a0000 - 0x00007ffdab569000 	C:\WINDOWS\System32\KERNEL32.DLL
0x00007ffdaa4e0000 - 0x00007ffdaa8de000 	C:\WINDOWS\System32\KERNELBASE.dll
0x00007ffdaaba0000 - 0x00007ffdaacec000 	C:\WINDOWS\System32\ucrtbase.dll
0x00007ffd7dfa0000 - 0x00007ffd7dfb8000 	C:\Program Files\Eclipse Adoptium\jdk-17.0.19.10-hotspot\bin\jli.dll
0x00007ffd7df20000 - 0x00007ffd7df3e000 	C:\Program Files\Eclipse Adoptium\jdk-17.0.19.10-hotspot\bin\VCRUNTIME140.dll
0x00007ffdac990000 - 0x00007ffdacb57000 	C:\WINDOWS\System32\USER32.dll
0x00007ffdaa340000 - 0x00007ffdaa367000 	C:\WINDOWS\System32\win32u.dll
0x00007ffd90f40000 - 0x00007ffd911d2000 	C:\WINDOWS\WinSxS\amd64_microsoft.windows.common-controls_6595b64144ccf1df_6.0.26100.8894_none_3e0f749ee32e02ea\COMCTL32.dll
0x00007ffdace30000 - 0x00007ffdaced9000 	C:\WINDOWS\System32\msvcrt.dll
0x00007ffdace00000 - 0x00007ffdace2b000 	C:\WINDOWS\System32\GDI32.dll
0x00007ffdaa8f0000 - 0x00007ffdaaa1a000 	C:\WINDOWS\System32\gdi32full.dll
0x00007ffdaa370000 - 0x00007ffdaa413000 	C:\WINDOWS\System32\msvcp_win.dll
0x00007ffdad0a0000 - 0x00007ffdad0d2000 	C:\WINDOWS\System32\IMM32.DLL
0x00007ffd854c0000 - 0x00007ffd854cc000 	C:\Program Files\Eclipse Adoptium\jdk-17.0.19.10-hotspot\bin\vcruntime140_1.dll
0x00007ffd3fb80000 - 0x00007ffd3fc0d000 	C:\Program Files\Eclipse Adoptium\jdk-17.0.19.10-hotspot\bin\msvcp140.dll
0x00007ffd01fb0000 - 0x00007ffd02c1c000 	C:\Program Files\Eclipse Adoptium\jdk-17.0.19.10-hotspot\bin\server\jvm.dll
0x00007ffdabc90000 - 0x00007ffdabd47000 	C:\WINDOWS\System32\ADVAPI32.dll
0x00007ffdab3f0000 - 0x00007ffdab49a000 	C:\WINDOWS\System32\sechost.dll
0x00007ffdacf70000 - 0x00007ffdad088000 	C:\WINDOWS\System32\RPCRT4.dll
0x00007ffdab050000 - 0x00007ffdab0d0000 	C:\WINDOWS\System32\WS2_32.dll
0x00007ffdaa1c0000 - 0x00007ffdaa21e000 	C:\WINDOWS\SYSTEM32\POWRPROF.dll
0x00007ffda2df0000 - 0x00007ffda2e26000 	C:\WINDOWS\SYSTEM32\WINMM.dll
0x00007ffda4270000 - 0x00007ffda427b000 	C:\WINDOWS\SYSTEM32\VERSION.dll
0x00007ffdaa1a0000 - 0x00007ffdaa1b4000 	C:\WINDOWS\SYSTEM32\UMPDC.dll
0x00007ffda8fe0000 - 0x00007ffda8ffb000 	C:\WINDOWS\SYSTEM32\kernel.appcore.dll
0x00007ffd84060000 - 0x00007ffd8406a000 	C:\Program Files\Eclipse Adoptium\jdk-17.0.19.10-hotspot\bin\jimage.dll
0x00007ffda02e0000 - 0x00007ffda0522000 	C:\WINDOWS\SYSTEM32\DBGHELP.DLL
0x00007ffdac590000 - 0x00007ffdac913000 	C:\WINDOWS\System32\combase.dll
0x00007ffdabbb0000 - 0x00007ffdabc89000 	C:\WINDOWS\System32\OLEAUT32.dll
0x00007ffd8fdc0000 - 0x00007ffd8fdfb000 	C:\WINDOWS\SYSTEM32\dbgcore.DLL
0x00007ffdaa420000 - 0x00007ffdaa4cc000 	C:\WINDOWS\System32\bcryptPrimitives.dll
0x00007ffd7f590000 - 0x00007ffd7f59e000 	C:\Program Files\Eclipse Adoptium\jdk-17.0.19.10-hotspot\bin\instrument.dll
0x00007ffd52bd0000 - 0x00007ffd52bf5000 	C:\Program Files\Eclipse Adoptium\jdk-17.0.19.10-hotspot\bin\java.dll
0x00007ffd341a0000 - 0x00007ffd34277000 	C:\Program Files\Eclipse Adoptium\jdk-17.0.19.10-hotspot\bin\jsvml.dll
0x00007ffdabdf0000 - 0x00007ffdac582000 	C:\WINDOWS\System32\SHELL32.dll
0x00007ffda7dc0000 - 0x00007ffda8652000 	C:\WINDOWS\SYSTEM32\windows.storage.dll
0x00007ffdab2e0000 - 0x00007ffdab3d7000 	C:\WINDOWS\System32\SHCORE.dll
0x00007ffdac920000 - 0x00007ffdac987000 	C:\WINDOWS\System32\shlwapi.dll
0x00007ffdaa260000 - 0x00007ffdaa289000 	C:\WINDOWS\SYSTEM32\profapi.dll
0x00007ffd7aa90000 - 0x00007ffd7aaa8000 	C:\Program Files\Eclipse Adoptium\jdk-17.0.19.10-hotspot\bin\zip.dll
0x00007ffd52b70000 - 0x00007ffd52b8a000 	C:\Program Files\Eclipse Adoptium\jdk-17.0.19.10-hotspot\bin\net.dll
0x00007ffda00f0000 - 0x00007ffda0217000 	C:\WINDOWS\SYSTEM32\WINHTTP.dll
0x00007ffda9570000 - 0x00007ffda95dc000 	C:\WINDOWS\system32\mswsock.dll
0x00007ffd52b50000 - 0x00007ffd52b66000 	C:\Program Files\Eclipse Adoptium\jdk-17.0.19.10-hotspot\bin\nio.dll
0x00007ffd7df90000 - 0x00007ffd7dfa0000 	C:\Program Files\Eclipse Adoptium\jdk-17.0.19.10-hotspot\bin\verify.dll
0x00007ffd41cd0000 - 0x00007ffd41cf7000 	C:\Users\HP\.gradle\native\1def1411415f61bf3af743bc5b6707747c0891f09f0c88961ee8f79bc544acac\windows-amd64\native-platform.dll
0x00007ffd52c20000 - 0x00007ffd52c98000 	C:\Users\HP\.gradle\native\0.2.7\x86_64-windows-gnu\gradle-fileevents.dll
0x00007ffd7df10000 - 0x00007ffd7df1a000 	C:\Program Files\Eclipse Adoptium\jdk-17.0.19.10-hotspot\bin\management.dll
0x00007ffd7def0000 - 0x00007ffd7defc000 	C:\Program Files\Eclipse Adoptium\jdk-17.0.19.10-hotspot\bin\management_ext.dll
0x00007ffdab3e0000 - 0x00007ffdab3e8000 	C:\WINDOWS\System32\PSAPI.DLL
0x00007ffda8990000 - 0x00007ffda89c3000 	C:\WINDOWS\SYSTEM32\IPHLPAPI.DLL
0x00007ffdad090000 - 0x00007ffdad09a000 	C:\WINDOWS\System32\NSI.dll
0x00007ffd9fe70000 - 0x00007ffd9fe8d000 	C:\WINDOWS\SYSTEM32\dhcpcsvc6.DLL
0x00007ffd9ff90000 - 0x00007ffd9ffb5000 	C:\WINDOWS\SYSTEM32\dhcpcsvc.DLL
0x00007ffda8a20000 - 0x00007ffda8b76000 	C:\WINDOWS\SYSTEM32\DNSAPI.dll
0x00007ffda9390000 - 0x00007ffda939d000 	C:\WINDOWS\SYSTEM32\DSPARSE.dll
0x00007ffd7dea0000 - 0x00007ffd7dea9000 	C:\Program Files\Eclipse Adoptium\jdk-17.0.19.10-hotspot\bin\extnet.dll
0x00007ffda99a0000 - 0x00007ffda99bb000 	C:\WINDOWS\SYSTEM32\CRYPTSP.dll
0x00007ffda8f40000 - 0x00007ffda8f79000 	C:\WINDOWS\system32\rsaenh.dll
0x00007ffda9630000 - 0x00007ffda9662000 	C:\WINDOWS\SYSTEM32\USERENV.dll
0x00007ffdaa230000 - 0x00007ffdaa25a000 	C:\WINDOWS\SYSTEM32\bcrypt.dll
0x00007ffda97e0000 - 0x00007ffda97ec000 	C:\WINDOWS\SYSTEM32\CRYPTBASE.dll
0x00007ffd7acb0000 - 0x00007ffd7acbe000 	C:\Program Files\Eclipse Adoptium\jdk-17.0.19.10-hotspot\bin\sunmscapi.dll
0x00007ffdaaa20000 - 0x00007ffdaab98000 	C:\WINDOWS\System32\CRYPT32.dll
0x00007ffda9b10000 - 0x00007ffda9b40000 	C:\WINDOWS\SYSTEM32\ncrypt.dll
0x00007ffda9ac0000 - 0x00007ffda9aff000 	C:\WINDOWS\SYSTEM32\NTASN1.dll
0x00007ffd47850000 - 0x00007ffd47858000 	C:\WINDOWS\system32\wshunix.dll

dbghelp: loaded successfully - version: 4.0.5 - missing functions: none
symbol engine: initialized successfully - sym options: 0x614 - pdb path: .;C:\Program Files\Eclipse Adoptium\jdk-17.0.19.10-hotspot\bin;C:\WINDOWS\SYSTEM32;C:\WINDOWS\WinSxS\amd64_microsoft.windows.common-controls_6595b64144ccf1df_6.0.26100.8894_none_3e0f749ee32e02ea;C:\Program Files\Eclipse Adoptium\jdk-17.0.19.10-hotspot\bin\server;C:\Users\HP\.gradle\native\1def1411415f61bf3af743bc5b6707747c0891f09f0c88961ee8f79bc544acac\windows-amd64;C:\Users\HP\.gradle\native\0.2.7\x86_64-windows-gnu

VM Arguments:
jvm_args: --add-opens=java.base/java.lang=ALL-UNNAMED --add-opens=java.base/java.lang.invoke=ALL-UNNAMED --add-opens=java.base/java.util=ALL-UNNAMED --add-opens=java.prefs/java.util.prefs=ALL-UNNAMED --add-exports=jdk.compiler/com.sun.tools.javac.api=ALL-UNNAMED --add-exports=jdk.compiler/com.sun.tools.javac.util=ALL-UNNAMED --add-opens=java.base/java.util=ALL-UNNAMED --add-opens=java.prefs/java.util.prefs=ALL-UNNAMED --add-opens=java.base/java.nio.charset=ALL-UNNAMED --add-opens=java.base/java.net=ALL-UNNAMED --add-opens=java.base/java.util.concurrent.atomic=ALL-UNNAMED --add-opens=java.xml/javax.xml.namespace=ALL-UNNAMED -XX:MaxMetaspaceSize=512m -Xmx2048m -Dfile.encoding=UTF-8 -Duser.country=US -Duser.language=en -Duser.variant -javaagent:C:\Users\HP\.gradle\wrapper\dists\gradle-8.14.3-all\10utluxaxniiv4wxiphsi49nj\gradle-8.14.3\lib\agents\gradle-instrumentation-agent-8.14.3.jar 
java_command: org.gradle.launcher.daemon.bootstrap.GradleDaemon 8.14.3
java_class_path (initial): C:\Users\HP\.gradle\wrapper\dists\gradle-8.14.3-all\10utluxaxniiv4wxiphsi49nj\gradle-8.14.3\lib\gradle-daemon-main-8.14.3.jar
Launcher Type: SUN_STANDARD

[Global flags]
     intx CICompilerCount                          = 3                                         {product} {ergonomic}
   size_t CompressedClassSpaceSize                 = 436207616                                 {product} {ergonomic}
     uint ConcGCThreads                            = 1                                         {product} {ergonomic}
     uint G1ConcRefinementThreads                  = 4                                         {product} {ergonomic}
   size_t G1HeapRegionSize                         = 1048576                                   {product} {ergonomic}
    uintx GCDrainStackTargetSize                   = 64                                        {product} {ergonomic}
   size_t InitialHeapSize                          = 58720256                                  {product} {ergonomic}
   size_t MarkStackSize                            = 4194304                                   {product} {ergonomic}
   size_t MaxHeapSize                              = 2147483648                                {product} {command line}
   size_t MaxMetaspaceSize                         = 536870912                                 {product} {command line}
   size_t MaxNewSize                               = 1287651328                                {product} {ergonomic}
   size_t MinHeapDeltaBytes                        = 1048576                                   {product} {ergonomic}
   size_t MinHeapSize                              = 8388608                                   {product} {ergonomic}
    uintx NonNMethodCodeHeapSize                   = 5832780                                {pd product} {ergonomic}
    uintx NonProfiledCodeHeapSize                  = 122912730                              {pd product} {ergonomic}
    uintx ProfiledCodeHeapSize                     = 122912730                              {pd product} {ergonomic}
    uintx ReservedCodeCacheSize                    = 251658240                              {pd product} {ergonomic}
     bool SegmentedCodeCache                       = true                                      {product} {ergonomic}
   size_t SoftMaxHeapSize                          = 2147483648                             {manageable} {ergonomic}
     bool UseCompressedClassPointers               = true                           {product lp64_product} {ergonomic}
     bool UseCompressedOops                        = true                           {product lp64_product} {ergonomic}
     bool UseG1GC                                  = true                                      {product} {ergonomic}
     bool UseLargePagesIndividualAllocation        = false                                  {pd product} {ergonomic}

Logging:
Log output configuration:
 #0: stdout all=warning uptime,level,tags
 #1: stderr all=off uptime,level,tags

Environment Variables:
JAVA_HOME=C:\Program Files\Eclipse Adoptium\jdk-17.0.19.10-hotspot\
PATH=C:\Program Files\Eclipse Adoptium\jdk-17.0.19.10-hotspot\bin;C:\Python314\Scripts\;C:\Python314\;C:\WINDOWS\system32;C:\WINDOWS;C:\WINDOWS\System32\Wbem;C:\WINDOWS\System32\WindowsPowerShell\v1.0\;C:\WINDOWS\System32\OpenSSH\;C:\Program Files\Git\cmd;C:\Program Files\nodejs\;C:\ProgramData\chocolatey\bin;C:\Users\HP\AppData\Local\Microsoft\WindowsApps;C:\Users\HP\AppData\Roaming\npm;C:\Users\HP\AppData\Local\Programs\Microsoft VS Code\bin
USERNAME=HP
OS=Windows_NT
PROCESSOR_IDENTIFIER=AMD64 Family 23 Model 24 Stepping 1, AuthenticAMD
TMP=C:\Users\HP\AppData\Local\Temp
TEMP=C:\Users\HP\AppData\Local\Temp



Periodic native trim disabled


---------------  S Y S T E M  ---------------

OS:
 Windows 11 , 64 bit Build 26100 (10.0.26100.8875)
OS uptime: 0 days 3:34 hours
Hyper-V role detected

CPU: total 4 (initial active 4) (4 cores per cpu, 2 threads per core) family 23 model 24 stepping 1 microcode 0x8108109, cx8, cmov, fxsr, ht, mmx, 3dnowpref, sse, sse2, sse3, ssse3, sse4a, sse4.1, sse4.2, popcnt, lzcnt, tsc, tscinvbit, avx, avx2, aes, clmul, bmi1, bmi2, adx, sha, fma, vzeroupper, clflush, clflushopt, hv
Processor Information for all 4 processors :
  Max Mhz: 2400, Current Mhz: 2400, Mhz Limit: 2400

Memory: 4k page, system-wide physical 3499M (194M free)
TotalPageFile size 14251M (AvailPageFile size 4M)
current process WorkingSet (physical memory assigned to process): 176M, peak: 183M
current process commit charge ("private bytes"): 205M, peak: 214M

vm_info: OpenJDK 64-Bit Server VM (17.0.19+10) for windows-amd64 JRE (17.0.19+10), built on Apr 25 2026 08:04:44 by "admin" with MS VC++ 17.12 (VS2022)

END.
