#
# There is insufficient memory for the Java Runtime Environment to continue.
# Native memory allocation (malloc) failed to allocate 865760 bytes. Error detail: Chunk::new
# Possible reasons:
#   The system is out of physical RAM or swap space
#   This process is running with CompressedOops enabled, and the Java Heap may be blocking the growth of the native heap
# Possible solutions:
#   Reduce memory load on the system
#   Increase physical memory or swap space
#   Check if swap backing store is full
#   Decrease Java heap size (-Xmx/-Xms)
#   Decrease number of Java threads
#   Decrease Java thread stack sizes (-Xss)
#   Set larger code cache with -XX:ReservedCodeCacheSize=
#   JVM is running with Unscaled Compressed Oops mode in which the Java heap is
#     placed in the first 4GB address space. The Java Heap base address is the
#     maximum limit for the native heap growth. Please use -XX:HeapBaseMinAddress
#     to set the Java Heap base and to place the Java Heap above 4GB virtual address.
# This output file may be truncated or incomplete.
#
#  Out of Memory Error (arena.cpp:191), pid=3104, tid=12296
#
# JRE version: OpenJDK Runtime Environment Temurin-17.0.19+10 (17.0.19+10) (build 17.0.19+10)
# Java VM: OpenJDK 64-Bit Server VM Temurin-17.0.19+10 (17.0.19+10, mixed mode, sharing, tiered, compressed oops, compressed class ptrs, g1 gc, windows-amd64)
# No core dump will be written. Minidumps are not enabled by default on client versions of Windows
#

---------------  S U M M A R Y ------------

Command Line: --add-opens=java.base/java.lang=ALL-UNNAMED --add-opens=java.base/java.lang.invoke=ALL-UNNAMED --add-opens=java.base/java.util=ALL-UNNAMED --add-opens=java.prefs/java.util.prefs=ALL-UNNAMED --add-exports=jdk.compiler/com.sun.tools.javac.api=ALL-UNNAMED --add-exports=jdk.compiler/com.sun.tools.javac.util=ALL-UNNAMED --add-opens=java.base/java.util=ALL-UNNAMED --add-opens=java.prefs/java.util.prefs=ALL-UNNAMED --add-opens=java.base/java.nio.charset=ALL-UNNAMED --add-opens=java.base/java.net=ALL-UNNAMED --add-opens=java.base/java.util.concurrent.atomic=ALL-UNNAMED --add-opens=java.xml/javax.xml.namespace=ALL-UNNAMED -XX:MaxMetaspaceSize=512m -Xmx2048m -Dfile.encoding=UTF-8 -Duser.country=US -Duser.language=en -Duser.variant -javaagent:C:\Users\HP\.gradle\wrapper\dists\gradle-8.14.3-all\10utluxaxniiv4wxiphsi49nj\gradle-8.14.3\lib\agents\gradle-instrumentation-agent-8.14.3.jar org.gradle.launcher.daemon.bootstrap.GradleDaemon 8.14.3

Host: AMD Athlon Gold 3150U with Radeon Graphics     , 4 cores, 3G,  Windows 11 , 64 bit Build 26100 (10.0.26100.8875)
Time: Fri Jul 24 00:43:01 2026 Malay Peninsula Standard Time elapsed time: 103.346301 seconds (0d 0h 1m 43s)

---------------  T H R E A D  ---------------

Current thread (0x000002136b6142f0):  JavaThread "C2 CompilerThread0" daemon [_thread_in_native, id=12296, stack(0x0000009044c00000,0x0000009044d00000)]


Current CompileTask:
C2:103346 12122       4       com.android.build.gradle.options.ProjectOptions$OptionValue$$Lambda$1148/0x0000021301776c80::call (12 bytes)

Stack: [0x0000009044c00000,0x0000009044d00000]
Native frames: (J=compiled Java code, j=interpreted, Vv=VM code, C=native code)
V  [jvm.dll+0x684b29]
V  [jvm.dll+0x83a2d5]
V  [jvm.dll+0x83bd4e]
V  [jvm.dll+0x83c3d3]
V  [jvm.dll+0x24905f]
V  [jvm.dll+0xad536]
V  [jvm.dll+0xadbdc]
V  [jvm.dll+0x368d9e]
V  [jvm.dll+0x3331d5]
V  [jvm.dll+0x33263a]
V  [jvm.dll+0x219e69]
V  [jvm.dll+0x2192af]
V  [jvm.dll+0x1a49f0]
V  [jvm.dll+0x2299fa]
V  [jvm.dll+0x227bab]
V  [jvm.dll+0x7f0a88]
V  [jvm.dll+0x7eaf1c]
V  [jvm.dll+0x6839f7]
C  [ucrtbase.dll+0x2cd30]
C  [KERNEL32.DLL+0x2e957]
C  [ntdll.dll+0xaad6c]


---------------  P R O C E S S  ---------------

Threads class SMR info:
_java_thread_list=0x0000021376047160, length=71, elements={
0x000002134fcfc370, 0x000002136b5f5ab0, 0x000002136b5f8d30, 0x000002136b60e4c0,
0x000002136b60ed90, 0x000002136b60f660, 0x000002136b6136f0, 0x000002136b6142f0,
0x000002136b633830, 0x000002136daf0020, 0x000002136b5e42a0, 0x000002136dcbf270,
0x00000213735c2810, 0x00000213738eaca0, 0x00000213738ea780, 0x000002137278ba80,
0x00000213735ec760, 0x00000213735ec250, 0x00000213735ecc70, 0x00000213735ed180,
0x00000213735ed690, 0x00000213735edba0, 0x00000213735ee0b0, 0x00000213735ee5c0,
0x00000213735eae10, 0x00000213735eb830, 0x00000213735ebd40, 0x00000213754353a0,
0x0000021375437710, 0x00000213754367e0, 0x0000021375437c20, 0x0000021375436cf0,
0x0000021375437200, 0x0000021375435dc0, 0x0000021375438640, 0x0000021375434e90,
0x000002137543aec0, 0x0000021375438b50, 0x000002137543c810, 0x000002137543a9b0,
0x0000021375439060, 0x0000021375439570, 0x0000021375439a80, 0x0000021375439f90,
0x000002137543a4a0, 0x00000213757df440, 0x00000213757e0370, 0x00000213757e0880,
0x00000213757dfe60, 0x00000213757e0d90, 0x00000213757df950, 0x00000213757def30,
0x00000213757e4a50, 0x00000213757e4030, 0x00000213757e3b20, 0x00000213757e4540,
0x00000213757e17b0, 0x00000213757e5e90, 0x00000213757e68b0, 0x0000021374307800,
0x00000213743068d0, 0x0000021374308730, 0x0000021374304f80, 0x0000021374308c40,
0x0000021374305eb0, 0x00000213743063c0, 0x0000021374307d10, 0x00000213743059a0,
0x0000021374306de0, 0x00000213743072f0, 0x0000021374305490
}

Java Threads: ( => current thread )
  0x000002134fcfc370 JavaThread "main" [_thread_blocked, id=8304, stack(0x0000009043f00000,0x0000009044000000)]
  0x000002136b5f5ab0 JavaThread "Reference Handler" daemon [_thread_blocked, id=5080, stack(0x0000009044600000,0x0000009044700000)]
  0x000002136b5f8d30 JavaThread "Finalizer" daemon [_thread_blocked, id=7064, stack(0x0000009044700000,0x0000009044800000)]
  0x000002136b60e4c0 JavaThread "Signal Dispatcher" daemon [_thread_blocked, id=10060, stack(0x0000009044800000,0x0000009044900000)]
  0x000002136b60ed90 JavaThread "Attach Listener" daemon [_thread_blocked, id=12352, stack(0x0000009044900000,0x0000009044a00000)]
  0x000002136b60f660 JavaThread "Service Thread" daemon [_thread_blocked, id=2888, stack(0x0000009044a00000,0x0000009044b00000)]
  0x000002136b6136f0 JavaThread "Monitor Deflation Thread" daemon [_thread_blocked, id=13156, stack(0x0000009044b00000,0x0000009044c00000)]
=>0x000002136b6142f0 JavaThread "C2 CompilerThread0" daemon [_thread_in_native, id=12296, stack(0x0000009044c00000,0x0000009044d00000)]
  0x000002136b633830 JavaThread "C1 CompilerThread0" daemon [_thread_blocked, id=10864, stack(0x0000009044d00000,0x0000009044e00000)]
  0x000002136daf0020 JavaThread "Sweeper thread" daemon [_thread_blocked, id=2724, stack(0x0000009044e00000,0x0000009044f00000)]
  0x000002136b5e42a0 JavaThread "Common-Cleaner" daemon [_thread_blocked, id=12616, stack(0x0000009044f00000,0x0000009045000000)]
  0x000002136dcbf270 JavaThread "Notification Thread" daemon [_thread_blocked, id=8352, stack(0x0000009045000000,0x0000009045100000)]
  0x00000213735c2810 JavaThread "Daemon health stats" [_thread_blocked, id=12908, stack(0x0000009045500000,0x0000009045600000)]
  0x00000213738eaca0 JavaThread "Incoming local TCP Connector on port 53027" [_thread_in_native, id=5756, stack(0x0000009045600000,0x0000009045700000)]
  0x00000213738ea780 JavaThread "Daemon periodic checks" [_thread_blocked, id=8108, stack(0x0000009045700000,0x0000009045800000)]
  0x000002137278ba80 JavaThread "Daemon" [_thread_blocked, id=6940, stack(0x0000009045800000,0x0000009045900000)]
  0x00000213735ec760 JavaThread "Handler for socket connection from /127.0.0.1:53027 to /127.0.0.1:53028" [_thread_in_native, id=6276, stack(0x0000009045900000,0x0000009045a00000)]
  0x00000213735ec250 JavaThread "Cancel handler" [_thread_blocked, id=11060, stack(0x0000009045a00000,0x0000009045b00000)]
  0x00000213735ecc70 JavaThread "Daemon worker" [_thread_in_native, id=5488, stack(0x0000009045b00000,0x0000009045c00000)]
  0x00000213735ed180 JavaThread "Asynchronous log dispatcher for DefaultDaemonConnection: socket connection from /127.0.0.1:53027 to /127.0.0.1:53028" [_thread_blocked, id=3080, stack(0x0000009045c00000,0x0000009045d00000)]
  0x00000213735ed690 JavaThread "Stdin handler" [_thread_blocked, id=10508, stack(0x0000009045d00000,0x0000009045e00000)]
  0x00000213735edba0 JavaThread "Daemon client event forwarder" [_thread_blocked, id=12340, stack(0x0000009045e00000,0x0000009045f00000)]
  0x00000213735ee0b0 JavaThread "Cache worker for journal cache (C:\Users\HP\.gradle\caches\journal-1)" [_thread_blocked, id=3536, stack(0x0000009045f00000,0x0000009046000000)]
  0x00000213735ee5c0 JavaThread "File lock request listener" [_thread_in_native, id=9540, stack(0x0000009046000000,0x0000009046100000)]
  0x00000213735eae10 JavaThread "Cache worker for file hash cache (C:\Users\HP\.gradle\caches\8.14.3\fileHashes)" [_thread_blocked, id=456, stack(0x0000009046100000,0x0000009046200000)]
  0x00000213735eb830 JavaThread "Cache worker for file hash cache (D:\LSA 2025\LAST\PROJT\finance app\finance apps Ori\android\.gradle\8.14.3\fileHashes)" [_thread_blocked, id=12820, stack(0x0000009046200000,0x0000009046300000)]
  0x00000213735ebd40 JavaThread "Cache worker for Build Output Cleanup Cache (D:\LSA 2025\LAST\PROJT\finance app\finance apps Ori\android\.gradle\buildOutputCleanup)" [_thread_blocked, id=12396, stack(0x0000009046300000,0x0000009046400000)]
  0x00000213754353a0 JavaThread "File watcher server" daemon [_thread_in_native, id=11228, stack(0x0000009046400000,0x0000009046500000)]
  0x0000021375437710 JavaThread "File watcher consumer" daemon [_thread_blocked, id=3984, stack(0x0000009046500000,0x0000009046600000)]
  0x00000213754367e0 JavaThread "File lock release action executor" [_thread_blocked, id=3712, stack(0x0000009046600000,0x0000009046700000)]
  0x0000021375437c20 JavaThread "jar transforms" [_thread_blocked, id=5368, stack(0x0000009046700000,0x0000009046800000)]
  0x0000021375436cf0 JavaThread "jar transforms Thread 2" [_thread_blocked, id=5656, stack(0x0000009046800000,0x0000009046900000)]
  0x0000021375437200 JavaThread "jar transforms Thread 3" [_thread_blocked, id=10644, stack(0x0000009046900000,0x0000009046a00000)]
  0x0000021375435dc0 JavaThread "jar transforms Thread 4" [_thread_blocked, id=12276, stack(0x0000009046a00000,0x0000009046b00000)]
  0x0000021375438640 JavaThread "Cache worker for checksums cache (D:\LSA 2025\LAST\PROJT\finance app\finance apps Ori\android\.gradle\8.14.3\checksums)" [_thread_blocked, id=7696, stack(0x0000009043d00000,0x0000009043e00000)]
  0x0000021375434e90 JavaThread "Cache worker for file content cache (C:\Users\HP\.gradle\caches\8.14.3\fileContent)" [_thread_blocked, id=9832, stack(0x0000009046b00000,0x0000009046c00000)]
  0x000002137543aec0 JavaThread "Cache worker for cache directory md-supplier (C:\Users\HP\.gradle\caches\8.14.3\md-supplier)" [_thread_blocked, id=13072, stack(0x0000009046c00000,0x0000009046d00000)]
  0x0000021375438b50 JavaThread "Cache worker for cache directory md-rule (C:\Users\HP\.gradle\caches\8.14.3\md-rule)" [_thread_blocked, id=940, stack(0x0000009046d00000,0x0000009046e00000)]
  0x000002137543c810 JavaThread "Unconstrained build operations" [_thread_blocked, id=12428, stack(0x0000009047000000,0x0000009047100000)]
  0x000002137543a9b0 JavaThread "Unconstrained build operations Thread 2" [_thread_blocked, id=6092, stack(0x0000009047100000,0x0000009047200000)]
  0x0000021375439060 JavaThread "Unconstrained build operations Thread 3" [_thread_blocked, id=292, stack(0x0000009047200000,0x0000009047300000)]
  0x0000021375439570 JavaThread "Unconstrained build operations Thread 4" [_thread_blocked, id=12644, stack(0x0000009047300000,0x0000009047400000)]
  0x0000021375439a80 JavaThread "Unconstrained build operations Thread 5" [_thread_blocked, id=9952, stack(0x0000009047400000,0x0000009047500000)]
  0x0000021375439f90 JavaThread "Unconstrained build operations Thread 6" [_thread_blocked, id=8088, stack(0x0000009047500000,0x0000009047600000)]
  0x000002137543a4a0 JavaThread "Unconstrained build operations Thread 7" [_thread_blocked, id=12524, stack(0x0000009047600000,0x0000009047700000)]
  0x00000213757df440 JavaThread "Unconstrained build operations Thread 8" [_thread_blocked, id=11292, stack(0x0000009047700000,0x0000009047800000)]
  0x00000213757e0370 JavaThread "Unconstrained build operations Thread 9" [_thread_blocked, id=6660, stack(0x0000009047800000,0x0000009047900000)]
  0x00000213757e0880 JavaThread "Unconstrained build operations Thread 10" [_thread_blocked, id=5216, stack(0x0000009047900000,0x0000009047a00000)]
  0x00000213757dfe60 JavaThread "Unconstrained build operations Thread 11" [_thread_blocked, id=11964, stack(0x0000009047a00000,0x0000009047b00000)]
  0x00000213757e0d90 JavaThread "Unconstrained build operations Thread 12" [_thread_blocked, id=11708, stack(0x0000009047b00000,0x0000009047c00000)]
  0x00000213757df950 JavaThread "Unconstrained build operations Thread 13" [_thread_blocked, id=13028, stack(0x0000009047c00000,0x0000009047d00000)]
  0x00000213757def30 JavaThread "Unconstrained build operations Thread 14" [_thread_blocked, id=12636, stack(0x0000009047d00000,0x0000009047e00000)]
  0x00000213757e4a50 JavaThread "Unconstrained build operations Thread 15" [_thread_blocked, id=6672, stack(0x0000009047e00000,0x0000009047f00000)]
  0x00000213757e4030 JavaThread "Unconstrained build operations Thread 16" [_thread_blocked, id=11284, stack(0x0000009047f00000,0x0000009048000000)]
  0x00000213757e3b20 JavaThread "Unconstrained build operations Thread 17" [_thread_blocked, id=2132, stack(0x0000009048000000,0x0000009048100000)]
  0x00000213757e4540 JavaThread "Unconstrained build operations Thread 18" [_thread_blocked, id=5884, stack(0x0000009048100000,0x0000009048200000)]
  0x00000213757e17b0 JavaThread "Memory manager" [_thread_blocked, id=6756, stack(0x0000009043c00000,0x0000009043d00000)]
  0x00000213757e5e90 JavaThread "Problems report writer" [_thread_blocked, id=8480, stack(0x0000009043e00000,0x0000009043f00000)]
  0x00000213757e68b0 JavaThread "Unconstrained build operations Thread 19" [_thread_blocked, id=3372, stack(0x0000009048200000,0x0000009048300000)]
  0x0000021374307800 JavaThread "Unconstrained build operations Thread 20" [_thread_blocked, id=908, stack(0x0000009048300000,0x0000009048400000)]
  0x00000213743068d0 JavaThread "Unconstrained build operations Thread 21" [_thread_blocked, id=2372, stack(0x0000009048400000,0x0000009048500000)]
  0x0000021374308730 JavaThread "Unconstrained build operations Thread 22" [_thread_blocked, id=4376, stack(0x0000009048500000,0x0000009048600000)]
  0x0000021374304f80 JavaThread "Unconstrained build operations Thread 23" [_thread_blocked, id=11280, stack(0x0000009048600000,0x0000009048700000)]
  0x0000021374308c40 JavaThread "Unconstrained build operations Thread 24" [_thread_blocked, id=7024, stack(0x0000009048700000,0x0000009048800000)]
  0x0000021374305eb0 JavaThread "Unconstrained build operations Thread 25" [_thread_blocked, id=7460, stack(0x0000009048800000,0x0000009048900000)]
  0x00000213743063c0 JavaThread "Unconstrained build operations Thread 26" [_thread_blocked, id=5112, stack(0x0000009048900000,0x0000009048a00000)]
  0x0000021374307d10 JavaThread "Unconstrained build operations Thread 27" [_thread_blocked, id=2640, stack(0x0000009048a00000,0x0000009048b00000)]
  0x00000213743059a0 JavaThread "Unconstrained build operations Thread 28" [_thread_blocked, id=10040, stack(0x0000009048b00000,0x0000009048c00000)]
  0x0000021374306de0 JavaThread "Unconstrained build operations Thread 29" [_thread_blocked, id=4880, stack(0x0000009048c00000,0x0000009048d00000)]
  0x00000213743072f0 JavaThread "Unconstrained build operations Thread 30" [_thread_blocked, id=6684, stack(0x0000009048d00000,0x0000009048e00000)]
  0x0000021374305490 JavaThread "build event listener" [_thread_blocked, id=9240, stack(0x0000009048e00000,0x0000009048f00000)]

Other Threads:
  0x000002136b5f1f30 VMThread "VM Thread" [stack: 0x0000009044500000,0x0000009044600000] [id=12912]
  0x000002136dbeab30 WatcherThread [stack: 0x0000009045100000,0x0000009045200000] [id=13200]
  0x000002134fd5b200 GCTaskThread "GC Thread#0" [stack: 0x0000009044000000,0x0000009044100000] [id=2528]
  0x000002136dd3c640 GCTaskThread "GC Thread#1" [stack: 0x0000009045200000,0x0000009045300000] [id=8284]
  0x000002136dcc2fa0 GCTaskThread "GC Thread#2" [stack: 0x0000009045300000,0x0000009045400000] [id=7308]
  0x00000213724746d0 GCTaskThread "GC Thread#3" [stack: 0x0000009045400000,0x0000009045500000] [id=4396]
  0x000002134fdaa010 ConcurrentGCThread "G1 Main Marker" [stack: 0x0000009044100000,0x0000009044200000] [id=8068]
  0x000002134fdabf90 ConcurrentGCThread "G1 Conc#0" [stack: 0x0000009044200000,0x0000009044300000] [id=11360]
  0x000002136b4b1b30 ConcurrentGCThread "G1 Refine#0" [stack: 0x0000009044300000,0x0000009044400000] [id=5544]
  0x000002136b4b2310 ConcurrentGCThread "G1 Service" [stack: 0x0000009044400000,0x0000009044500000] [id=6420]

Threads with active compile tasks:
C2 CompilerThread0  103408 12122       4       com.android.build.gradle.options.ProjectOptions$OptionValue$$Lambda$1148/0x0000021301776c80::call (12 bytes)

VM state: not at safepoint (normal execution)

VM Mutex/Monitor currently owned by a thread: None

Heap address: 0x0000000080000000, size: 2048 MB, Compressed Oops mode: 32-bit

CDS archive(s) mapped at: [0x0000021300000000-0x0000021300bb0000-0x0000021300bb0000), size 12255232, SharedBaseAddress: 0x0000021300000000, ArchiveRelocationMode: 1.
Compressed class space mapped at: 0x0000021301000000-0x000002131b000000, reserved size: 436207616
Narrow klass base: 0x0000021300000000, Narrow klass shift: 0, Narrow klass range: 0x100000000

GC Precious Log:
 CPUs: 4 total, 4 available
 Memory: 3499M
 Large Page Support: Disabled
 NUMA Support: Disabled
 Compressed Oops: Enabled (32-bit)
 Heap Region Size: 1M
 Heap Min Capacity: 8M
 Heap Initial Capacity: 56M
 Heap Max Capacity: 2G
 Pre-touch: Disabled
 Parallel Workers: 4
 Concurrent Workers: 1
 Concurrent Refinement Workers: 4
 Periodic GC: Disabled

Heap:
 garbage-first heap   total 171008K, used 122461K [0x0000000080000000, 0x0000000100000000)
  region size 1024K, 11 young (11264K), 4 survivors (4096K)
 Metaspace       used 88346K, committed 89280K, reserved 557056K
  class space    used 12080K, committed 12480K, reserved 425984K

Heap Regions: E=young(eden), S=young(survivor), O=old, HS=humongous(starts), HC=humongous(continues), CS=collection set, F=free, OA=open archive, CA=closed archive, TAMS=top-at-mark-start (previous, next)
|   0|0x0000000080000000, 0x0000000080100000, 0x0000000080100000|100%|HS|  |TAMS 0x0000000080100000, 0x0000000080000000| Complete 
|   1|0x0000000080100000, 0x0000000080200000, 0x0000000080200000|100%|HC|  |TAMS 0x0000000080200000, 0x0000000080100000| Complete 
|   2|0x0000000080200000, 0x0000000080300000, 0x0000000080300000|100%|HC|  |TAMS 0x0000000080300000, 0x0000000080200000| Complete 
|   3|0x0000000080300000, 0x0000000080400000, 0x0000000080400000|100%| O|  |TAMS 0x0000000080400000, 0x0000000080300000| Untracked 
|   4|0x0000000080400000, 0x0000000080500000, 0x0000000080500000|100%| O|  |TAMS 0x0000000080500000, 0x0000000080400000| Untracked 
|   5|0x0000000080500000, 0x0000000080600000, 0x0000000080600000|100%| O|  |TAMS 0x0000000080600000, 0x0000000080500000| Untracked 
|   6|0x0000000080600000, 0x0000000080700000, 0x0000000080700000|100%| O|  |TAMS 0x0000000080700000, 0x0000000080600000| Untracked 
|   7|0x0000000080700000, 0x0000000080800000, 0x0000000080800000|100%| O|  |TAMS 0x0000000080800000, 0x0000000080700000| Untracked 
|   8|0x0000000080800000, 0x0000000080900000, 0x0000000080900000|100%| O|  |TAMS 0x0000000080900000, 0x0000000080800000| Untracked 
|   9|0x0000000080900000, 0x0000000080a00000, 0x0000000080a00000|100%| O|  |TAMS 0x0000000080a00000, 0x0000000080900000| Untracked 
|  10|0x0000000080a00000, 0x0000000080b00000, 0x0000000080b00000|100%|HS|  |TAMS 0x0000000080b00000, 0x0000000080a00000| Complete 
|  11|0x0000000080b00000, 0x0000000080c00000, 0x0000000080c00000|100%| O|  |TAMS 0x0000000080c00000, 0x0000000080b00000| Untracked 
|  12|0x0000000080c00000, 0x0000000080d00000, 0x0000000080d00000|100%| O|  |TAMS 0x0000000080d00000, 0x0000000080c00000| Untracked 
|  13|0x0000000080d00000, 0x0000000080e00000, 0x0000000080e00000|100%| O|  |TAMS 0x0000000080e00000, 0x0000000080d00000| Untracked 
|  14|0x0000000080e00000, 0x0000000080f00000, 0x0000000080f00000|100%| O|  |TAMS 0x0000000080f00000, 0x0000000080e00000| Untracked 
|  15|0x0000000080f00000, 0x0000000081000000, 0x0000000081000000|100%| O|  |TAMS 0x0000000081000000, 0x0000000080f00000| Untracked 
|  16|0x0000000081000000, 0x0000000081100000, 0x0000000081100000|100%| O|  |TAMS 0x0000000081100000, 0x0000000081000000| Untracked 
|  17|0x0000000081100000, 0x0000000081200000, 0x0000000081200000|100%| O|  |TAMS 0x0000000081200000, 0x0000000081100000| Untracked 
|  18|0x0000000081200000, 0x0000000081300000, 0x0000000081300000|100%| O|  |TAMS 0x0000000081300000, 0x0000000081200000| Untracked 
|  19|0x0000000081300000, 0x0000000081400000, 0x0000000081400000|100%| O|  |TAMS 0x0000000081400000, 0x0000000081300000| Untracked 
|  20|0x0000000081400000, 0x0000000081500000, 0x0000000081500000|100%| O|  |TAMS 0x0000000081500000, 0x0000000081400000| Untracked 
|  21|0x0000000081500000, 0x0000000081600000, 0x0000000081600000|100%| O|  |TAMS 0x0000000081600000, 0x0000000081500000| Untracked 
|  22|0x0000000081600000, 0x0000000081700000, 0x0000000081700000|100%| O|  |TAMS 0x0000000081700000, 0x0000000081600000| Untracked 
|  23|0x0000000081700000, 0x0000000081800000, 0x0000000081800000|100%| O|  |TAMS 0x0000000081800000, 0x0000000081700000| Untracked 
|  24|0x0000000081800000, 0x0000000081900000, 0x0000000081900000|100%| O|  |TAMS 0x0000000081900000, 0x0000000081800000| Untracked 
|  25|0x0000000081900000, 0x0000000081a00000, 0x0000000081a00000|100%| O|  |TAMS 0x0000000081900000, 0x0000000081900000| Untracked 
|  26|0x0000000081a00000, 0x0000000081b00000, 0x0000000081b00000|100%|HS|  |TAMS 0x0000000081b00000, 0x0000000081a00000| Untracked 
|  27|0x0000000081b00000, 0x0000000081c00000, 0x0000000081c00000|100%| O|  |TAMS 0x0000000081c00000, 0x0000000081b00000| Untracked 
|  28|0x0000000081c00000, 0x0000000081d00000, 0x0000000081d00000|100%|HS|  |TAMS 0x0000000081d00000, 0x0000000081c00000| Complete 
|  29|0x0000000081d00000, 0x0000000081e00000, 0x0000000081e00000|100%| O|  |TAMS 0x0000000081e00000, 0x0000000081d00000| Untracked 
|  30|0x0000000081e00000, 0x0000000081f00000, 0x0000000081f00000|100%| O|  |TAMS 0x0000000081f00000, 0x0000000081e00000| Untracked 
|  31|0x0000000081f00000, 0x0000000082000000, 0x0000000082000000|100%| O|  |TAMS 0x0000000082000000, 0x0000000081f00000| Untracked 
|  32|0x0000000082000000, 0x0000000082100000, 0x0000000082100000|100%| O|  |TAMS 0x0000000082100000, 0x0000000082000000| Untracked 
|  33|0x0000000082100000, 0x0000000082200000, 0x0000000082200000|100%| O|  |TAMS 0x0000000082200000, 0x0000000082100000| Untracked 
|  34|0x0000000082200000, 0x0000000082300000, 0x0000000082300000|100%| O|  |TAMS 0x0000000082300000, 0x0000000082200000| Untracked 
|  35|0x0000000082300000, 0x0000000082400000, 0x0000000082400000|100%| O|  |TAMS 0x0000000082400000, 0x0000000082300000| Untracked 
|  36|0x0000000082400000, 0x0000000082500000, 0x0000000082500000|100%| O|  |TAMS 0x0000000082500000, 0x0000000082400000| Untracked 
|  37|0x0000000082500000, 0x0000000082600000, 0x0000000082600000|100%| O|  |TAMS 0x0000000082600000, 0x0000000082500000| Untracked 
|  38|0x0000000082600000, 0x0000000082700000, 0x0000000082700000|100%| O|  |TAMS 0x0000000082700000, 0x0000000082600000| Untracked 
|  39|0x0000000082700000, 0x0000000082800000, 0x0000000082800000|100%| O|  |TAMS 0x0000000082800000, 0x0000000082700000| Untracked 
|  40|0x0000000082800000, 0x0000000082900000, 0x0000000082900000|100%| O|  |TAMS 0x0000000082900000, 0x0000000082800000| Untracked 
|  41|0x0000000082900000, 0x0000000082a00000, 0x0000000082a00000|100%| O|  |TAMS 0x0000000082a00000, 0x0000000082900000| Untracked 
|  42|0x0000000082a00000, 0x0000000082b00000, 0x0000000082b00000|100%| O|  |TAMS 0x0000000082b00000, 0x0000000082a00000| Untracked 
|  43|0x0000000082b00000, 0x0000000082c00000, 0x0000000082c00000|100%| O|  |TAMS 0x0000000082c00000, 0x0000000082b00000| Untracked 
|  44|0x0000000082c00000, 0x0000000082d00000, 0x0000000082d00000|100%| O|  |TAMS 0x0000000082d00000, 0x0000000082c00000| Untracked 
|  45|0x0000000082d00000, 0x0000000082e00000, 0x0000000082e00000|100%| O|  |TAMS 0x0000000082e00000, 0x0000000082d00000| Untracked 
|  46|0x0000000082e00000, 0x0000000082f00000, 0x0000000082f00000|100%| O|  |TAMS 0x0000000082f00000, 0x0000000082e00000| Untracked 
|  47|0x0000000082f00000, 0x0000000083000000, 0x0000000083000000|100%| O|  |TAMS 0x0000000083000000, 0x0000000082f00000| Untracked 
|  48|0x0000000083000000, 0x0000000083100000, 0x0000000083100000|100%| O|  |TAMS 0x0000000083100000, 0x0000000083000000| Untracked 
|  49|0x0000000083100000, 0x0000000083200000, 0x0000000083200000|100%|HS|  |TAMS 0x0000000083200000, 0x0000000083100000| Complete 
|  50|0x0000000083200000, 0x0000000083300000, 0x0000000083300000|100%|HS|  |TAMS 0x0000000083300000, 0x0000000083200000| Complete 
|  51|0x0000000083300000, 0x0000000083400000, 0x0000000083400000|100%|HS|  |TAMS 0x0000000083400000, 0x0000000083300000| Complete 
|  52|0x0000000083400000, 0x0000000083500000, 0x0000000083500000|100%| O|  |TAMS 0x0000000083500000, 0x0000000083400000| Untracked 
|  53|0x0000000083500000, 0x0000000083600000, 0x0000000083600000|100%| O|  |TAMS 0x0000000083600000, 0x0000000083500000| Untracked 
|  54|0x0000000083600000, 0x0000000083700000, 0x0000000083700000|100%|HS|  |TAMS 0x0000000083700000, 0x0000000083600000| Complete 
|  55|0x0000000083700000, 0x0000000083800000, 0x0000000083800000|100%| O|  |TAMS 0x0000000083800000, 0x0000000083700000| Untracked 
|  56|0x0000000083800000, 0x0000000083900000, 0x0000000083900000|100%| O|  |TAMS 0x0000000083900000, 0x0000000083800000| Untracked 
|  57|0x0000000083900000, 0x0000000083a00000, 0x0000000083a00000|100%| O|  |TAMS 0x0000000083a00000, 0x0000000083900000| Untracked 
|  58|0x0000000083a00000, 0x0000000083b00000, 0x0000000083b00000|100%| O|  |TAMS 0x0000000083b00000, 0x0000000083a00000| Untracked 
|  59|0x0000000083b00000, 0x0000000083c00000, 0x0000000083c00000|100%| O|  |TAMS 0x0000000083c00000, 0x0000000083b00000| Untracked 
|  60|0x0000000083c00000, 0x0000000083d00000, 0x0000000083d00000|100%| O|  |TAMS 0x0000000083d00000, 0x0000000083c00000| Untracked 
|  61|0x0000000083d00000, 0x0000000083e00000, 0x0000000083e00000|100%| O|  |TAMS 0x0000000083e00000, 0x0000000083d00000| Untracked 
|  62|0x0000000083e00000, 0x0000000083f00000, 0x0000000083f00000|100%| O|  |TAMS 0x0000000083f00000, 0x0000000083e00000| Untracked 
|  63|0x0000000083f00000, 0x0000000084000000, 0x0000000084000000|100%|HS|  |TAMS 0x0000000084000000, 0x0000000083f00000| Complete 
|  64|0x0000000084000000, 0x0000000084100000, 0x0000000084100000|100%|HS|  |TAMS 0x0000000084100000, 0x0000000084000000| Complete 
|  65|0x0000000084100000, 0x0000000084200000, 0x0000000084200000|100%| O|  |TAMS 0x0000000084200000, 0x0000000084100000| Untracked 
|  66|0x0000000084200000, 0x0000000084300000, 0x0000000084300000|100%| O|  |TAMS 0x0000000084300000, 0x0000000084200000| Untracked 
|  67|0x0000000084300000, 0x0000000084400000, 0x0000000084400000|100%|HS|  |TAMS 0x0000000084400000, 0x0000000084300000| Complete 
|  68|0x0000000084400000, 0x0000000084500000, 0x0000000084500000|100%| O|  |TAMS 0x0000000084500000, 0x0000000084400000| Untracked 
|  69|0x0000000084500000, 0x0000000084600000, 0x0000000084600000|100%| O|  |TAMS 0x0000000084600000, 0x0000000084500000| Untracked 
|  70|0x0000000084600000, 0x0000000084700000, 0x0000000084700000|100%| O|  |TAMS 0x0000000084700000, 0x0000000084600000| Untracked 
|  71|0x0000000084700000, 0x0000000084800000, 0x0000000084800000|100%| O|  |TAMS 0x0000000084800000, 0x0000000084700000| Untracked 
|  72|0x0000000084800000, 0x0000000084900000, 0x0000000084900000|100%| O|  |TAMS 0x00000000848ba400, 0x0000000084800000| Untracked 
|  73|0x0000000084900000, 0x0000000084a00000, 0x0000000084a00000|100%|HS|  |TAMS 0x0000000084900000, 0x0000000084900000| Complete 
|  74|0x0000000084a00000, 0x0000000084b00000, 0x0000000084b00000|100%| O|  |TAMS 0x0000000084a00000, 0x0000000084a00000| Untracked 
|  75|0x0000000084b00000, 0x0000000084c00000, 0x0000000084c00000|100%| O|  |TAMS 0x0000000084b00000, 0x0000000084b00000| Untracked 
|  76|0x0000000084c00000, 0x0000000084d00000, 0x0000000084d00000|100%| O|  |TAMS 0x0000000084c00000, 0x0000000084c00000| Untracked 
|  77|0x0000000084d00000, 0x0000000084e00000, 0x0000000084e00000|100%| O|  |TAMS 0x0000000084d00000, 0x0000000084d00000| Untracked 
|  78|0x0000000084e00000, 0x0000000084f00000, 0x0000000084f00000|100%| O|  |TAMS 0x0000000084e00000, 0x0000000084e00000| Untracked 
|  79|0x0000000084f00000, 0x0000000085000000, 0x0000000085000000|100%| O|  |TAMS 0x0000000084f00000, 0x0000000084f00000| Untracked 
|  80|0x0000000085000000, 0x0000000085100000, 0x0000000085100000|100%| O|  |TAMS 0x0000000085000000, 0x0000000085000000| Untracked 
|  81|0x0000000085100000, 0x0000000085200000, 0x0000000085200000|100%| O|  |TAMS 0x0000000085100000, 0x0000000085100000| Untracked 
|  82|0x0000000085200000, 0x0000000085300000, 0x0000000085300000|100%| O|  |TAMS 0x0000000085200000, 0x0000000085200000| Untracked 
|  83|0x0000000085300000, 0x0000000085400000, 0x0000000085400000|100%| O|  |TAMS 0x0000000085300000, 0x0000000085300000| Untracked 
|  84|0x0000000085400000, 0x0000000085500000, 0x0000000085500000|100%| O|  |TAMS 0x0000000085400000, 0x0000000085400000| Untracked 
|  85|0x0000000085500000, 0x0000000085600000, 0x0000000085600000|100%| O|  |TAMS 0x0000000085500000, 0x0000000085500000| Untracked 
|  86|0x0000000085600000, 0x0000000085700000, 0x0000000085700000|100%| O|  |TAMS 0x0000000085600000, 0x0000000085600000| Untracked 
|  87|0x0000000085700000, 0x0000000085800000, 0x0000000085800000|100%| O|  |TAMS 0x0000000085700000, 0x0000000085700000| Untracked 
|  88|0x0000000085800000, 0x0000000085900000, 0x0000000085900000|100%| O|  |TAMS 0x0000000085800000, 0x0000000085800000| Untracked 
|  89|0x0000000085900000, 0x0000000085a00000, 0x0000000085a00000|100%| O|  |TAMS 0x0000000085900000, 0x0000000085900000| Untracked 
|  90|0x0000000085a00000, 0x0000000085b00000, 0x0000000085b00000|100%| O|  |TAMS 0x0000000085a00000, 0x0000000085a00000| Untracked 
|  91|0x0000000085b00000, 0x0000000085c00000, 0x0000000085c00000|100%| O|  |TAMS 0x0000000085b00000, 0x0000000085b00000| Untracked 
|  92|0x0000000085c00000, 0x0000000085d00000, 0x0000000085d00000|100%| O|  |TAMS 0x0000000085c00000, 0x0000000085c00000| Untracked 
|  93|0x0000000085d00000, 0x0000000085e00000, 0x0000000085e00000|100%| O|  |TAMS 0x0000000085d00000, 0x0000000085d00000| Untracked 
|  94|0x0000000085e00000, 0x0000000085f00000, 0x0000000085f00000|100%| O|  |TAMS 0x0000000085e00000, 0x0000000085e00000| Untracked 
|  95|0x0000000085f00000, 0x0000000086000000, 0x0000000086000000|100%| O|  |TAMS 0x0000000085f00000, 0x0000000085f00000| Untracked 
|  96|0x0000000086000000, 0x0000000086100000, 0x0000000086100000|100%| O|  |TAMS 0x0000000086000000, 0x0000000086000000| Untracked 
|  97|0x0000000086100000, 0x0000000086200000, 0x0000000086200000|100%| O|  |TAMS 0x0000000086100000, 0x0000000086100000| Untracked 
|  98|0x0000000086200000, 0x0000000086300000, 0x0000000086300000|100%| O|  |TAMS 0x0000000086200000, 0x0000000086200000| Untracked 
|  99|0x0000000086300000, 0x0000000086400000, 0x0000000086400000|100%| O|  |TAMS 0x0000000086300000, 0x0000000086300000| Untracked 
| 100|0x0000000086400000, 0x0000000086500000, 0x0000000086500000|100%| O|  |TAMS 0x0000000086400000, 0x0000000086400000| Untracked 
| 101|0x0000000086500000, 0x0000000086600000, 0x0000000086600000|100%|HS|  |TAMS 0x0000000086500000, 0x0000000086500000| Complete 
| 102|0x0000000086600000, 0x0000000086700000, 0x0000000086700000|100%|HC|  |TAMS 0x0000000086600000, 0x0000000086600000| Complete 
| 103|0x0000000086700000, 0x0000000086800000, 0x0000000086800000|100%| O|  |TAMS 0x0000000086700000, 0x0000000086700000| Untracked 
| 104|0x0000000086800000, 0x0000000086900000, 0x0000000086900000|100%|HS|  |TAMS 0x0000000086800000, 0x0000000086800000| Complete 
| 105|0x0000000086900000, 0x0000000086a00000, 0x0000000086a00000|100%|HC|  |TAMS 0x0000000086900000, 0x0000000086900000| Complete 
| 106|0x0000000086a00000, 0x0000000086b00000, 0x0000000086b00000|100%| O|  |TAMS 0x0000000086a00000, 0x0000000086a00000| Untracked 
| 107|0x0000000086b00000, 0x0000000086c00000, 0x0000000086c00000|100%| O|  |TAMS 0x0000000086b00000, 0x0000000086b00000| Untracked 
| 108|0x0000000086c00000, 0x0000000086d00000, 0x0000000086d00000|100%| O|  |TAMS 0x0000000086c00000, 0x0000000086c00000| Untracked 
| 109|0x0000000086d00000, 0x0000000086df0a00, 0x0000000086e00000| 93%| O|  |TAMS 0x0000000086d00000, 0x0000000086d00000| Untracked 
| 110|0x0000000086e00000, 0x0000000086e00000, 0x0000000086f00000|  0%| F|  |TAMS 0x0000000086e00000, 0x0000000086e00000| Untracked 
| 111|0x0000000086f00000, 0x0000000086f00000, 0x0000000087000000|  0%| F|  |TAMS 0x0000000086f00000, 0x0000000086f00000| Untracked 
| 112|0x0000000087000000, 0x0000000087000000, 0x0000000087100000|  0%| F|  |TAMS 0x0000000087000000, 0x0000000087000000| Untracked 
| 113|0x0000000087100000, 0x0000000087100000, 0x0000000087200000|  0%| F|  |TAMS 0x0000000087100000, 0x0000000087100000| Untracked 
| 114|0x0000000087200000, 0x0000000087200000, 0x0000000087300000|  0%| F|  |TAMS 0x0000000087200000, 0x0000000087200000| Untracked 
| 115|0x0000000087300000, 0x0000000087300000, 0x0000000087400000|  0%| F|  |TAMS 0x0000000087300000, 0x0000000087300000| Untracked 
| 116|0x0000000087400000, 0x0000000087400000, 0x0000000087500000|  0%| F|  |TAMS 0x0000000087400000, 0x0000000087400000| Untracked 
| 117|0x0000000087500000, 0x0000000087500000, 0x0000000087600000|  0%| F|  |TAMS 0x0000000087500000, 0x0000000087500000| Untracked 
| 118|0x0000000087600000, 0x0000000087600000, 0x0000000087700000|  0%| F|  |TAMS 0x0000000087600000, 0x0000000087600000| Untracked 
| 119|0x0000000087700000, 0x0000000087700000, 0x0000000087800000|  0%| F|  |TAMS 0x0000000087700000, 0x0000000087700000| Untracked 
| 120|0x0000000087800000, 0x0000000087800000, 0x0000000087900000|  0%| F|  |TAMS 0x0000000087800000, 0x0000000087800000| Untracked 
| 121|0x0000000087900000, 0x0000000087900000, 0x0000000087a00000|  0%| F|  |TAMS 0x0000000087900000, 0x0000000087900000| Untracked 
| 122|0x0000000087a00000, 0x0000000087a00000, 0x0000000087b00000|  0%| F|  |TAMS 0x0000000087a00000, 0x0000000087a00000| Untracked 
| 123|0x0000000087b00000, 0x0000000087b00000, 0x0000000087c00000|  0%| F|  |TAMS 0x0000000087b00000, 0x0000000087b00000| Untracked 
| 124|0x0000000087c00000, 0x0000000087c00000, 0x0000000087d00000|  0%| F|  |TAMS 0x0000000087c00000, 0x0000000087c00000| Untracked 
| 125|0x0000000087d00000, 0x0000000087d00000, 0x0000000087e00000|  0%| F|  |TAMS 0x0000000087d00000, 0x0000000087d00000| Untracked 
| 126|0x0000000087e00000, 0x0000000087e00000, 0x0000000087f00000|  0%| F|  |TAMS 0x0000000087e00000, 0x0000000087e00000| Untracked 
| 127|0x0000000087f00000, 0x0000000087f00000, 0x0000000088000000|  0%| F|  |TAMS 0x0000000087f00000, 0x0000000087f00000| Untracked 
| 128|0x0000000088000000, 0x0000000088000000, 0x0000000088100000|  0%| F|  |TAMS 0x0000000088000000, 0x0000000088000000| Untracked 
| 129|0x0000000088100000, 0x0000000088100000, 0x0000000088200000|  0%| F|  |TAMS 0x0000000088100000, 0x0000000088100000| Untracked 
| 130|0x0000000088200000, 0x0000000088200000, 0x0000000088300000|  0%| F|  |TAMS 0x0000000088200000, 0x0000000088200000| Untracked 
| 131|0x0000000088300000, 0x00000000883a6ce0, 0x0000000088400000| 65%| S|CS|TAMS 0x0000000088300000, 0x0000000088300000| Complete 
| 132|0x0000000088400000, 0x0000000088500000, 0x0000000088500000|100%| S|CS|TAMS 0x0000000088400000, 0x0000000088400000| Complete 
| 133|0x0000000088500000, 0x0000000088600000, 0x0000000088600000|100%| S|CS|TAMS 0x0000000088500000, 0x0000000088500000| Complete 
| 134|0x0000000088600000, 0x0000000088700000, 0x0000000088700000|100%| S|CS|TAMS 0x0000000088600000, 0x0000000088600000| Complete 
| 135|0x0000000088700000, 0x0000000088700000, 0x0000000088800000|  0%| F|  |TAMS 0x0000000088700000, 0x0000000088700000| Untracked 
| 136|0x0000000088800000, 0x0000000088800000, 0x0000000088900000|  0%| F|  |TAMS 0x0000000088800000, 0x0000000088800000| Untracked 
| 137|0x0000000088900000, 0x0000000088900000, 0x0000000088a00000|  0%| F|  |TAMS 0x0000000088900000, 0x0000000088900000| Untracked 
| 138|0x0000000088a00000, 0x0000000088a00000, 0x0000000088b00000|  0%| F|  |TAMS 0x0000000088a00000, 0x0000000088a00000| Untracked 
| 139|0x0000000088b00000, 0x0000000088b00000, 0x0000000088c00000|  0%| F|  |TAMS 0x0000000088b00000, 0x0000000088b00000| Untracked 
| 140|0x0000000088c00000, 0x0000000088c00000, 0x0000000088d00000|  0%| F|  |TAMS 0x0000000088c00000, 0x0000000088c00000| Untracked 
| 141|0x0000000088d00000, 0x0000000088d00000, 0x0000000088e00000|  0%| F|  |TAMS 0x0000000088d00000, 0x0000000088d00000| Untracked 
| 142|0x0000000088e00000, 0x0000000088e00000, 0x0000000088f00000|  0%| F|  |TAMS 0x0000000088e00000, 0x0000000088e00000| Untracked 
| 143|0x0000000088f00000, 0x0000000088f00000, 0x0000000089000000|  0%| F|  |TAMS 0x0000000088f00000, 0x0000000088f00000| Untracked 
| 144|0x0000000089000000, 0x0000000089000000, 0x0000000089100000|  0%| F|  |TAMS 0x0000000089000000, 0x0000000089000000| Untracked 
| 145|0x0000000089100000, 0x0000000089100000, 0x0000000089200000|  0%| F|  |TAMS 0x0000000089100000, 0x0000000089100000| Untracked 
| 146|0x0000000089200000, 0x0000000089200000, 0x0000000089300000|  0%| F|  |TAMS 0x0000000089200000, 0x0000000089200000| Untracked 
| 147|0x0000000089300000, 0x0000000089300000, 0x0000000089400000|  0%| F|  |TAMS 0x0000000089300000, 0x0000000089300000| Untracked 
| 148|0x0000000089400000, 0x0000000089400000, 0x0000000089500000|  0%| F|  |TAMS 0x0000000089400000, 0x0000000089400000| Untracked 
| 149|0x0000000089500000, 0x0000000089500000, 0x0000000089600000|  0%| F|  |TAMS 0x0000000089500000, 0x0000000089500000| Untracked 
| 150|0x0000000089600000, 0x0000000089600000, 0x0000000089700000|  0%| F|  |TAMS 0x0000000089600000, 0x0000000089600000| Untracked 
| 151|0x0000000089700000, 0x0000000089700000, 0x0000000089800000|  0%| F|  |TAMS 0x0000000089700000, 0x0000000089700000| Untracked 
| 152|0x0000000089800000, 0x0000000089800000, 0x0000000089900000|  0%| F|  |TAMS 0x0000000089800000, 0x0000000089800000| Untracked 
| 153|0x0000000089900000, 0x0000000089900000, 0x0000000089a00000|  0%| F|  |TAMS 0x0000000089900000, 0x0000000089900000| Untracked 
| 154|0x0000000089a00000, 0x0000000089a00000, 0x0000000089b00000|  0%| F|  |TAMS 0x0000000089a00000, 0x0000000089a00000| Untracked 
| 155|0x0000000089b00000, 0x0000000089b00000, 0x0000000089c00000|  0%| F|  |TAMS 0x0000000089b00000, 0x0000000089b00000| Untracked 
| 156|0x0000000089c00000, 0x0000000089c00000, 0x0000000089d00000|  0%| F|  |TAMS 0x0000000089c00000, 0x0000000089c00000| Untracked 
| 157|0x0000000089d00000, 0x0000000089d00000, 0x0000000089e00000|  0%| F|  |TAMS 0x0000000089d00000, 0x0000000089d00000| Untracked 
| 158|0x0000000089e00000, 0x0000000089e00000, 0x0000000089f00000|  0%| F|  |TAMS 0x0000000089e00000, 0x0000000089e00000| Untracked 
| 159|0x0000000089f00000, 0x0000000089f00000, 0x000000008a000000|  0%| F|  |TAMS 0x0000000089f00000, 0x0000000089f00000| Untracked 
| 160|0x000000008a000000, 0x000000008a100000, 0x000000008a100000|100%| E|  |TAMS 0x000000008a000000, 0x000000008a000000| Complete 
| 161|0x000000008a100000, 0x000000008a200000, 0x000000008a200000|100%| E|CS|TAMS 0x000000008a100000, 0x000000008a100000| Complete 
| 162|0x000000008a200000, 0x000000008a300000, 0x000000008a300000|100%| E|CS|TAMS 0x000000008a200000, 0x000000008a200000| Complete 
| 163|0x000000008a300000, 0x000000008a400000, 0x000000008a400000|100%| E|CS|TAMS 0x000000008a300000, 0x000000008a300000| Complete 
| 164|0x000000008a400000, 0x000000008a500000, 0x000000008a500000|100%| E|CS|TAMS 0x000000008a400000, 0x000000008a400000| Complete 
| 165|0x000000008a500000, 0x000000008a600000, 0x000000008a600000|100%| E|CS|TAMS 0x000000008a500000, 0x000000008a500000| Complete 
| 166|0x000000008a600000, 0x000000008a700000, 0x000000008a700000|100%| E|CS|TAMS 0x000000008a600000, 0x000000008a600000| Complete 

Card table byte_map: [0x0000021366c80000,0x0000021367080000] _byte_map_base: 0x0000021366880000

Marking Bits (Prev, Next): (CMBitMap*) 0x000002134fd5b770, (CMBitMap*) 0x000002134fd5b730
 Prev Bits: [0x0000021369480000, 0x000002136b480000)
 Next Bits: [0x0000021367480000, 0x0000021369480000)

Polling page: 0x000002134dc00000

Metaspace:

Usage:
  Non-class:     74.49 MB used.
      Class:     11.80 MB used.
       Both:     86.28 MB used.

Virtual space:
  Non-class space:      128.00 MB reserved,      75.00 MB ( 59%) committed,  2 nodes.
      Class space:      416.00 MB reserved,      12.19 MB (  3%) committed,  1 nodes.
             Both:      544.00 MB reserved,      87.19 MB ( 16%) committed. 

Chunk freelists:
   Non-Class:  4.77 MB
       Class:  3.73 MB
        Both:  8.50 MB

MaxMetaspaceSize: 512.00 MB
CompressedClassSpaceSize: 416.00 MB
Initial GC threshold: 21.00 MB
Current GC threshold: 100.00 MB
CDS: on
MetaspaceReclaimPolicy: balanced
 - commit_granule_bytes: 65536.
 - commit_granule_words: 8192.
 - virtual_space_node_default_size: 8388608.
 - enlarge_chunks_in_place: 1.
 - new_chunks_are_fully_committed: 0.
 - uncommit_free_chunks: 1.
 - use_allocation_guard: 0.
 - handle_deallocations: 1.


Internal statistics:

num_allocs_failed_limit: 3.
num_arena_births: 1104.
num_arena_deaths: 0.
num_vsnodes_births: 3.
num_vsnodes_deaths: 0.
num_space_committed: 1395.
num_space_uncommitted: 0.
num_chunks_returned_to_freelist: 3.
num_chunks_taken_from_freelist: 4891.
num_chunk_merges: 0.
num_chunk_splits: 3204.
num_chunks_enlarged: 2132.
num_inconsistent_stats: 0.

CodeHeap 'non-profiled nmethods': size=120000Kb used=7542Kb max_used=7542Kb free=112457Kb
 bounds [0x000002135f350000, 0x000002135fab0000, 0x0000021366880000]
CodeHeap 'profiled nmethods': size=120000Kb used=21196Kb max_used=21196Kb free=98803Kb
 bounds [0x0000021357880000, 0x0000021358d40000, 0x000002135edb0000]
CodeHeap 'non-nmethods': size=5760Kb used=2415Kb max_used=2448Kb free=3344Kb
 bounds [0x000002135edb0000, 0x000002135f030000, 0x000002135f350000]
 total_blobs=11568 nmethods=10619 adapters=860
 compilation: enabled
              stopped_count=0, restarted_count=0
 full_count=0

Compilation events (20 events):
Event: 103.278 Thread 0x000002136b633830 12177       3       org.gradle.internal.isolated.IsolationScheme::parameterTypeFor (7 bytes)
Event: 103.279 Thread 0x000002136b633830 nmethod 12177 0x0000021358d2c090 code [0x0000021358d2c240, 0x0000021358d2c388]
Event: 103.280 Thread 0x000002136b633830 12178       3       org.gradle.api.internal.artifacts.configurations.DefaultConfigurationPublications::<init> (81 bytes)
Event: 103.281 Thread 0x000002136b633830 nmethod 12178 0x0000021358d2c410 code [0x0000021358d2c600, 0x0000021358d2ccc8]
Event: 103.281 Thread 0x000002136b633830 12179       3       org.gradle.api.internal.collections.IterationOrderRetainingSetElementSource::iterator (20 bytes)
Event: 103.281 Thread 0x000002136b633830 nmethod 12179 0x0000021358d2ce10 code [0x0000021358d2cfc0, 0x0000021358d2d2d8]
Event: 103.283 Thread 0x000002136b633830 12180       1       org.gradle.api.internal.provider.ValueState$FinalizedValue::maybeFinalizeOnRead (2 bytes)
Event: 103.283 Thread 0x000002136b633830 nmethod 12180 0x000002135faad710 code [0x000002135faad8a0, 0x000002135faad978]
Event: 103.292 Thread 0x000002136b633830 12183       3       org.gradle.internal.instantiation.generator.AbstractClassGenerator$ManagedPropertiesHandler::applyTo (180 bytes)
Event: 103.295 Thread 0x000002136b633830 nmethod 12183 0x0000021358d2d390 code [0x0000021358d2d780, 0x0000021358d2f5a8]
Event: 103.295 Thread 0x000002136b633830 12185       3       org.gradle.internal.instantiation.generator.AbstractClassGenerator$DslMixInPropertyType::addMissingClosureOverloads (63 bytes)
Event: 103.296 Thread 0x000002136b633830 nmethod 12185 0x0000021358d30090 code [0x0000021358d30320, 0x0000021358d30f98]
Event: 103.296 Thread 0x000002136b633830 12181       3       org.gradle.internal.instantiation.generator.AbstractClassGenerator$DslMixInPropertyType::applyTo (27 bytes)
Event: 103.297 Thread 0x000002136b633830 nmethod 12181 0x0000021358d31390 code [0x0000021358d31540, 0x0000021358d31838]
Event: 103.297 Thread 0x000002136b633830 12182       3       org.gradle.internal.instantiation.generator.AbstractClassGenerator$ServicesPropertyHandler::applyTo (14 bytes)
Event: 103.297 Thread 0x000002136b633830 nmethod 12182 0x0000021358d31990 code [0x0000021358d31b40, 0x0000021358d31d38]
Event: 103.297 Thread 0x000002136b633830 12184       3       org.gradle.internal.instantiation.generator.AbstractClassGenerator$DslMixInPropertyType::applyTo (43 bytes)
Event: 103.298 Thread 0x000002136b633830 nmethod 12184 0x0000021358d31e90 code [0x0000021358d32080, 0x0000021358d324c8]
Event: 103.298 Thread 0x000002136b633830 12186       3       org.gradle.internal.reflect.MethodSet::iterator (10 bytes)
Event: 103.298 Thread 0x000002136b633830 nmethod 12186 0x0000021358d32690 code [0x0000021358d328a0, 0x0000021358d32ee8]

GC Heap History (20 events):
Event: 91.895 GC heap before
{Heap before GC invocations=81 (full 0):
 garbage-first heap   total 142336K, used 120345K [0x0000000080000000, 0x0000000100000000)
  region size 1024K, 25 young (25600K), 3 survivors (3072K)
 Metaspace       used 77995K, committed 78784K, reserved 557056K
  class space    used 10651K, committed 11008K, reserved 425984K
}
Event: 91.908 GC heap after
{Heap after GC invocations=82 (full 0):
 garbage-first heap   total 142336K, used 99254K [0x0000000080000000, 0x0000000100000000)
  region size 1024K, 2 young (2048K), 2 survivors (2048K)
 Metaspace       used 77995K, committed 78784K, reserved 557056K
  class space    used 10651K, committed 11008K, reserved 425984K
}
Event: 92.757 GC heap before
{Heap before GC invocations=82 (full 0):
 garbage-first heap   total 142336K, used 120758K [0x0000000080000000, 0x0000000100000000)
  region size 1024K, 24 young (24576K), 2 survivors (2048K)
 Metaspace       used 78033K, committed 78848K, reserved 557056K
  class space    used 10654K, committed 11008K, reserved 425984K
}
Event: 92.766 GC heap after
{Heap after GC invocations=83 (full 0):
 garbage-first heap   total 142336K, used 100054K [0x0000000080000000, 0x0000000100000000)
  region size 1024K, 2 young (2048K), 2 survivors (2048K)
 Metaspace       used 78033K, committed 78848K, reserved 557056K
  class space    used 10654K, committed 11008K, reserved 425984K
}
Event: 94.649 GC heap before
{Heap before GC invocations=83 (full 0):
 garbage-first heap   total 142336K, used 123606K [0x0000000080000000, 0x0000000100000000)
  region size 1024K, 24 young (24576K), 2 survivors (2048K)
 Metaspace       used 78326K, committed 79232K, reserved 557056K
  class space    used 10703K, committed 11136K, reserved 425984K
}
Event: 94.662 GC heap after
{Heap after GC invocations=84 (full 0):
 garbage-first heap   total 142336K, used 103036K [0x0000000080000000, 0x0000000100000000)
  region size 1024K, 3 young (3072K), 3 survivors (3072K)
 Metaspace       used 78326K, committed 79232K, reserved 557056K
  class space    used 10703K, committed 11136K, reserved 425984K
}
Event: 95.649 GC heap before
{Heap before GC invocations=84 (full 0):
 garbage-first heap   total 142336K, used 122492K [0x0000000080000000, 0x0000000100000000)
  region size 1024K, 22 young (22528K), 3 survivors (3072K)
 Metaspace       used 78514K, committed 79360K, reserved 557056K
  class space    used 10721K, committed 11136K, reserved 425984K
}
Event: 95.664 GC heap after
{Heap after GC invocations=85 (full 0):
 garbage-first heap   total 142336K, used 105026K [0x0000000080000000, 0x0000000100000000)
  region size 1024K, 2 young (2048K), 2 survivors (2048K)
 Metaspace       used 78514K, committed 79360K, reserved 557056K
  class space    used 10721K, committed 11136K, reserved 425984K
}
Event: 96.006 GC heap before
{Heap before GC invocations=85 (full 0):
 garbage-first heap   total 142336K, used 121410K [0x0000000080000000, 0x0000000100000000)
  region size 1024K, 19 young (19456K), 2 survivors (2048K)
 Metaspace       used 78514K, committed 79360K, reserved 557056K
  class space    used 10721K, committed 11136K, reserved 425984K
}
Event: 96.012 GC heap after
{Heap after GC invocations=86 (full 0):
 garbage-first heap   total 171008K, used 105344K [0x0000000080000000, 0x0000000100000000)
  region size 1024K, 3 young (3072K), 3 survivors (3072K)
 Metaspace       used 78514K, committed 79360K, reserved 557056K
  class space    used 10721K, committed 11136K, reserved 425984K
}
Event: 96.977 GC heap before
{Heap before GC invocations=86 (full 0):
 garbage-first heap   total 171008K, used 142208K [0x0000000080000000, 0x0000000100000000)
  region size 1024K, 40 young (40960K), 3 survivors (3072K)
 Metaspace       used 78514K, committed 79360K, reserved 557056K
  class space    used 10721K, committed 11136K, reserved 425984K
}
Event: 96.984 GC heap after
{Heap after GC invocations=87 (full 0):
 garbage-first heap   total 171008K, used 106216K [0x0000000080000000, 0x0000000100000000)
  region size 1024K, 3 young (3072K), 3 survivors (3072K)
 Metaspace       used 78514K, committed 79360K, reserved 557056K
  class space    used 10721K, committed 11136K, reserved 425984K
}
Event: 98.853 GC heap before
{Heap before GC invocations=87 (full 0):
 garbage-first heap   total 171008K, used 150248K [0x0000000080000000, 0x0000000100000000)
  region size 1024K, 41 young (41984K), 3 survivors (3072K)
 Metaspace       used 81160K, committed 82112K, reserved 557056K
  class space    used 11086K, committed 11520K, reserved 425984K
}
Event: 98.867 GC heap after
{Heap after GC invocations=88 (full 0):
 garbage-first heap   total 171008K, used 112814K [0x0000000080000000, 0x0000000100000000)
  region size 1024K, 6 young (6144K), 6 survivors (6144K)
 Metaspace       used 81160K, committed 82112K, reserved 557056K
  class space    used 11086K, committed 11520K, reserved 425984K
}
Event: 100.717 GC heap before
{Heap before GC invocations=88 (full 0):
 garbage-first heap   total 171008K, used 145582K [0x0000000080000000, 0x0000000100000000)
  region size 1024K, 38 young (38912K), 6 survivors (6144K)
 Metaspace       used 84514K, committed 85376K, reserved 557056K
  class space    used 11523K, committed 11904K, reserved 425984K
}
Event: 100.744 GC heap after
{Heap after GC invocations=89 (full 0):
 garbage-first heap   total 171008K, used 114003K [0x0000000080000000, 0x0000000100000000)
  region size 1024K, 4 young (4096K), 4 survivors (4096K)
 Metaspace       used 84514K, committed 85376K, reserved 557056K
  class space    used 11523K, committed 11904K, reserved 425984K
}
Event: 101.954 GC heap before
{Heap before GC invocations=89 (full 0):
 garbage-first heap   total 171008K, used 145747K [0x0000000080000000, 0x0000000100000000)
  region size 1024K, 36 young (36864K), 4 survivors (4096K)
 Metaspace       used 86529K, committed 87360K, reserved 557056K
  class space    used 11798K, committed 12160K, reserved 425984K
}
Event: 101.967 GC heap after
{Heap after GC invocations=90 (full 0):
 garbage-first heap   total 171008K, used 114790K [0x0000000080000000, 0x0000000100000000)
  region size 1024K, 3 young (3072K), 3 survivors (3072K)
 Metaspace       used 86529K, committed 87360K, reserved 557056K
  class space    used 11798K, committed 12160K, reserved 425984K
}
Event: 103.179 GC heap before
{Heap before GC invocations=90 (full 0):
 garbage-first heap   total 171008K, used 147558K [0x0000000080000000, 0x0000000100000000)
  region size 1024K, 35 young (35840K), 3 survivors (3072K)
 Metaspace       used 88199K, committed 89088K, reserved 557056K
  class space    used 12055K, committed 12416K, reserved 425984K
}
Event: 103.188 GC heap after
{Heap after GC invocations=91 (full 0):
 garbage-first heap   total 171008K, used 116317K [0x0000000080000000, 0x0000000100000000)
  region size 1024K, 4 young (4096K), 4 survivors (4096K)
 Metaspace       used 88199K, committed 89088K, reserved 557056K
  class space    used 12055K, committed 12416K, reserved 425984K
}

Dll operation events (15 events):
Event: 0.128 Loaded shared library C:\Program Files\Eclipse Adoptium\jdk-17.0.19.10-hotspot\bin\java.dll
Event: 0.155 Loaded shared library C:\Program Files\Eclipse Adoptium\jdk-17.0.19.10-hotspot\bin\jsvml.dll
Event: 0.305 Loaded shared library C:\Program Files\Eclipse Adoptium\jdk-17.0.19.10-hotspot\bin\zip.dll
Event: 0.312 Loaded shared library C:\Program Files\Eclipse Adoptium\jdk-17.0.19.10-hotspot\bin\instrument.dll
Event: 0.329 Loaded shared library C:\Program Files\Eclipse Adoptium\jdk-17.0.19.10-hotspot\bin\net.dll
Event: 0.335 Loaded shared library C:\Program Files\Eclipse Adoptium\jdk-17.0.19.10-hotspot\bin\nio.dll
Event: 0.339 Loaded shared library C:\Program Files\Eclipse Adoptium\jdk-17.0.19.10-hotspot\bin\zip.dll
Event: 1.317 Loaded shared library C:\Program Files\Eclipse Adoptium\jdk-17.0.19.10-hotspot\bin\jimage.dll
Event: 1.980 Loaded shared library C:\Program Files\Eclipse Adoptium\jdk-17.0.19.10-hotspot\bin\verify.dll
Event: 2.250 Loaded shared library C:\Users\HP\.gradle\native\1def1411415f61bf3af743bc5b6707747c0891f09f0c88961ee8f79bc544acac\windows-amd64\native-platform.dll
Event: 2.285 Loaded shared library C:\Users\HP\.gradle\native\0.2.7\x86_64-windows-gnu\gradle-fileevents.dll
Event: 7.641 Loaded shared library C:\Program Files\Eclipse Adoptium\jdk-17.0.19.10-hotspot\bin\management.dll
Event: 7.667 Loaded shared library C:\Program Files\Eclipse Adoptium\jdk-17.0.19.10-hotspot\bin\management_ext.dll
Event: 8.197 Loaded shared library C:\Program Files\Eclipse Adoptium\jdk-17.0.19.10-hotspot\bin\extnet.dll
Event: 8.863 Loaded shared library C:\Program Files\Eclipse Adoptium\jdk-17.0.19.10-hotspot\bin\sunmscapi.dll

Deoptimization events (20 events):
Event: 102.398 Thread 0x00000213735ecc70 DEOPT PACKING pc=0x000002135f5403ec sp=0x0000009045bf5a00
Event: 102.398 Thread 0x00000213735ecc70 DEOPT UNPACKING pc=0x000002135ee069a3 sp=0x0000009045bf5908 mode 2
Event: 102.398 Thread 0x00000213735ecc70 Uncommon trap: trap_request=0xffffff45 fr.pc=0x000002135f4d0680 relative=0x00000000000004c0
Event: 102.398 Thread 0x00000213735ecc70 Uncommon trap: reason=unstable_if action=reinterpret pc=0x000002135f4d0680 method=java.lang.StringLatin1.compareToCI([B[B)I @ 68 c2
Event: 102.398 Thread 0x00000213735ecc70 DEOPT PACKING pc=0x000002135f4d0680 sp=0x0000009045bf59b0
Event: 102.398 Thread 0x00000213735ecc70 DEOPT UNPACKING pc=0x000002135ee069a3 sp=0x0000009045bf5938 mode 2
Event: 102.401 Thread 0x00000213735ecc70 DEOPT PACKING pc=0x0000021358ce8f81 sp=0x0000009045bf59b0
Event: 102.401 Thread 0x00000213735ecc70 DEOPT UNPACKING pc=0x000002135ee07143 sp=0x0000009045bf4e78 mode 0
Event: 102.408 Thread 0x00000213735ecc70 DEOPT PACKING pc=0x0000021358ce8f81 sp=0x0000009045bf59f0
Event: 102.409 Thread 0x00000213735ecc70 DEOPT UNPACKING pc=0x000002135ee07143 sp=0x0000009045bf4eb8 mode 0
Event: 102.412 Thread 0x00000213735ecc70 DEOPT PACKING pc=0x0000021358ce8f81 sp=0x0000009045bf59d0
Event: 102.412 Thread 0x00000213735ecc70 DEOPT UNPACKING pc=0x000002135ee07143 sp=0x0000009045bf4e98 mode 0
Event: 102.414 Thread 0x00000213735ecc70 DEOPT PACKING pc=0x0000021358ce8f81 sp=0x0000009045bf59f0
Event: 102.414 Thread 0x00000213735ecc70 DEOPT UNPACKING pc=0x000002135ee07143 sp=0x0000009045bf4eb8 mode 0
Event: 102.416 Thread 0x00000213735ecc70 Uncommon trap: trap_request=0xffffff76 fr.pc=0x000002135f6d0a54 relative=0x00000000000008d4
Event: 102.416 Thread 0x00000213735ecc70 Uncommon trap: reason=predicate action=maybe_recompile pc=0x000002135f6d0a54 method=java.util.TreeMap.getEntryUsingComparator(Ljava/lang/Object;)Ljava/util/TreeMap$Entry; @ 19 c2
Event: 102.416 Thread 0x00000213735ecc70 DEOPT PACKING pc=0x000002135f6d0a54 sp=0x0000009045bf72a0
Event: 102.416 Thread 0x00000213735ecc70 DEOPT UNPACKING pc=0x000002135ee069a3 sp=0x0000009045bf7150 mode 2
Event: 102.418 Thread 0x00000213735ecc70 DEOPT PACKING pc=0x0000021358ce8f81 sp=0x0000009045bf6480
Event: 102.418 Thread 0x00000213735ecc70 DEOPT UNPACKING pc=0x000002135ee07143 sp=0x0000009045bf5948 mode 0

Classes loaded (20 events):
Event: 100.026 Loading class com/sun/jmx/mbeanserver/StandardMBeanSupport
Event: 100.027 Loading class com/sun/jmx/mbeanserver/StandardMBeanSupport done
Event: 100.028 Loading class com/sun/jmx/mbeanserver/StandardMBeanIntrospector
Event: 100.028 Loading class com/sun/jmx/mbeanserver/StandardMBeanIntrospector done
Event: 100.275 Loading class java/util/ArrayList$SubList$2
Event: 100.275 Loading class java/util/ArrayList$SubList$2 done
Event: 102.383 Loading class java/io/Console
Event: 102.384 Loading class java/io/Console done
Event: 102.386 Loading class java/nio/charset/Charset$ExtendedProviderHolder
Event: 102.386 Loading class java/nio/charset/Charset$ExtendedProviderHolder done
Event: 102.386 Loading class java/nio/charset/Charset$ExtendedProviderHolder$1
Event: 102.386 Loading class java/nio/charset/Charset$ExtendedProviderHolder$1 done
Event: 102.417 Loading class java/nio/charset/Charset$2
Event: 102.417 Loading class java/nio/charset/Charset$2 done
Event: 102.417 Loading class java/nio/charset/Charset$1
Event: 102.417 Loading class java/nio/charset/Charset$1 done
Event: 102.426 Loading class java/io/Console$2
Event: 102.427 Loading class jdk/internal/access/JavaIOAccess
Event: 102.427 Loading class jdk/internal/access/JavaIOAccess done
Event: 102.427 Loading class java/io/Console$2 done

Classes unloaded (0 events):
No events

Classes redefined (0 events):
No events

Internal exceptions (20 events):
Event: 102.261 Thread 0x00000213735ecc70 Exception <a 'java/lang/ClassNotFoundException'{0x0000000089e18540}: org/jetbrains/kotlin/gradle/targets/js/npm/NpmDependencyExtensionKt$defaultNpmDependencyDelegate$1Customizer> (0x0000000089e18540) 
thrown [s\src\hotspot\share\classfile\systemDictionary.cpp, line 256]
Event: 102.268 Thread 0x00000213735ecc70 Exception <a 'java/lang/ClassNotFoundException'{0x0000000089e5d778}: org/jetbrains/kotlin/gradle/targets/js/npm/DefaultDevNpmDependencyExtensionBeanInfo> (0x0000000089e5d778) 
thrown [s\src\hotspot\share\classfile\systemDictionary.cpp, line 256]
Event: 102.271 Thread 0x00000213735ecc70 Exception <a 'java/lang/ClassNotFoundException'{0x0000000089e6e450}: org/jetbrains/kotlin/gradle/targets/js/npm/DefaultDevNpmDependencyExtensionCustomizer> (0x0000000089e6e450) 
thrown [s\src\hotspot\share\classfile\systemDictionary.cpp, line 256]
Event: 102.279 Thread 0x00000213735ecc70 Exception <a 'java/lang/ClassNotFoundException'{0x0000000089ebc888}: org/jetbrains/kotlin/gradle/targets/js/npm/DefaultPeerNpmDependencyExtensionBeanInfo> (0x0000000089ebc888) 
thrown [s\src\hotspot\share\classfile\systemDictionary.cpp, line 256]
Event: 102.280 Thread 0x00000213735ecc70 Exception <a 'java/lang/ClassNotFoundException'{0x0000000089ecd5a8}: org/jetbrains/kotlin/gradle/targets/js/npm/DefaultPeerNpmDependencyExtensionCustomizer> (0x0000000089ecd5a8) 
thrown [s\src\hotspot\share\classfile\systemDictionary.cpp, line 256]
Event: 102.285 Thread 0x00000213735ecc70 Exception <a 'java/lang/ClassNotFoundException'{0x0000000089d249e0}: org/jetbrains/kotlin/gradle/targets/js/npm/DefaultPeerNpmDependencyExtension$delegate$1BeanInfo> (0x0000000089d249e0) 
thrown [s\src\hotspot\share\classfile\systemDictionary.cpp, line 256]
Event: 102.287 Thread 0x00000213735ecc70 Exception <a 'java/lang/ClassNotFoundException'{0x0000000089d35bb8}: org/jetbrains/kotlin/gradle/targets/js/npm/DefaultPeerNpmDependencyExtension$delegate$1Customizer> (0x0000000089d35bb8) 
thrown [s\src\hotspot\share\classfile\systemDictionary.cpp, line 256]
Event: 102.886 Thread 0x00000213735ecc70 Exception <a 'java/lang/ClassNotFoundException'{0x0000000088d9c448}: build_3kjc9mshu149k6i287mv0dl7e$_run_closure2$_closure7BeanInfo> (0x0000000088d9c448) 
thrown [s\src\hotspot\share\classfile\systemDictionary.cpp, line 256]
Event: 102.888 Thread 0x00000213735ecc70 Exception <a 'java/lang/ClassNotFoundException'{0x0000000088daa2f0}: build_3kjc9mshu149k6i287mv0dl7e$_run_closure2$_closure7Customizer> (0x0000000088daa2f0) 
thrown [s\src\hotspot\share\classfile\systemDictionary.cpp, line 256]
Event: 102.895 Thread 0x00000213735ecc70 Exception <a 'java/lang/ClassNotFoundException'{0x0000000088dd5da8}: build_3kjc9mshu149k6i287mv0dl7e$_run_closure2BeanInfo> (0x0000000088dd5da8) 
thrown [s\src\hotspot\share\classfile\systemDictionary.cpp, line 256]
Event: 102.896 Thread 0x00000213735ecc70 Exception <a 'java/lang/ClassNotFoundException'{0x0000000088de47e8}: build_3kjc9mshu149k6i287mv0dl7e$_run_closure2Customizer> (0x0000000088de47e8) 
thrown [s\src\hotspot\share\classfile\systemDictionary.cpp, line 256]
Event: 102.931 Thread 0x00000213735ecc70 Exception <a 'java/lang/ClassNotFoundException'{0x0000000088c96a28}: org/jetbrains/kotlin/gradle/dsl/KotlinAndroidProjectExtension_DecoratedBeanInfo> (0x0000000088c96a28) 
thrown [s\src\hotspot\share\classfile\systemDictionary.cpp, line 256]
Event: 102.932 Thread 0x00000213735ecc70 Exception <a 'java/lang/ClassNotFoundException'{0x0000000088ca8480}: org/jetbrains/kotlin/gradle/dsl/KotlinAndroidProjectExtensionBeanInfo> (0x0000000088ca8480) 
thrown [s\src\hotspot\share\classfile\systemDictionary.cpp, line 256]
Event: 102.934 Thread 0x00000213735ecc70 Exception <a 'java/lang/ClassNotFoundException'{0x0000000088cb9ed0}: org/jetbrains/kotlin/gradle/dsl/KotlinSingleTargetExtensionBeanInfo> (0x0000000088cb9ed0) 
thrown [s\src\hotspot\share\classfile\systemDictionary.cpp, line 256]
Event: 102.935 Thread 0x00000213735ecc70 Exception <a 'java/lang/ClassNotFoundException'{0x0000000088ccb988}: org/jetbrains/kotlin/gradle/dsl/KotlinProjectExtensionBeanInfo> (0x0000000088ccb988) 
thrown [s\src\hotspot\share\classfile\systemDictionary.cpp, line 256]
Event: 102.939 Thread 0x00000213735ecc70 Exception <a 'java/lang/ClassNotFoundException'{0x0000000088cdd5c8}: org/jetbrains/kotlin/gradle/dsl/KotlinProjectExtensionCustomizer> (0x0000000088cdd5c8) 
thrown [s\src\hotspot\share\classfile\systemDictionary.cpp, line 256]
Event: 102.945 Thread 0x00000213735ecc70 Exception <a 'java/lang/ClassNotFoundException'{0x0000000088b05e78}: org/jetbrains/kotlin/gradle/dsl/KotlinSingleTargetExtensionCustomizer> (0x0000000088b05e78) 
thrown [s\src\hotspot\share\classfile\systemDictionary.cpp, line 256]
Event: 102.948 Thread 0x00000213735ecc70 Exception <a 'java/lang/ClassNotFoundException'{0x0000000088b215d8}: org/jetbrains/kotlin/gradle/dsl/KotlinAndroidProjectExtensionCustomizer> (0x0000000088b215d8) 
thrown [s\src\hotspot\share\classfile\systemDictionary.cpp, line 256]
Event: 102.949 Thread 0x00000213735ecc70 Exception <a 'java/lang/ClassNotFoundException'{0x0000000088b46e00}: org/jetbrains/kotlin/gradle/dsl/KotlinAndroidProjectExtension_DecoratedCustomizer> (0x0000000088b46e00) 
thrown [s\src\hotspot\share\classfile\systemDictionary.cpp, line 256]
Event: 103.101 Thread 0x00000213735ecc70 Exception <a 'java/lang/NoClassDefFoundError'{0x0000000088821dd8}: org/jetbrains/kotlin/gradle/plugin/KotlinBaseApiPlugin> (0x0000000088821dd8) 
thrown [s\src\hotspot\share\oops\constantPool.cpp, line 837]

VM Operations (20 events):
Event: 99.338 Executing VM operation: HandshakeAllThreads
Event: 99.338 Executing VM operation: HandshakeAllThreads done
Event: 100.292 Executing VM operation: HandshakeAllThreads
Event: 100.292 Executing VM operation: HandshakeAllThreads done
Event: 100.293 Executing VM operation: Cleanup
Event: 100.293 Executing VM operation: Cleanup done
Event: 100.308 Executing VM operation: HandshakeAllThreads
Event: 100.308 Executing VM operation: HandshakeAllThreads done
Event: 100.310 Executing VM operation: HandshakeAllThreads
Event: 100.311 Executing VM operation: HandshakeAllThreads done
Event: 100.717 Executing VM operation: G1CollectForAllocation
Event: 100.744 Executing VM operation: G1CollectForAllocation done
Event: 100.981 Executing VM operation: HandshakeAllThreads
Event: 100.981 Executing VM operation: HandshakeAllThreads done
Event: 101.954 Executing VM operation: G1CollectForAllocation
Event: 101.967 Executing VM operation: G1CollectForAllocation done
Event: 102.968 Executing VM operation: Cleanup
Event: 102.969 Executing VM operation: Cleanup done
Event: 103.179 Executing VM operation: G1CollectForAllocation
Event: 103.188 Executing VM operation: G1CollectForAllocation done

Memory protections (0 events):
No events

Nmethod flushes (20 events):
Event: 68.460 Thread 0x000002136daf0020 flushing  nmethod 0x00000213585b7410
Event: 68.460 Thread 0x000002136daf0020 flushing  nmethod 0x00000213585d5d90
Event: 68.460 Thread 0x000002136daf0020 flushing  nmethod 0x00000213585daa90
Event: 68.460 Thread 0x000002136daf0020 flushing  nmethod 0x00000213585df010
Event: 68.460 Thread 0x000002136daf0020 flushing  nmethod 0x00000213585ede10
Event: 68.461 Thread 0x000002136daf0020 flushing  nmethod 0x00000213586dab90
Event: 68.461 Thread 0x000002136daf0020 flushing  nmethod 0x00000213586fff90
Event: 68.461 Thread 0x000002136daf0020 flushing  nmethod 0x000002135872e790
Event: 68.461 Thread 0x000002136daf0020 flushing  nmethod 0x0000021358733b90
Event: 68.461 Thread 0x000002136daf0020 flushing  nmethod 0x0000021358734090
Event: 68.461 Thread 0x000002136daf0020 flushing  nmethod 0x000002135874a510
Event: 68.462 Thread 0x000002136daf0020 flushing  nmethod 0x00000213587d8d90
Event: 68.462 Thread 0x000002136daf0020 flushing  nmethod 0x0000021358824410
Event: 68.462 Thread 0x000002136daf0020 flushing  nmethod 0x000002135889db10
Event: 68.463 Thread 0x000002136daf0020 flushing  nmethod 0x00000213588c6c90
Event: 68.463 Thread 0x000002136daf0020 flushing  nmethod 0x00000213588e3190
Event: 68.463 Thread 0x000002136daf0020 flushing  nmethod 0x00000213588f9590
Event: 68.463 Thread 0x000002136daf0020 flushing  nmethod 0x00000213588fa290
Event: 91.052 Thread 0x000002136daf0020 flushing  nmethod 0x000002135f3aa290
Event: 91.108 Thread 0x000002136daf0020 flushing  nmethod 0x00000213581ef110

Events (20 events):
Event: 54.445 Thread 0x00000213735ecc70 Thread added: 0x00000213757def30
Event: 54.451 Thread 0x00000213735ecc70 Thread added: 0x00000213757e4a50
Event: 54.774 Thread 0x00000213735ecc70 Thread added: 0x00000213757e4030
Event: 54.778 Thread 0x00000213735ecc70 Thread added: 0x00000213757e3b20
Event: 54.780 Thread 0x00000213735ecc70 Thread added: 0x00000213757e4540
Event: 67.022 Thread 0x00000213735ecc70 Thread added: 0x00000213757e17b0
Event: 86.595 Thread 0x00000213735ecc70 Thread added: 0x00000213757e5e90
Event: 90.696 Thread 0x00000213735ecc70 Thread added: 0x00000213757e68b0
Event: 90.698 Thread 0x00000213735ecc70 Thread added: 0x0000021374307800
Event: 90.699 Thread 0x00000213735ecc70 Thread added: 0x00000213743068d0
Event: 95.189 Thread 0x00000213735ecc70 Thread added: 0x0000021374308730
Event: 95.191 Thread 0x00000213735ecc70 Thread added: 0x0000021374304f80
Event: 95.192 Thread 0x00000213735ecc70 Thread added: 0x0000021374308c40
Event: 95.243 Thread 0x00000213735ecc70 Thread added: 0x0000021374305eb0
Event: 95.244 Thread 0x00000213735ecc70 Thread added: 0x00000213743063c0
Event: 95.246 Thread 0x00000213735ecc70 Thread added: 0x0000021374307d10
Event: 95.442 Thread 0x00000213735ecc70 Thread added: 0x00000213743059a0
Event: 95.443 Thread 0x00000213735ecc70 Thread added: 0x0000021374306de0
Event: 95.456 Thread 0x00000213735ecc70 Thread added: 0x00000213743072f0
Event: 100.299 Thread 0x00000213735ecc70 Thread added: 0x0000021374305490


Dynamic libraries:
0x00007ff6576f0000 - 0x00007ff6576fe000 	C:\Program Files\Eclipse Adoptium\jdk-17.0.19.10-hotspot\bin\java.exe
0x00007ffdad120000 - 0x00007ffdad386000 	C:\WINDOWS\SYSTEM32\ntdll.dll
0x00007ffdab4a0000 - 0x00007ffdab569000 	C:\WINDOWS\System32\KERNEL32.DLL
0x00007ffdaa4e0000 - 0x00007ffdaa8de000 	C:\WINDOWS\System32\KERNELBASE.dll
0x00007ffdaaba0000 - 0x00007ffdaacec000 	C:\WINDOWS\System32\ucrtbase.dll
0x00007ffda4230000 - 0x00007ffda424e000 	C:\Program Files\Eclipse Adoptium\jdk-17.0.19.10-hotspot\bin\VCRUNTIME140.dll
0x00007ffda42a0000 - 0x00007ffda42b8000 	C:\Program Files\Eclipse Adoptium\jdk-17.0.19.10-hotspot\bin\jli.dll
0x00007ffdac990000 - 0x00007ffdacb57000 	C:\WINDOWS\System32\USER32.dll
0x00007ffdaa340000 - 0x00007ffdaa367000 	C:\WINDOWS\System32\win32u.dll
0x00007ffdace00000 - 0x00007ffdace2b000 	C:\WINDOWS\System32\GDI32.dll
0x00007ffd90f40000 - 0x00007ffd911d2000 	C:\WINDOWS\WinSxS\amd64_microsoft.windows.common-controls_6595b64144ccf1df_6.0.26100.8894_none_3e0f749ee32e02ea\COMCTL32.dll
0x00007ffdaa8f0000 - 0x00007ffdaaa1a000 	C:\WINDOWS\System32\gdi32full.dll
0x00007ffdace30000 - 0x00007ffdaced9000 	C:\WINDOWS\System32\msvcrt.dll
0x00007ffdaa370000 - 0x00007ffdaa413000 	C:\WINDOWS\System32\msvcp_win.dll
0x00007ffdad0a0000 - 0x00007ffdad0d2000 	C:\WINDOWS\System32\IMM32.DLL
0x00007ffda4220000 - 0x00007ffda422c000 	C:\Program Files\Eclipse Adoptium\jdk-17.0.19.10-hotspot\bin\vcruntime140_1.dll
0x00007ffd78240000 - 0x00007ffd782cd000 	C:\Program Files\Eclipse Adoptium\jdk-17.0.19.10-hotspot\bin\msvcp140.dll
0x00007ffd32690000 - 0x00007ffd332fc000 	C:\Program Files\Eclipse Adoptium\jdk-17.0.19.10-hotspot\bin\server\jvm.dll
0x00007ffdabc90000 - 0x00007ffdabd47000 	C:\WINDOWS\System32\ADVAPI32.dll
0x00007ffdab3f0000 - 0x00007ffdab49a000 	C:\WINDOWS\System32\sechost.dll
0x00007ffdacf70000 - 0x00007ffdad088000 	C:\WINDOWS\System32\RPCRT4.dll
0x00007ffdab050000 - 0x00007ffdab0d0000 	C:\WINDOWS\System32\WS2_32.dll
0x00007ffdaa1c0000 - 0x00007ffdaa21e000 	C:\WINDOWS\SYSTEM32\POWRPROF.dll
0x00007ffda2df0000 - 0x00007ffda2e26000 	C:\WINDOWS\SYSTEM32\WINMM.dll
0x00007ffda4270000 - 0x00007ffda427b000 	C:\WINDOWS\SYSTEM32\VERSION.dll
0x00007ffdaa1a0000 - 0x00007ffdaa1b4000 	C:\WINDOWS\SYSTEM32\UMPDC.dll
0x00007ffda8fe0000 - 0x00007ffda8ffb000 	C:\WINDOWS\SYSTEM32\kernel.appcore.dll
0x00007ffd84060000 - 0x00007ffd8406a000 	C:\Program Files\Eclipse Adoptium\jdk-17.0.19.10-hotspot\bin\jimage.dll
0x00007ffda02e0000 - 0x00007ffda0522000 	C:\WINDOWS\SYSTEM32\DBGHELP.DLL
0x00007ffdac590000 - 0x00007ffdac913000 	C:\WINDOWS\System32\combase.dll
0x00007ffdabbb0000 - 0x00007ffdabc89000 	C:\WINDOWS\System32\OLEAUT32.dll
0x00007ffd8fdc0000 - 0x00007ffd8fdfb000 	C:\WINDOWS\SYSTEM32\dbgcore.DLL
0x00007ffdaa420000 - 0x00007ffdaa4cc000 	C:\WINDOWS\System32\bcryptPrimitives.dll
0x00007ffd7f590000 - 0x00007ffd7f59e000 	C:\Program Files\Eclipse Adoptium\jdk-17.0.19.10-hotspot\bin\instrument.dll
0x00007ffd7dec0000 - 0x00007ffd7dee5000 	C:\Program Files\Eclipse Adoptium\jdk-17.0.19.10-hotspot\bin\java.dll
0x00007ffd3ffc0000 - 0x00007ffd40097000 	C:\Program Files\Eclipse Adoptium\jdk-17.0.19.10-hotspot\bin\jsvml.dll
0x00007ffdabdf0000 - 0x00007ffdac582000 	C:\WINDOWS\System32\SHELL32.dll
0x00007ffda7dc0000 - 0x00007ffda8652000 	C:\WINDOWS\SYSTEM32\windows.storage.dll
0x00007ffdab2e0000 - 0x00007ffdab3d7000 	C:\WINDOWS\System32\SHCORE.dll
0x00007ffdac920000 - 0x00007ffdac987000 	C:\WINDOWS\System32\shlwapi.dll
0x00007ffdaa260000 - 0x00007ffdaa289000 	C:\WINDOWS\SYSTEM32\profapi.dll
0x00007ffd7dea0000 - 0x00007ffd7deb8000 	C:\Program Files\Eclipse Adoptium\jdk-17.0.19.10-hotspot\bin\zip.dll
0x00007ffd52bb0000 - 0x00007ffd52bca000 	C:\Program Files\Eclipse Adoptium\jdk-17.0.19.10-hotspot\bin\net.dll
0x00007ffda00f0000 - 0x00007ffda0217000 	C:\WINDOWS\SYSTEM32\WINHTTP.dll
0x00007ffda9570000 - 0x00007ffda95dc000 	C:\WINDOWS\system32\mswsock.dll
0x00007ffd52b90000 - 0x00007ffd52ba6000 	C:\Program Files\Eclipse Adoptium\jdk-17.0.19.10-hotspot\bin\nio.dll
0x00007ffd7acb0000 - 0x00007ffd7acc0000 	C:\Program Files\Eclipse Adoptium\jdk-17.0.19.10-hotspot\bin\verify.dll
0x00007ffd41cd0000 - 0x00007ffd41cf7000 	C:\Users\HP\.gradle\native\1def1411415f61bf3af743bc5b6707747c0891f09f0c88961ee8f79bc544acac\windows-amd64\native-platform.dll
0x00007ffd52c20000 - 0x00007ffd52c98000 	C:\Users\HP\.gradle\native\0.2.7\x86_64-windows-gnu\gradle-fileevents.dll
0x00007ffd78230000 - 0x00007ffd7823a000 	C:\Program Files\Eclipse Adoptium\jdk-17.0.19.10-hotspot\bin\management.dll
0x00007ffd78200000 - 0x00007ffd7820c000 	C:\Program Files\Eclipse Adoptium\jdk-17.0.19.10-hotspot\bin\management_ext.dll
0x00007ffdab3e0000 - 0x00007ffdab3e8000 	C:\WINDOWS\System32\PSAPI.DLL
0x00007ffda8990000 - 0x00007ffda89c3000 	C:\WINDOWS\SYSTEM32\IPHLPAPI.DLL
0x00007ffdad090000 - 0x00007ffdad09a000 	C:\WINDOWS\System32\NSI.dll
0x00007ffd9fe70000 - 0x00007ffd9fe8d000 	C:\WINDOWS\SYSTEM32\dhcpcsvc6.DLL
0x00007ffd9ff90000 - 0x00007ffd9ffb5000 	C:\WINDOWS\SYSTEM32\dhcpcsvc.DLL
0x00007ffda8a20000 - 0x00007ffda8b76000 	C:\WINDOWS\SYSTEM32\DNSAPI.dll
0x00007ffda9390000 - 0x00007ffda939d000 	C:\WINDOWS\SYSTEM32\DSPARSE.dll
0x00007ffd57080000 - 0x00007ffd57089000 	C:\Program Files\Eclipse Adoptium\jdk-17.0.19.10-hotspot\bin\extnet.dll
0x00007ffda99a0000 - 0x00007ffda99bb000 	C:\WINDOWS\SYSTEM32\CRYPTSP.dll
0x00007ffda8f40000 - 0x00007ffda8f79000 	C:\WINDOWS\system32\rsaenh.dll
0x00007ffda9630000 - 0x00007ffda9662000 	C:\WINDOWS\SYSTEM32\USERENV.dll
0x00007ffdaa230000 - 0x00007ffdaa25a000 	C:\WINDOWS\SYSTEM32\bcrypt.dll
0x00007ffda97e0000 - 0x00007ffda97ec000 	C:\WINDOWS\SYSTEM32\CRYPTBASE.dll
0x00007ffd52b80000 - 0x00007ffd52b8e000 	C:\Program Files\Eclipse Adoptium\jdk-17.0.19.10-hotspot\bin\sunmscapi.dll
0x00007ffdaaa20000 - 0x00007ffdaab98000 	C:\WINDOWS\System32\CRYPT32.dll
0x00007ffda9b10000 - 0x00007ffda9b40000 	C:\WINDOWS\SYSTEM32\ncrypt.dll
0x00007ffda9ac0000 - 0x00007ffda9aff000 	C:\WINDOWS\SYSTEM32\NTASN1.dll
0x00007ffd47850000 - 0x00007ffd47858000 	C:\WINDOWS\system32\wshunix.dll

dbghelp: loaded successfully - version: 4.0.5 - missing functions: none
symbol engine: initialized successfully - sym options: 0x614 - pdb path: .;C:\Program Files\Eclipse Adoptium\jdk-17.0.19.10-hotspot\bin;C:\WINDOWS\SYSTEM32;C:\WINDOWS\WinSxS\amd64_microsoft.windows.common-controls_6595b64144ccf1df_6.0.26100.8894_none_3e0f749ee32e02ea;C:\Program Files\Eclipse Adoptium\jdk-17.0.19.10-hotspot\bin\server;C:\Users\HP\.gradle\native\1def1411415f61bf3af743bc5b6707747c0891f09f0c88961ee8f79bc544acac\windows-amd64;C:\Users\HP\.gradle\native\0.2.7\x86_64-windows-gnu

VM Arguments:
jvm_args: --add-opens=java.base/java.lang=ALL-UNNAMED --add-opens=java.base/java.lang.invoke=ALL-UNNAMED --add-opens=java.base/java.util=ALL-UNNAMED --add-opens=java.prefs/java.util.prefs=ALL-UNNAMED --add-exports=jdk.compiler/com.sun.tools.javac.api=ALL-UNNAMED --add-exports=jdk.compiler/com.sun.tools.javac.util=ALL-UNNAMED --add-opens=java.base/java.util=ALL-UNNAMED --add-opens=java.prefs/java.util.prefs=ALL-UNNAMED --add-opens=java.base/java.nio.charset=ALL-UNNAMED --add-opens=java.base/java.net=ALL-UNNAMED --add-opens=java.base/java.util.concurrent.atomic=ALL-UNNAMED --add-opens=java.xml/javax.xml.namespace=ALL-UNNAMED -XX:MaxMetaspaceSize=512m -Xmx2048m -Dfile.encoding=UTF-8 -Duser.country=US -Duser.language=en -Duser.variant -javaagent:C:\Users\HP\.gradle\wrapper\dists\gradle-8.14.3-all\10utluxaxniiv4wxiphsi49nj\gradle-8.14.3\lib\agents\gradle-instrumentation-agent-8.14.3.jar 
java_command: org.gradle.launcher.daemon.bootstrap.GradleDaemon 8.14.3
java_class_path (initial): C:\Users\HP\.gradle\wrapper\dists\gradle-8.14.3-all\10utluxaxniiv4wxiphsi49nj\gradle-8.14.3\lib\gradle-daemon-main-8.14.3.jar
Launcher Type: SUN_STANDARD

[Global flags]
     intx CICompilerCount                          = 3                                         {product} {ergonomic}
   size_t CompressedClassSpaceSize                 = 436207616                                 {product} {ergonomic}
     uint ConcGCThreads                            = 1                                         {product} {ergonomic}
     uint G1ConcRefinementThreads                  = 4                                         {product} {ergonomic}
   size_t G1HeapRegionSize                         = 1048576                                   {product} {ergonomic}
    uintx GCDrainStackTargetSize                   = 64                                        {product} {ergonomic}
   size_t InitialHeapSize                          = 58720256                                  {product} {ergonomic}
   size_t MarkStackSize                            = 4194304                                   {product} {ergonomic}
   size_t MaxHeapSize                              = 2147483648                                {product} {command line}
   size_t MaxMetaspaceSize                         = 536870912                                 {product} {command line}
   size_t MaxNewSize                               = 1287651328                                {product} {ergonomic}
   size_t MinHeapDeltaBytes                        = 1048576                                   {product} {ergonomic}
   size_t MinHeapSize                              = 8388608                                   {product} {ergonomic}
    uintx NonNMethodCodeHeapSize                   = 5832780                                {pd product} {ergonomic}
    uintx NonProfiledCodeHeapSize                  = 122912730                              {pd product} {ergonomic}
    uintx ProfiledCodeHeapSize                     = 122912730                              {pd product} {ergonomic}
    uintx ReservedCodeCacheSize                    = 251658240                              {pd product} {ergonomic}
     bool SegmentedCodeCache                       = true                                      {product} {ergonomic}
   size_t SoftMaxHeapSize                          = 2147483648                             {manageable} {ergonomic}
     bool UseCompressedClassPointers               = true                           {product lp64_product} {ergonomic}
     bool UseCompressedOops                        = true                           {product lp64_product} {ergonomic}
     bool UseG1GC                                  = true                                      {product} {ergonomic}
     bool UseLargePagesIndividualAllocation        = false                                  {pd product} {ergonomic}

Logging:
Log output configuration:
 #0: stdout all=warning uptime,level,tags
 #1: stderr all=off uptime,level,tags

Environment Variables:
JAVA_HOME=C:\Program Files\Eclipse Adoptium\jdk-17.0.19.10-hotspot\
PATH=C:\Program Files\Eclipse Adoptium\jdk-17.0.19.10-hotspot\bin;C:\Python314\Scripts\;C:\Python314\;C:\WINDOWS\system32;C:\WINDOWS;C:\WINDOWS\System32\Wbem;C:\WINDOWS\System32\WindowsPowerShell\v1.0\;C:\WINDOWS\System32\OpenSSH\;C:\Program Files\Git\cmd;C:\Program Files\nodejs\;C:\ProgramData\chocolatey\bin;C:\Users\HP\AppData\Local\Microsoft\WindowsApps;C:\Users\HP\AppData\Roaming\npm;C:\Users\HP\AppData\Local\Programs\Microsoft VS Code\bin
USERNAME=HP
OS=Windows_NT
PROCESSOR_IDENTIFIER=AMD64 Family 23 Model 24 Stepping 1, AuthenticAMD
TMP=C:\Users\HP\AppData\Local\Temp
TEMP=C:\Users\HP\AppData\Local\Temp



Periodic native trim disabled


---------------  S Y S T E M  ---------------

OS:
 Windows 11 , 64 bit Build 26100 (10.0.26100.8875)
OS uptime: 0 days 3:30 hours
Hyper-V role detected

CPU: total 4 (initial active 4) (4 cores per cpu, 2 threads per core) family 23 model 24 stepping 1 microcode 0x8108109, cx8, cmov, fxsr, ht, mmx, 3dnowpref, sse, sse2, sse3, ssse3, sse4a, sse4.1, sse4.2, popcnt, lzcnt, tsc, tscinvbit, avx, avx2, aes, clmul, bmi1, bmi2, adx, sha, fma, vzeroupper, clflush, clflushopt, hv
Processor Information for all 4 processors :
  Max Mhz: 2400, Current Mhz: 2400, Mhz Limit: 2400

Memory: 4k page, system-wide physical 3499M (84M free)
TotalPageFile size 14251M (AvailPageFile size 2M)
current process WorkingSet (physical memory assigned to process): 272M, peak: 272M
current process commit charge ("private bytes"): 453M, peak: 456M

vm_info: OpenJDK 64-Bit Server VM (17.0.19+10) for windows-amd64 JRE (17.0.19+10), built on Apr 25 2026 08:04:44 by "admin" with MS VC++ 17.12 (VS2022)

END.
