#
# There is insufficient memory for the Java Runtime Environment to continue.
# Native memory allocation (malloc) failed to allocate 103376 bytes. Error detail: Chunk::new
# Possible reasons:
#   The system is out of physical RAM or swap space
#   This process is running with CompressedOops enabled, and the Java Heap may be blocking the growth of the native heap
# Possible solutions:
#   Reduce memory load on the system
#   Increase physical memory or swap space
#   Check if swap backing store is full
#   Decrease Java heap size (-Xmx/-Xms)
#   Decrease number of Java threads
#   Decrease Java thread stack sizes (-Xss)
#   Set larger code cache with -XX:ReservedCodeCacheSize=
#   JVM is running with Unscaled Compressed Oops mode in which the Java heap is
#     placed in the first 4GB address space. The Java Heap base address is the
#     maximum limit for the native heap growth. Please use -XX:HeapBaseMinAddress
#     to set the Java Heap base and to place the Java Heap above 4GB virtual address.
# This output file may be truncated or incomplete.
#
#  Out of Memory Error (arena.cpp:191), pid=9368, tid=12396
#
# JRE version: OpenJDK Runtime Environment Temurin-17.0.19+10 (17.0.19+10) (build 17.0.19+10)
# Java VM: OpenJDK 64-Bit Server VM Temurin-17.0.19+10 (17.0.19+10, mixed mode, sharing, tiered, compressed oops, compressed class ptrs, g1 gc, windows-amd64)
# No core dump will be written. Minidumps are not enabled by default on client versions of Windows
#

---------------  S U M M A R Y ------------

Command Line: --add-opens=java.base/java.lang=ALL-UNNAMED --add-opens=java.base/java.lang.invoke=ALL-UNNAMED --add-opens=java.base/java.util=ALL-UNNAMED --add-opens=java.prefs/java.util.prefs=ALL-UNNAMED --add-exports=jdk.compiler/com.sun.tools.javac.api=ALL-UNNAMED --add-exports=jdk.compiler/com.sun.tools.javac.util=ALL-UNNAMED --add-opens=java.base/java.util=ALL-UNNAMED --add-opens=java.prefs/java.util.prefs=ALL-UNNAMED --add-opens=java.base/java.nio.charset=ALL-UNNAMED --add-opens=java.base/java.net=ALL-UNNAMED --add-opens=java.base/java.util.concurrent.atomic=ALL-UNNAMED --add-opens=java.xml/javax.xml.namespace=ALL-UNNAMED -XX:MaxMetaspaceSize=512m -Xmx2048m -Dfile.encoding=UTF-8 -Duser.country=US -Duser.language=en -Duser.variant -javaagent:C:\Users\HP\.gradle\wrapper\dists\gradle-8.14.3-all\10utluxaxniiv4wxiphsi49nj\gradle-8.14.3\lib\agents\gradle-instrumentation-agent-8.14.3.jar org.gradle.launcher.daemon.bootstrap.GradleDaemon 8.14.3

Host: AMD Athlon Gold 3150U with Radeon Graphics     , 4 cores, 3G,  Windows 11 , 64 bit Build 26100 (10.0.26100.8875)
Time: Fri Jul 24 00:43:37 2026 Malay Peninsula Standard Time elapsed time: 32.837851 seconds (0d 0h 0m 32s)

---------------  T H R E A D  ---------------

Current thread (0x0000023eeb4f27b0):  JavaThread "C2 CompilerThread0" daemon [_thread_in_native, id=12396, stack(0x000000d67a000000,0x000000d67a100000)]


Current CompileTask:
C2:32837 4825       4       java.lang.PublicMethods::merge (81 bytes)

Stack: [0x000000d67a000000,0x000000d67a100000]
Native frames: (J=compiled Java code, j=interpreted, Vv=VM code, C=native code)
V  [jvm.dll+0x684b29]
V  [jvm.dll+0x83a2d5]
V  [jvm.dll+0x83bd4e]
V  [jvm.dll+0x83c3d3]
V  [jvm.dll+0x24905f]
V  [jvm.dll+0xad536]
V  [jvm.dll+0xadbdc]
V  [jvm.dll+0x56c2d8]
V  [jvm.dll+0x333204]
V  [jvm.dll+0x33263a]
V  [jvm.dll+0x219e69]
V  [jvm.dll+0x2192af]
V  [jvm.dll+0x1a49f0]
V  [jvm.dll+0x2299fa]
V  [jvm.dll+0x227bab]
V  [jvm.dll+0x7f0a88]
V  [jvm.dll+0x7eaf1c]
V  [jvm.dll+0x6839f7]
C  [ucrtbase.dll+0x2cd30]
C  [KERNEL32.DLL+0x2e957]
C  [ntdll.dll+0xaad6c]


---------------  P R O C E S S  ---------------

Threads class SMR info:
_java_thread_list=0x0000023ef350cac0, length=38, elements={
0x0000023ecd8e0540, 0x0000023eeb4d4900, 0x0000023eeb4d6550, 0x0000023eeb4ed120,
0x0000023eeb4efa00, 0x0000023eeb4f02d0, 0x0000023eeb4f0ba0, 0x0000023eeb4f27b0,
0x0000023eeb559c30, 0x0000023eeb5704f0, 0x0000023eeb4c25e0, 0x0000023eeb82fdc0,
0x0000023ef0ab5150, 0x0000023ef0ea2c10, 0x0000023ef146afa0, 0x0000023ef146aa90,
0x0000023ef146bed0, 0x0000023ef146a070, 0x0000023ef146b4b0, 0x0000023ef146c3e0,
0x0000023ef146b9c0, 0x0000023ef146d310, 0x0000023ef146a580, 0x0000023ef146ce00,
0x0000023ef146c8f0, 0x0000023ef1d004a0, 0x0000023ef1d02810, 0x0000023ef1d018e0,
0x0000023ef1d01df0, 0x0000023ef1d02300, 0x0000023ef1d02d20, 0x0000023ef1d009b0,
0x0000023ef1d013d0, 0x0000023ef1d03230, 0x0000023ef1d03c50, 0x0000023ef1d00ec0,
0x0000023ef1d05090, 0x0000023ef1d05ab0
}

Java Threads: ( => current thread )
  0x0000023ecd8e0540 JavaThread "main" [_thread_blocked, id=5756, stack(0x000000d679300000,0x000000d679400000)]
  0x0000023eeb4d4900 JavaThread "Reference Handler" daemon [_thread_blocked, id=9464, stack(0x000000d679a00000,0x000000d679b00000)]
  0x0000023eeb4d6550 JavaThread "Finalizer" daemon [_thread_blocked, id=6688, stack(0x000000d679b00000,0x000000d679c00000)]
  0x0000023eeb4ed120 JavaThread "Signal Dispatcher" daemon [_thread_blocked, id=9540, stack(0x000000d679c00000,0x000000d679d00000)]
  0x0000023eeb4efa00 JavaThread "Attach Listener" daemon [_thread_blocked, id=456, stack(0x000000d679d00000,0x000000d679e00000)]
  0x0000023eeb4f02d0 JavaThread "Service Thread" daemon [_thread_blocked, id=3080, stack(0x000000d679e00000,0x000000d679f00000)]
  0x0000023eeb4f0ba0 JavaThread "Monitor Deflation Thread" daemon [_thread_blocked, id=12820, stack(0x000000d679f00000,0x000000d67a000000)]
=>0x0000023eeb4f27b0 JavaThread "C2 CompilerThread0" daemon [_thread_in_native, id=12396, stack(0x000000d67a000000,0x000000d67a100000)]
  0x0000023eeb559c30 JavaThread "C1 CompilerThread0" daemon [_thread_blocked, id=11228, stack(0x000000d67a100000,0x000000d67a200000)]
  0x0000023eeb5704f0 JavaThread "Sweeper thread" daemon [_thread_blocked, id=3984, stack(0x000000d67a200000,0x000000d67a300000)]
  0x0000023eeb4c25e0 JavaThread "Common-Cleaner" daemon [_thread_blocked, id=3712, stack(0x000000d67a300000,0x000000d67a400000)]
  0x0000023eeb82fdc0 JavaThread "Notification Thread" daemon [_thread_blocked, id=10644, stack(0x000000d67a400000,0x000000d67a500000)]
  0x0000023ef0ab5150 JavaThread "Daemon health stats" [_thread_blocked, id=12340, stack(0x000000d67aa00000,0x000000d67ab00000)]
  0x0000023ef0ea2c10 JavaThread "Incoming local TCP Connector on port 52278" [_thread_in_native, id=2576, stack(0x000000d67ab00000,0x000000d67ac00000)]
  0x0000023ef146afa0 JavaThread "Daemon periodic checks" [_thread_blocked, id=5308, stack(0x000000d67ac00000,0x000000d67ad00000)]
  0x0000023ef146aa90 JavaThread "Daemon" [_thread_blocked, id=13232, stack(0x000000d67ad00000,0x000000d67ae00000)]
  0x0000023ef146bed0 JavaThread "Handler for socket connection from /127.0.0.1:52278 to /127.0.0.1:52279" [_thread_in_native, id=4760, stack(0x000000d67ae00000,0x000000d67af00000)]
  0x0000023ef146a070 JavaThread "Cancel handler" [_thread_blocked, id=4312, stack(0x000000d67af00000,0x000000d67b000000)]
  0x0000023ef146b4b0 JavaThread "Daemon worker" [_thread_in_Java, id=6316, stack(0x000000d67b000000,0x000000d67b100000)]
  0x0000023ef146c3e0 JavaThread "Asynchronous log dispatcher for DefaultDaemonConnection: socket connection from /127.0.0.1:52278 to /127.0.0.1:52279" [_thread_blocked, id=7464, stack(0x000000d67b100000,0x000000d67b200000)]
  0x0000023ef146b9c0 JavaThread "Stdin handler" [_thread_blocked, id=6452, stack(0x000000d67b200000,0x000000d67b300000)]
  0x0000023ef146d310 JavaThread "Daemon client event forwarder" [_thread_blocked, id=8352, stack(0x000000d67b300000,0x000000d67b400000)]
  0x0000023ef146a580 JavaThread "Cache worker for journal cache (C:\Users\HP\.gradle\caches\journal-1)" [_thread_blocked, id=10884, stack(0x000000d67b400000,0x000000d67b500000)]
  0x0000023ef146ce00 JavaThread "File lock request listener" [_thread_in_native, id=5564, stack(0x000000d67b500000,0x000000d67b600000)]
  0x0000023ef146c8f0 JavaThread "Cache worker for file hash cache (C:\Users\HP\.gradle\caches\8.14.3\fileHashes)" [_thread_blocked, id=3544, stack(0x000000d67b600000,0x000000d67b700000)]
  0x0000023ef1d004a0 JavaThread "Cache worker for file hash cache (D:\LSA 2025\LAST\PROJT\finance app\finance apps Ori\android\.gradle\8.14.3\fileHashes)" [_thread_blocked, id=10920, stack(0x000000d67b700000,0x000000d67b800000)]
  0x0000023ef1d02810 JavaThread "Cache worker for Build Output Cleanup Cache (D:\LSA 2025\LAST\PROJT\finance app\finance apps Ori\android\.gradle\buildOutputCleanup)" [_thread_blocked, id=1244, stack(0x000000d67b800000,0x000000d67b900000)]
  0x0000023ef1d018e0 JavaThread "File watcher server" daemon [_thread_in_native, id=5884, stack(0x000000d67b900000,0x000000d67ba00000)]
  0x0000023ef1d01df0 JavaThread "File watcher consumer" daemon [_thread_blocked, id=5144, stack(0x000000d67ba00000,0x000000d67bb00000)]
  0x0000023ef1d02300 JavaThread "File lock release action executor" [_thread_blocked, id=12120, stack(0x000000d67bb00000,0x000000d67bc00000)]
  0x0000023ef1d02d20 JavaThread "jar transforms" [_thread_blocked, id=8028, stack(0x000000d67bc00000,0x000000d67bd00000)]
  0x0000023ef1d009b0 JavaThread "jar transforms Thread 2" [_thread_blocked, id=12584, stack(0x000000d67bd00000,0x000000d67be00000)]
  0x0000023ef1d013d0 JavaThread "Cache worker for checksums cache (D:\LSA 2025\LAST\PROJT\finance app\finance apps Ori\android\.gradle\8.14.3\checksums)" [_thread_blocked, id=1860, stack(0x000000d67be00000,0x000000d67bf00000)]
  0x0000023ef1d03230 JavaThread "Cache worker for file content cache (C:\Users\HP\.gradle\caches\8.14.3\fileContent)" [_thread_blocked, id=1160, stack(0x000000d67bf00000,0x000000d67c000000)]
  0x0000023ef1d03c50 JavaThread "jar transforms Thread 3" [_thread_blocked, id=5196, stack(0x000000d67c000000,0x000000d67c100000)]
  0x0000023ef1d00ec0 JavaThread "jar transforms Thread 4" [_thread_blocked, id=6684, stack(0x000000d67c100000,0x000000d67c200000)]
  0x0000023ef1d05090 JavaThread "Cache worker for cache directory md-supplier (C:\Users\HP\.gradle\caches\8.14.3\md-supplier)" [_thread_blocked, id=9240, stack(0x000000d67c200000,0x000000d67c300000)]
  0x0000023ef1d05ab0 JavaThread "Cache worker for cache directory md-rule (C:\Users\HP\.gradle\caches\8.14.3\md-rule)" [_thread_blocked, id=12528, stack(0x000000d67c300000,0x000000d67c400000)]

Other Threads:
  0x0000023eeb4d0610 VMThread "VM Thread" [stack: 0x000000d679900000,0x000000d679a00000] [id=3352]
  0x0000023eeb8302a0 WatcherThread [stack: 0x000000d67a500000,0x000000d67a600000] [id=3536]
  0x0000023ecb70e810 GCTaskThread "GC Thread#0" [stack: 0x000000d679400000,0x000000d679500000] [id=8108]
  0x0000023eeb88e2b0 GCTaskThread "GC Thread#1" [stack: 0x000000d67a600000,0x000000d67a700000] [id=7696]
  0x0000023eeb7f8cb0 GCTaskThread "GC Thread#2" [stack: 0x000000d67a700000,0x000000d67a800000] [id=12276]
  0x0000023eeb913c10 GCTaskThread "GC Thread#3" [stack: 0x000000d67a800000,0x000000d67a900000] [id=12524]
  0x0000023ecd94c5a0 ConcurrentGCThread "G1 Main Marker" [stack: 0x000000d679500000,0x000000d679600000] [id=6940]
  0x0000023ecd94daa0 ConcurrentGCThread "G1 Conc#0" [stack: 0x000000d679600000,0x000000d679700000] [id=6276]
  0x0000023ecd988710 ConcurrentGCThread "G1 Refine#0" [stack: 0x000000d679700000,0x000000d679800000] [id=11060]
  0x0000023ef0774530 ConcurrentGCThread "G1 Refine#1" [stack: 0x000000d67a900000,0x000000d67aa00000] [id=12428]
  0x0000023ecd989050 ConcurrentGCThread "G1 Service" [stack: 0x000000d679800000,0x000000d679900000] [id=5488]

Threads with active compile tasks:
C2 CompilerThread0  32902 4825       4       java.lang.PublicMethods::merge (81 bytes)

VM state: not at safepoint (normal execution)

VM Mutex/Monitor currently owned by a thread: None

Heap address: 0x0000000080000000, size: 2048 MB, Compressed Oops mode: 32-bit

CDS archive(s) mapped at: [0x0000023e80000000-0x0000023e80bb0000-0x0000023e80bb0000), size 12255232, SharedBaseAddress: 0x0000023e80000000, ArchiveRelocationMode: 1.
Compressed class space mapped at: 0x0000023e81000000-0x0000023e9b000000, reserved size: 436207616
Narrow klass base: 0x0000023e80000000, Narrow klass shift: 0, Narrow klass range: 0x100000000

GC Precious Log:
 CPUs: 4 total, 4 available
 Memory: 3499M
 Large Page Support: Disabled
 NUMA Support: Disabled
 Compressed Oops: Enabled (32-bit)
 Heap Region Size: 1M
 Heap Min Capacity: 8M
 Heap Initial Capacity: 56M
 Heap Max Capacity: 2G
 Pre-touch: Disabled
 Parallel Workers: 4
 Concurrent Workers: 1
 Concurrent Refinement Workers: 4
 Periodic GC: Disabled

Heap:
 garbage-first heap   total 66560K, used 39848K [0x0000000080000000, 0x0000000100000000)
  region size 1024K, 3 young (3072K), 1 survivors (1024K)
 Metaspace       used 41276K, committed 41792K, reserved 491520K
  class space    used 5715K, committed 5952K, reserved 425984K

Heap Regions: E=young(eden), S=young(survivor), O=old, HS=humongous(starts), HC=humongous(continues), CS=collection set, F=free, OA=open archive, CA=closed archive, TAMS=top-at-mark-start (previous, next)
|   0|0x0000000080000000, 0x0000000080100000, 0x0000000080100000|100%|HS|  |TAMS 0x0000000080100000, 0x0000000080000000| Complete 
|   1|0x0000000080100000, 0x0000000080200000, 0x0000000080200000|100%|HC|  |TAMS 0x0000000080200000, 0x0000000080100000| Complete 
|   2|0x0000000080200000, 0x0000000080300000, 0x0000000080300000|100%|HC|  |TAMS 0x0000000080300000, 0x0000000080200000| Complete 
|   3|0x0000000080300000, 0x0000000080400000, 0x0000000080400000|100%| O|  |TAMS 0x0000000080400000, 0x0000000080300000| Untracked 
|   4|0x0000000080400000, 0x0000000080500000, 0x0000000080500000|100%| O|  |TAMS 0x0000000080500000, 0x0000000080400000| Untracked 
|   5|0x0000000080500000, 0x0000000080600000, 0x0000000080600000|100%| O|  |TAMS 0x0000000080600000, 0x0000000080500000| Untracked 
|   6|0x0000000080600000, 0x0000000080700000, 0x0000000080700000|100%| O|  |TAMS 0x0000000080700000, 0x0000000080600000| Untracked 
|   7|0x0000000080700000, 0x0000000080800000, 0x0000000080800000|100%| O|  |TAMS 0x0000000080800000, 0x0000000080700000| Untracked 
|   8|0x0000000080800000, 0x0000000080900000, 0x0000000080900000|100%| O|  |TAMS 0x0000000080900000, 0x0000000080800000| Untracked 
|   9|0x0000000080900000, 0x0000000080a00000, 0x0000000080a00000|100%| O|  |TAMS 0x0000000080a00000, 0x0000000080900000| Untracked 
|  10|0x0000000080a00000, 0x0000000080b00000, 0x0000000080b00000|100%|HS|  |TAMS 0x0000000080b00000, 0x0000000080a00000| Complete 
|  11|0x0000000080b00000, 0x0000000080c00000, 0x0000000080c00000|100%| O|  |TAMS 0x0000000080c00000, 0x0000000080b00000| Untracked 
|  12|0x0000000080c00000, 0x0000000080d00000, 0x0000000080d00000|100%| O|  |TAMS 0x0000000080d00000, 0x0000000080c00000| Untracked 
|  13|0x0000000080d00000, 0x0000000080e00000, 0x0000000080e00000|100%| O|  |TAMS 0x0000000080e00000, 0x0000000080d00000| Untracked 
|  14|0x0000000080e00000, 0x0000000080f00000, 0x0000000080f00000|100%| O|  |TAMS 0x0000000080f00000, 0x0000000080e00000| Untracked 
|  15|0x0000000080f00000, 0x0000000081000000, 0x0000000081000000|100%| O|  |TAMS 0x0000000081000000, 0x0000000080f00000| Untracked 
|  16|0x0000000081000000, 0x0000000081100000, 0x0000000081100000|100%| O|  |TAMS 0x0000000081100000, 0x0000000081000000| Untracked 
|  17|0x0000000081100000, 0x0000000081200000, 0x0000000081200000|100%| O|  |TAMS 0x0000000081200000, 0x0000000081100000| Untracked 
|  18|0x0000000081200000, 0x0000000081300000, 0x0000000081300000|100%| O|  |TAMS 0x0000000081300000, 0x0000000081200000| Untracked 
|  19|0x0000000081300000, 0x0000000081400000, 0x0000000081400000|100%| O|  |TAMS 0x0000000081400000, 0x0000000081300000| Untracked 
|  20|0x0000000081400000, 0x0000000081500000, 0x0000000081500000|100%| O|  |TAMS 0x0000000081500000, 0x0000000081400000| Untracked 
|  21|0x0000000081500000, 0x0000000081600000, 0x0000000081600000|100%| O|  |TAMS 0x0000000081600000, 0x0000000081500000| Untracked 
|  22|0x0000000081600000, 0x0000000081700000, 0x0000000081700000|100%| O|  |TAMS 0x0000000081700000, 0x0000000081600000| Untracked 
|  23|0x0000000081700000, 0x0000000081800000, 0x0000000081800000|100%| O|  |TAMS 0x0000000081800000, 0x0000000081700000| Untracked 
|  24|0x0000000081800000, 0x0000000081900000, 0x0000000081900000|100%| O|  |TAMS 0x0000000081900000, 0x0000000081800000| Untracked 
|  25|0x0000000081900000, 0x0000000081a00000, 0x0000000081a00000|100%| O|  |TAMS 0x0000000081a00000, 0x0000000081900000| Untracked 
|  26|0x0000000081a00000, 0x0000000081b00000, 0x0000000081b00000|100%| O|  |TAMS 0x0000000081b00000, 0x0000000081a00000| Untracked 
|  27|0x0000000081b00000, 0x0000000081c00000, 0x0000000081c00000|100%| O|  |TAMS 0x0000000081c00000, 0x0000000081b00000| Untracked 
|  28|0x0000000081c00000, 0x0000000081d00000, 0x0000000081d00000|100%| O|  |TAMS 0x0000000081d00000, 0x0000000081c00000| Untracked 
|  29|0x0000000081d00000, 0x0000000081e00000, 0x0000000081e00000|100%| O|  |TAMS 0x0000000081e00000, 0x0000000081d00000| Untracked 
|  30|0x0000000081e00000, 0x0000000081f00000, 0x0000000081f00000|100%| O|  |TAMS 0x0000000081f00000, 0x0000000081e00000| Untracked 
|  31|0x0000000081f00000, 0x0000000082000000, 0x0000000082000000|100%| O|  |TAMS 0x0000000082000000, 0x0000000081f00000| Untracked 
|  32|0x0000000082000000, 0x00000000820f2a00, 0x0000000082100000| 94%| O|  |TAMS 0x00000000820f2a00, 0x0000000082000000| Untracked 
|  33|0x0000000082100000, 0x0000000082200000, 0x0000000082200000|100%|HS|  |TAMS 0x0000000082100000, 0x0000000082100000| Complete 
|  34|0x0000000082200000, 0x0000000082300000, 0x0000000082300000|100%| O|  |TAMS 0x0000000082300000, 0x0000000082200000| Untracked 
|  35|0x0000000082300000, 0x0000000082400000, 0x0000000082400000|100%| O|  |TAMS 0x0000000082400000, 0x0000000082300000| Untracked 
|  36|0x0000000082400000, 0x0000000082500000, 0x0000000082500000|100%|HS|  |TAMS 0x0000000082400000, 0x0000000082400000| Complete 
|  37|0x0000000082500000, 0x0000000082500000, 0x0000000082600000|  0%| F|  |TAMS 0x0000000082500000, 0x0000000082500000| Untracked 
|  38|0x0000000082600000, 0x0000000082600000, 0x0000000082700000|  0%| F|  |TAMS 0x0000000082600000, 0x0000000082600000| Untracked 
|  39|0x0000000082700000, 0x0000000082700000, 0x0000000082800000|  0%| F|  |TAMS 0x0000000082700000, 0x0000000082700000| Untracked 
|  40|0x0000000082800000, 0x0000000082800000, 0x0000000082900000|  0%| F|  |TAMS 0x0000000082800000, 0x0000000082800000| Untracked 
|  41|0x0000000082900000, 0x0000000082900000, 0x0000000082a00000|  0%| F|  |TAMS 0x0000000082900000, 0x0000000082900000| Untracked 
|  42|0x0000000082a00000, 0x0000000082a00000, 0x0000000082b00000|  0%| F|  |TAMS 0x0000000082a00000, 0x0000000082a00000| Untracked 
|  43|0x0000000082b00000, 0x0000000082b00000, 0x0000000082c00000|  0%| F|  |TAMS 0x0000000082b00000, 0x0000000082b00000| Untracked 
|  44|0x0000000082c00000, 0x0000000082c00000, 0x0000000082d00000|  0%| F|  |TAMS 0x0000000082c00000, 0x0000000082c00000| Untracked 
|  45|0x0000000082d00000, 0x0000000082d00000, 0x0000000082e00000|  0%| F|  |TAMS 0x0000000082d00000, 0x0000000082d00000| Untracked 
|  46|0x0000000082e00000, 0x0000000082e00000, 0x0000000082f00000|  0%| F|  |TAMS 0x0000000082e00000, 0x0000000082e00000| Untracked 
|  47|0x0000000082f00000, 0x0000000082f00000, 0x0000000083000000|  0%| F|  |TAMS 0x0000000082f00000, 0x0000000082f00000| Untracked 
|  48|0x0000000083000000, 0x0000000083000000, 0x0000000083100000|  0%| F|  |TAMS 0x0000000083000000, 0x0000000083000000| Untracked 
|  49|0x0000000083100000, 0x0000000083100000, 0x0000000083200000|  0%| F|  |TAMS 0x0000000083100000, 0x0000000083100000| Untracked 
|  50|0x0000000083200000, 0x0000000083200000, 0x0000000083300000|  0%| F|  |TAMS 0x0000000083200000, 0x0000000083200000| Untracked 
|  51|0x0000000083300000, 0x0000000083300000, 0x0000000083400000|  0%| F|  |TAMS 0x0000000083300000, 0x0000000083300000| Untracked 
|  52|0x0000000083400000, 0x0000000083400000, 0x0000000083500000|  0%| F|  |TAMS 0x0000000083400000, 0x0000000083400000| Untracked 
|  53|0x0000000083500000, 0x0000000083500000, 0x0000000083600000|  0%| F|  |TAMS 0x0000000083500000, 0x0000000083500000| Untracked 
|  54|0x0000000083600000, 0x0000000083600000, 0x0000000083700000|  0%| F|  |TAMS 0x0000000083600000, 0x0000000083600000| Untracked 
|  55|0x0000000083700000, 0x0000000083700000, 0x0000000083800000|  0%| F|  |TAMS 0x0000000083700000, 0x0000000083700000| Untracked 
|  56|0x0000000083800000, 0x0000000083800000, 0x0000000083900000|  0%| F|  |TAMS 0x0000000083800000, 0x0000000083800000| Untracked 
|  57|0x0000000083900000, 0x00000000839f7718, 0x0000000083a00000| 96%| S|CS|TAMS 0x0000000083900000, 0x0000000083900000| Complete 
|  58|0x0000000083a00000, 0x0000000083a00000, 0x0000000083b00000|  0%| F|  |TAMS 0x0000000083a00000, 0x0000000083a00000| Untracked 
|  59|0x0000000083b00000, 0x0000000083c00000, 0x0000000083c00000|100%| E|CS|TAMS 0x0000000083b00000, 0x0000000083b00000| Complete 
|  60|0x0000000083c00000, 0x0000000083c00000, 0x0000000083d00000|  0%| F|  |TAMS 0x0000000083c00000, 0x0000000083c00000| Untracked 
|  61|0x0000000083d00000, 0x0000000083d00000, 0x0000000083e00000|  0%| F|  |TAMS 0x0000000083d00000, 0x0000000083d00000| Untracked 
|  62|0x0000000083e00000, 0x0000000083e00000, 0x0000000083f00000|  0%| F|  |TAMS 0x0000000083e00000, 0x0000000083e00000| Untracked 
|  63|0x0000000083f00000, 0x0000000083f00000, 0x0000000084000000|  0%| F|  |TAMS 0x0000000083f00000, 0x0000000083f00000| Untracked 
|  64|0x0000000084000000, 0x0000000084100000, 0x0000000084100000|100%| E|  |TAMS 0x0000000084000000, 0x0000000084000000| Complete 

Card table byte_map: [0x0000023ee4860000,0x0000023ee4c60000] _byte_map_base: 0x0000023ee4460000

Marking Bits (Prev, Next): (CMBitMap*) 0x0000023ecd93bef0, (CMBitMap*) 0x0000023ecd93beb0
 Prev Bits: [0x0000023ee7060000, 0x0000023ee9060000)
 Next Bits: [0x0000023ee5060000, 0x0000023ee7060000)

Polling page: 0x0000023ecbab0000

Metaspace:

Usage:
  Non-class:     34.73 MB used.
      Class:      5.58 MB used.
       Both:     40.31 MB used.

Virtual space:
  Non-class space:       64.00 MB reserved,      35.00 MB ( 55%) committed,  1 nodes.
      Class space:      416.00 MB reserved,       5.81 MB (  1%) committed,  1 nodes.
             Both:      480.00 MB reserved,      40.81 MB (  9%) committed. 

Chunk freelists:
   Non-Class:  12.64 MB
       Class:  10.03 MB
        Both:  22.68 MB

MaxMetaspaceSize: 512.00 MB
CompressedClassSpaceSize: 416.00 MB
Initial GC threshold: 21.00 MB
Current GC threshold: 67.81 MB
CDS: on
MetaspaceReclaimPolicy: balanced
 - commit_granule_bytes: 65536.
 - commit_granule_words: 8192.
 - virtual_space_node_default_size: 8388608.
 - enlarge_chunks_in_place: 1.
 - new_chunks_are_fully_committed: 0.
 - uncommit_free_chunks: 1.
 - use_allocation_guard: 0.
 - handle_deallocations: 1.


Internal statistics:

num_allocs_failed_limit: 3.
num_arena_births: 484.
num_arena_deaths: 0.
num_vsnodes_births: 2.
num_vsnodes_deaths: 0.
num_space_committed: 653.
num_space_uncommitted: 0.
num_chunks_returned_to_freelist: 3.
num_chunks_taken_from_freelist: 2098.
num_chunk_merges: 3.
num_chunk_splits: 1364.
num_chunks_enlarged: 940.
num_inconsistent_stats: 0.

CodeHeap 'non-profiled nmethods': size=120000Kb used=3010Kb max_used=3010Kb free=116990Kb
 bounds [0x0000023edcf30000, 0x0000023edd230000, 0x0000023ee4460000]
CodeHeap 'profiled nmethods': size=120000Kb used=10179Kb max_used=10179Kb free=109820Kb
 bounds [0x0000023ed5460000, 0x0000023ed5e60000, 0x0000023edc990000]
CodeHeap 'non-nmethods': size=5760Kb used=2302Kb max_used=2340Kb free=3457Kb
 bounds [0x0000023edc990000, 0x0000023edcc00000, 0x0000023edcf30000]
 total_blobs=5635 nmethods=4822 adapters=725
 compilation: enabled
              stopped_count=0, restarted_count=0
 full_count=0

Compilation events (20 events):
Event: 32.496 Thread 0x0000023eeb559c30 nmethod 4816 0x0000023ed5e4cb10 code [0x0000023ed5e4ccc0, 0x0000023ed5e4cf38]
Event: 32.511 Thread 0x0000023eeb4f27b0 4817       4       org.gradle.internal.instantiation.generator.AbstractClassGenerator$ClassValidator::validateProperty (1 bytes)
Event: 32.511 Thread 0x0000023eeb4f27b0 nmethod 4817 0x0000023edd21df10 code [0x0000023edd21e080, 0x0000023edd21e0f8]
Event: 32.523 Thread 0x0000023eeb559c30 4818       1       com.google.common.collect.LinkedHashMultimap$ValueSet::setSuccessorInValueSet (6 bytes)
Event: 32.523 Thread 0x0000023eeb559c30 nmethod 4818 0x0000023edd21e210 code [0x0000023edd21e3a0, 0x0000023edd21e4b8]
Event: 32.559 Thread 0x0000023eeb559c30 4819       3       org.codehaus.groovy.reflection.stdclasses.CachedSAMClass$$Lambda$494/0x0000023e8142e000::run (8 bytes)
Event: 32.559 Thread 0x0000023eeb559c30 nmethod 4819 0x0000023ed5e4d010 code [0x0000023ed5e4d1c0, 0x0000023ed5e4d308]
Event: 32.575 Thread 0x0000023eeb4f27b0 4820       4       org.codehaus.groovy.util.LazyReference::get (44 bytes)
Event: 32.619 Thread 0x0000023eeb4f27b0 nmethod 4820 0x0000023edd21e510 code [0x0000023edd21e720, 0x0000023edd21f470]
Event: 32.619 Thread 0x0000023eeb4f27b0 4821       4       org.codehaus.groovy.reflection.CachedMethod::isStatic (8 bytes)
Event: 32.620 Thread 0x0000023eeb4f27b0 nmethod 4821 0x0000023edd21fc10 code [0x0000023edd21fda0, 0x0000023edd21fe38]
Event: 32.621 Thread 0x0000023eeb4f27b0 4822       4       org.codehaus.groovy.util.FastArray::get (7 bytes)
Event: 32.622 Thread 0x0000023eeb4f27b0 nmethod 4822 0x0000023edd21ff10 code [0x0000023edd2200a0, 0x0000023edd220158]
Event: 32.639 Thread 0x0000023eeb559c30 4823       1       org.codehaus.groovy.runtime.metaclass.NewStaticMetaMethod::getModifiers (3 bytes)
Event: 32.639 Thread 0x0000023eeb559c30 nmethod 4823 0x0000023edd220210 code [0x0000023edd2203a0, 0x0000023edd220478]
Event: 32.642 Thread 0x0000023eeb559c30 4824       1       groovy.lang.MetaClassImpl$MethodIndexAction::skipClass (2 bytes)
Event: 32.642 Thread 0x0000023eeb559c30 nmethod 4824 0x0000023edd220510 code [0x0000023edd2206a0, 0x0000023edd220778]
Event: 32.768 Thread 0x0000023eeb4f27b0 4825       4       java.lang.PublicMethods::merge (81 bytes)
Event: 32.777 Thread 0x0000023eeb559c30 4826       3       java.util.Collections$SynchronizedCollection::iterator (10 bytes)
Event: 32.777 Thread 0x0000023eeb559c30 nmethod 4826 0x0000023ed5e4d410 code [0x0000023ed5e4d5c0, 0x0000023ed5e4d788]

GC Heap History (20 events):
Event: 20.379 GC heap before
{Heap before GC invocations=12 (full 0):
 garbage-first heap   total 57344K, used 45413K [0x0000000080000000, 0x0000000100000000)
  region size 1024K, 23 young (23552K), 3 survivors (3072K)
 Metaspace       used 26644K, committed 27072K, reserved 491520K
  class space    used 3946K, committed 4160K, reserved 425984K
}
Event: 20.386 GC heap after
{Heap after GC invocations=13 (full 0):
 garbage-first heap   total 57344K, used 26292K [0x0000000080000000, 0x0000000100000000)
  region size 1024K, 3 young (3072K), 3 survivors (3072K)
 Metaspace       used 26644K, committed 27072K, reserved 491520K
  class space    used 3946K, committed 4160K, reserved 425984K
}
Event: 22.200 GC heap before
{Heap before GC invocations=13 (full 0):
 garbage-first heap   total 57344K, used 44724K [0x0000000080000000, 0x0000000100000000)
  region size 1024K, 22 young (22528K), 3 survivors (3072K)
 Metaspace       used 30565K, committed 30912K, reserved 491520K
  class space    used 4355K, committed 4480K, reserved 425984K
}
Event: 22.208 GC heap after
{Heap after GC invocations=14 (full 0):
 garbage-first heap   total 57344K, used 28230K [0x0000000080000000, 0x0000000100000000)
  region size 1024K, 3 young (3072K), 3 survivors (3072K)
 Metaspace       used 30565K, committed 30912K, reserved 491520K
  class space    used 4355K, committed 4480K, reserved 425984K
}
Event: 23.147 GC heap before
{Heap before GC invocations=14 (full 0):
 garbage-first heap   total 57344K, used 44614K [0x0000000080000000, 0x0000000100000000)
  region size 1024K, 20 young (20480K), 3 survivors (3072K)
 Metaspace       used 32153K, committed 32640K, reserved 491520K
  class space    used 4516K, committed 4736K, reserved 425984K
}
Event: 23.156 GC heap after
{Heap after GC invocations=15 (full 0):
 garbage-first heap   total 57344K, used 30813K [0x0000000080000000, 0x0000000100000000)
  region size 1024K, 3 young (3072K), 3 survivors (3072K)
 Metaspace       used 32153K, committed 32640K, reserved 491520K
  class space    used 4516K, committed 4736K, reserved 425984K
}
Event: 23.737 GC heap before
{Heap before GC invocations=15 (full 0):
 garbage-first heap   total 57344K, used 45149K [0x0000000080000000, 0x0000000100000000)
  region size 1024K, 17 young (17408K), 3 survivors (3072K)
 Metaspace       used 32813K, committed 33280K, reserved 491520K
  class space    used 4609K, committed 4864K, reserved 425984K
}
Event: 23.742 GC heap after
{Heap after GC invocations=16 (full 0):
 garbage-first heap   total 57344K, used 30919K [0x0000000080000000, 0x0000000100000000)
  region size 1024K, 2 young (2048K), 2 survivors (2048K)
 Metaspace       used 32813K, committed 33280K, reserved 491520K
  class space    used 4609K, committed 4864K, reserved 425984K
}
Event: 26.216 GC heap before
{Heap before GC invocations=17 (full 0):
 garbage-first heap   total 57344K, used 49351K [0x0000000080000000, 0x0000000100000000)
  region size 1024K, 16 young (16384K), 2 survivors (2048K)
 Metaspace       used 34764K, committed 35264K, reserved 491520K
  class space    used 4810K, committed 5056K, reserved 425984K
}
Event: 26.221 GC heap after
{Heap after GC invocations=18 (full 0):
 garbage-first heap   total 57344K, used 32571K [0x0000000080000000, 0x0000000100000000)
  region size 1024K, 2 young (2048K), 2 survivors (2048K)
 Metaspace       used 34764K, committed 35264K, reserved 491520K
  class space    used 4810K, committed 5056K, reserved 425984K
}
Event: 27.288 GC heap before
{Heap before GC invocations=18 (full 0):
 garbage-first heap   total 57344K, used 45883K [0x0000000080000000, 0x0000000100000000)
  region size 1024K, 15 young (15360K), 2 survivors (2048K)
 Metaspace       used 36059K, committed 36544K, reserved 491520K
  class space    used 5001K, committed 5248K, reserved 425984K
}
Event: 27.292 GC heap after
{Heap after GC invocations=19 (full 0):
 garbage-first heap   total 57344K, used 33709K [0x0000000080000000, 0x0000000100000000)
  region size 1024K, 2 young (2048K), 2 survivors (2048K)
 Metaspace       used 36059K, committed 36544K, reserved 491520K
  class space    used 5001K, committed 5248K, reserved 425984K
}
Event: 28.052 GC heap before
{Heap before GC invocations=20 (full 0):
 garbage-first heap   total 61440K, used 44973K [0x0000000080000000, 0x0000000100000000)
  region size 1024K, 14 young (14336K), 2 survivors (2048K)
 Metaspace       used 37473K, committed 37952K, reserved 491520K
  class space    used 5216K, committed 5440K, reserved 425984K
}
Event: 28.057 GC heap after
{Heap after GC invocations=21 (full 0):
 garbage-first heap   total 61440K, used 34300K [0x0000000080000000, 0x0000000100000000)
  region size 1024K, 1 young (1024K), 1 survivors (1024K)
 Metaspace       used 37473K, committed 37952K, reserved 491520K
  class space    used 5216K, committed 5440K, reserved 425984K
}
Event: 29.030 GC heap before
{Heap before GC invocations=21 (full 0):
 garbage-first heap   total 61440K, used 49660K [0x0000000080000000, 0x0000000100000000)
  region size 1024K, 16 young (16384K), 1 survivors (1024K)
 Metaspace       used 38784K, committed 39232K, reserved 491520K
  class space    used 5424K, committed 5632K, reserved 425984K
}
Event: 29.037 GC heap after
{Heap after GC invocations=22 (full 0):
 garbage-first heap   total 61440K, used 35784K [0x0000000080000000, 0x0000000100000000)
  region size 1024K, 2 young (2048K), 2 survivors (2048K)
 Metaspace       used 38784K, committed 39232K, reserved 491520K
  class space    used 5424K, committed 5632K, reserved 425984K
}
Event: 31.536 GC heap before
{Heap before GC invocations=23 (full 0):
 garbage-first heap   total 61440K, used 49096K [0x0000000080000000, 0x0000000100000000)
  region size 1024K, 16 young (16384K), 2 survivors (2048K)
 Metaspace       used 40408K, committed 40960K, reserved 491520K
  class space    used 5696K, committed 5952K, reserved 425984K
}
Event: 31.541 GC heap after
{Heap after GC invocations=24 (full 0):
 garbage-first heap   total 61440K, used 36419K [0x0000000080000000, 0x0000000100000000)
  region size 1024K, 1 young (1024K), 1 survivors (1024K)
 Metaspace       used 40408K, committed 40960K, reserved 491520K
  class space    used 5696K, committed 5952K, reserved 425984K
}
Event: 31.610 GC heap before
{Heap before GC invocations=24 (full 0):
 garbage-first heap   total 61440K, used 36419K [0x0000000080000000, 0x0000000100000000)
  region size 1024K, 3 young (3072K), 1 survivors (1024K)
 Metaspace       used 40563K, committed 41088K, reserved 491520K
  class space    used 5702K, committed 5952K, reserved 425984K
}
Event: 31.612 GC heap after
{Heap after GC invocations=25 (full 0):
 garbage-first heap   total 61440K, used 36776K [0x0000000080000000, 0x0000000100000000)
  region size 1024K, 1 young (1024K), 1 survivors (1024K)
 Metaspace       used 40563K, committed 41088K, reserved 491520K
  class space    used 5702K, committed 5952K, reserved 425984K
}

Dll operation events (15 events):
Event: 0.040 Loaded shared library C:\Program Files\Eclipse Adoptium\jdk-17.0.19.10-hotspot\bin\java.dll
Event: 0.104 Loaded shared library C:\Program Files\Eclipse Adoptium\jdk-17.0.19.10-hotspot\bin\jsvml.dll
Event: 0.267 Loaded shared library C:\Program Files\Eclipse Adoptium\jdk-17.0.19.10-hotspot\bin\zip.dll
Event: 0.272 Loaded shared library C:\Program Files\Eclipse Adoptium\jdk-17.0.19.10-hotspot\bin\instrument.dll
Event: 0.284 Loaded shared library C:\Program Files\Eclipse Adoptium\jdk-17.0.19.10-hotspot\bin\net.dll
Event: 0.287 Loaded shared library C:\Program Files\Eclipse Adoptium\jdk-17.0.19.10-hotspot\bin\nio.dll
Event: 0.291 Loaded shared library C:\Program Files\Eclipse Adoptium\jdk-17.0.19.10-hotspot\bin\zip.dll
Event: 1.352 Loaded shared library C:\Program Files\Eclipse Adoptium\jdk-17.0.19.10-hotspot\bin\jimage.dll
Event: 1.885 Loaded shared library C:\Program Files\Eclipse Adoptium\jdk-17.0.19.10-hotspot\bin\verify.dll
Event: 2.202 Loaded shared library C:\Users\HP\.gradle\native\1def1411415f61bf3af743bc5b6707747c0891f09f0c88961ee8f79bc544acac\windows-amd64\native-platform.dll
Event: 2.240 Loaded shared library C:\Users\HP\.gradle\native\0.2.7\x86_64-windows-gnu\gradle-fileevents.dll
Event: 8.095 Loaded shared library C:\Program Files\Eclipse Adoptium\jdk-17.0.19.10-hotspot\bin\management.dll
Event: 8.106 Loaded shared library C:\Program Files\Eclipse Adoptium\jdk-17.0.19.10-hotspot\bin\management_ext.dll
Event: 9.438 Loaded shared library C:\Program Files\Eclipse Adoptium\jdk-17.0.19.10-hotspot\bin\extnet.dll
Event: 10.134 Loaded shared library C:\Program Files\Eclipse Adoptium\jdk-17.0.19.10-hotspot\bin\sunmscapi.dll

Deoptimization events (20 events):
Event: 28.958 Thread 0x0000023ef146b4b0 DEOPT PACKING pc=0x0000023edd15e9a8 sp=0x000000d67b0f9c40
Event: 28.958 Thread 0x0000023ef146b4b0 DEOPT UNPACKING pc=0x0000023edc9e69a3 sp=0x000000d67b0f9b38 mode 2
Event: 28.961 Thread 0x0000023ef146b4b0 Uncommon trap: trap_request=0xffffffde fr.pc=0x0000023edd15e9a8 relative=0x0000000000002ae8
Event: 28.961 Thread 0x0000023ef146b4b0 Uncommon trap: reason=class_check action=maybe_recompile pc=0x0000023edd15e9a8 method=java.util.regex.Pattern$CharProperty.study(Ljava/util/regex/Pattern$TreeInfo;)Z @ 25 c2
Event: 28.961 Thread 0x0000023ef146b4b0 DEOPT PACKING pc=0x0000023edd15e9a8 sp=0x000000d67b0f9c40
Event: 28.961 Thread 0x0000023ef146b4b0 DEOPT UNPACKING pc=0x0000023edc9e69a3 sp=0x000000d67b0f9b38 mode 2
Event: 29.777 Thread 0x0000023ef146b4b0 Uncommon trap: trap_request=0xffffff45 fr.pc=0x0000023edd1eeb24 relative=0x0000000000000264
Event: 29.777 Thread 0x0000023ef146b4b0 Uncommon trap: reason=unstable_if action=reinterpret pc=0x0000023edd1eeb24 method=java.util.HashMap.getNode(Ljava/lang/Object;)Ljava/util/HashMap$Node; @ 57 c2
Event: 29.777 Thread 0x0000023ef146b4b0 DEOPT PACKING pc=0x0000023edd1eeb24 sp=0x000000d67b0f8530
Event: 29.777 Thread 0x0000023ef146b4b0 DEOPT UNPACKING pc=0x0000023edc9e69a3 sp=0x000000d67b0f84b0 mode 2
Event: 29.796 Thread 0x0000023ef146b4b0 Uncommon trap: trap_request=0xffffff45 fr.pc=0x0000023edd1a3684 relative=0x0000000000000324
Event: 29.796 Thread 0x0000023ef146b4b0 Uncommon trap: reason=unstable_if action=reinterpret pc=0x0000023edd1a3684 method=org.gradle.internal.reflect.PropertyAccessorType.isGetGetterName(Ljava/lang/String;)Z @ 14 c2
Event: 29.796 Thread 0x0000023ef146b4b0 DEOPT PACKING pc=0x0000023edd1a3684 sp=0x000000d67b0f8e50
Event: 29.796 Thread 0x0000023ef146b4b0 DEOPT UNPACKING pc=0x0000023edc9e69a3 sp=0x000000d67b0f8da8 mode 2
Event: 30.031 Thread 0x0000023ef146afa0 DEOPT PACKING pc=0x0000023ed58417b8 sp=0x000000d67acfe5c0
Event: 30.032 Thread 0x0000023ef146afa0 DEOPT UNPACKING pc=0x0000023edc9e7143 sp=0x000000d67acfdac8 mode 0
Event: 31.364 Thread 0x0000023ef146b4b0 Uncommon trap: trap_request=0xffffff45 fr.pc=0x0000023edcfea174 relative=0x00000000000001d4
Event: 31.364 Thread 0x0000023ef146b4b0 Uncommon trap: reason=unstable_if action=reinterpret pc=0x0000023edcfea174 method=java.net.URI$Parser.scan(IILjava/lang/String;)I @ 26 c2
Event: 31.364 Thread 0x0000023ef146b4b0 DEOPT PACKING pc=0x0000023edcfea174 sp=0x000000d67b0f95d0
Event: 31.364 Thread 0x0000023ef146b4b0 DEOPT UNPACKING pc=0x0000023edc9e69a3 sp=0x000000d67b0f9560 mode 2

Classes loaded (20 events):
Event: 28.724 Loading class org/xml/sax/Locator
Event: 28.724 Loading class org/xml/sax/Locator done
Event: 28.724 Loading class org/xml/sax/SAXParseException
Event: 28.726 Loading class org/xml/sax/SAXParseException done
Event: 28.730 Loading class org/xml/sax/Attributes
Event: 28.730 Loading class org/xml/sax/Attributes done
Event: 28.922 Loading class java/util/ArrayList$ListItr
Event: 28.922 Loading class java/util/ArrayList$ListItr done
Event: 29.095 Loading class java/io/SerialCallbackContext
Event: 29.096 Loading class java/io/SerialCallbackContext done
Event: 29.569 Loading class java/util/DualPivotQuicksort
Event: 29.570 Loading class java/util/DualPivotQuicksort done
Event: 29.778 Loading class java/util/function/LongUnaryOperator
Event: 29.779 Loading class java/util/function/LongUnaryOperator done
Event: 30.045 Loading class java/util/PrimitiveIterator$OfInt
Event: 30.046 Loading class java/util/PrimitiveIterator
Event: 30.052 Loading class java/util/PrimitiveIterator done
Event: 30.052 Loading class java/util/PrimitiveIterator$OfInt done
Event: 30.183 Loading class java/util/concurrent/RecursiveAction
Event: 30.197 Loading class java/util/concurrent/RecursiveAction done

Classes unloaded (0 events):
No events

Classes redefined (0 events):
No events

Internal exceptions (20 events):
Event: 27.579 Thread 0x0000023ef146b4b0 Exception <a 'java/lang/NoSuchMethodError'{0x0000000083807ae0}: 'java.lang.Object java.lang.invoke.Invokers$Holder.linkToTargetMethod(java.lang.Object, java.lang.Object, java.lang.Object, java.lang.Object, java.lang.Object, java.lang.Object, java.lang.Object, java.lang.Object, java.lang.Object, java.lang.Object, java.lang.Object)'> (0x0000000083807ae0) 
thrown [s\src\hotspot\share\interpreter\linkResolver.cpp, line 759]
Event: 27.603 Thread 0x0000023ef146b4b0 Exception <a 'java/lang/NoSuchMethodError'{0x00000000838778c0}: 'java.lang.Object java.lang.invoke.DirectMethodHandle$Holder.newInvokeSpecial(java.lang.Object, java.lang.Object, java.lang.Object, java.lang.Object, java.lang.Object, java.lang.Object, java.lang.Object, java.lang.Object, java.lang.Object, java.lang.Object, java.lang.Object, java.lang.Object)'> (0x00000000838778c0) 
thrown [s\src\hotspot\share\interpreter\linkResolver.cpp, line 759]
Event: 27.604 Thread 0x0000023ef146b4b0 Exception <a 'java/lang/NoSuchMethodError'{0x000000008387d5e0}: 'java.lang.Object java.lang.invoke.DirectMethodHandle$Holder.invokeSpecial(java.lang.Object, java.lang.Object, java.lang.Object, java.lang.Object, java.lang.Object, java.lang.Object, java.lang.Object, java.lang.Object, java.lang.Object, java.lang.Object, java.lang.Object, java.lang.Object, java.lang.Object)'> (0x000000008387d5e0) 
thrown [s\src\hotspot\share\interpreter\linkResolver.cpp, line 759]
Event: 27.604 Thread 0x0000023ef146b4b0 Exception <a 'java/lang/NoSuchMethodError'{0x0000000083882e00}: 'java.lang.Object java.lang.invoke.Invokers$Holder.linkToTargetMethod(java.lang.Object, java.lang.Object, java.lang.Object, java.lang.Object, java.lang.Object, java.lang.Object, java.lang.Object, java.lang.Object, java.lang.Object, java.lang.Object, java.lang.Object, java.lang.Object)'> (0x0000000083882e00) 
thrown [s\src\hotspot\share\interpreter\linkResolver.cpp, line 759]
Event: 28.078 Thread 0x0000023ef146b4b0 Exception <a 'java/lang/NoSuchMethodError'{0x0000000083b98cb0}: 'void java.lang.invoke.DirectMethodHandle$Holder.invokeInterface(java.lang.Object, java.lang.Object)'> (0x0000000083b98cb0) 
thrown [s\src\hotspot\share\interpreter\linkResolver.cpp, line 759]
Event: 28.163 Thread 0x0000023ef146d310 Exception <a 'java/lang/NoSuchMethodError'{0x0000000083954cb0}: static Lorg/gradle/internal/build/event/types/DefaultBuildPhaseDescriptor;.<clinit>()V> (0x0000000083954cb0) 
thrown [s\src\hotspot\share\prims\jni.cpp, line 1112]
Event: 28.528 Thread 0x0000023ef146b4b0 Exception <a 'java/lang/ClassNotFoundException'{0x0000000083001ee8}: org/gradle/internal/metaobject/ConfigureDelegateBeanInfo> (0x0000000083001ee8) 
thrown [s\src\hotspot\share\classfile\systemDictionary.cpp, line 256]
Event: 28.529 Thread 0x0000023ef146b4b0 Exception <a 'java/lang/ClassNotFoundException'{0x000000008300e6a8}: org/gradle/internal/metaobject/ConfigureDelegateCustomizer> (0x000000008300e6a8) 
thrown [s\src\hotspot\share\classfile\systemDictionary.cpp, line 256]
Event: 28.581 Thread 0x0000023ef146b4b0 Exception <a 'java/lang/ClassNotFoundException'{0x0000000082eb6220}: org/gradle/api/internal/project/DefaultProject_DecoratedBeanInfo> (0x0000000082eb6220) 
thrown [s\src\hotspot\share\classfile\systemDictionary.cpp, line 256]
Event: 28.584 Thread 0x0000023ef146b4b0 Exception <a 'java/lang/ClassNotFoundException'{0x0000000082ec3b48}: org/gradle/api/internal/project/DefaultProjectBeanInfo> (0x0000000082ec3b48) 
thrown [s\src\hotspot\share\classfile\systemDictionary.cpp, line 256]
Event: 28.586 Thread 0x0000023ef146b4b0 Exception <a 'java/lang/ClassNotFoundException'{0x0000000082ed1548}: org/gradle/api/internal/project/DefaultProjectCustomizer> (0x0000000082ed1548) 
thrown [s\src\hotspot\share\classfile\systemDictionary.cpp, line 256]
Event: 28.622 Thread 0x0000023ef146b4b0 Exception <a 'java/lang/ClassNotFoundException'{0x0000000082d8db18}: org/gradle/api/internal/project/DefaultProject_DecoratedCustomizer> (0x0000000082d8db18) 
thrown [s\src\hotspot\share\classfile\systemDictionary.cpp, line 256]
Event: 28.754 Thread 0x0000023ef146b4b0 Exception <a 'java/lang/ClassNotFoundException'{0x0000000082c418a8}: org/gradle/configuration/internal/DefaultListenerBuildOperationDecorator$BuildOperationEmittingClosureBeanInfo> (0x0000000082c418a8) 
thrown [s\src\hotspot\share\classfile\systemDictionary.cpp, line 256]
Event: 28.757 Thread 0x0000023ef146b4b0 Exception <a 'java/lang/ClassNotFoundException'{0x0000000082c50228}: org/gradle/configuration/internal/DefaultListenerBuildOperationDecorator$BuildOperationEmittingClosureCustomizer> (0x0000000082c50228) 
thrown [s\src\hotspot\share\classfile\systemDictionary.cpp, line 256]
Event: 29.093 Thread 0x0000023ef146d310 Exception <a 'java/lang/NoSuchMethodError'{0x0000000083ba0858}: static Lorg/gradle/internal/build/event/types/DefaultProjectConfigurationDescriptor;.<clinit>()V> (0x0000000083ba0858) 
thrown [s\src\hotspot\share\prims\jni.cpp, line 1112]
Event: 29.780 Thread 0x0000023ef146b4b0 Exception <a 'java/lang/NoSuchMethodError'{0x0000000083431b18}: 'long java.lang.invoke.DirectMethodHandle$Holder.invokeStatic(java.lang.Object, long)'> (0x0000000083431b18) 
thrown [s\src\hotspot\share\interpreter\linkResolver.cpp, line 759]
Event: 30.287 Thread 0x0000023ef146b4b0 Exception <a 'java/lang/NoSuchMethodError'{0x000000008319f988}: 'void java.lang.invoke.DirectMethodHandle$Holder.invokeSpecial(java.lang.Object, java.lang.Object, java.lang.Object, java.lang.Object, java.lang.Object, java.lang.Object)'> (0x000000008319f988) 
thrown [s\src\hotspot\share\interpreter\linkResolver.cpp, line 759]
Event: 32.746 Thread 0x0000023ef146b4b0 Exception <a 'java/lang/ClassNotFoundException'{0x000000008408cd08}: build_78w2ibyx7ycrwof2caf4lzopjBeanInfo> (0x000000008408cd08) 
thrown [s\src\hotspot\share\classfile\systemDictionary.cpp, line 256]
Event: 32.747 Thread 0x0000023ef146b4b0 Exception <a 'java/lang/ClassNotFoundException'{0x0000000084098098}: org/gradle/api/internal/project/ProjectScriptBeanInfo> (0x0000000084098098) 
thrown [s\src\hotspot\share\classfile\systemDictionary.cpp, line 256]
Event: 32.748 Thread 0x0000023ef146b4b0 Exception <a 'java/lang/ClassNotFoundException'{0x00000000840a3568}: org/gradle/api/internal/project/ProjectScriptCustomizer> (0x00000000840a3568) 
thrown [s\src\hotspot\share\classfile\systemDictionary.cpp, line 256]

VM Operations (20 events):
Event: 28.923 Executing VM operation: HandshakeAllThreads
Event: 28.950 Executing VM operation: HandshakeAllThreads done
Event: 28.977 Executing VM operation: G1CollectForAllocation
Event: 29.037 Executing VM operation: G1CollectForAllocation done
Event: 29.126 Executing VM operation: G1PauseRemark
Event: 29.133 Executing VM operation: G1PauseRemark done
Event: 29.171 Executing VM operation: G1PauseCleanup
Event: 29.172 Executing VM operation: G1PauseCleanup done
Event: 29.814 Executing VM operation: HandshakeAllThreads
Event: 29.814 Executing VM operation: HandshakeAllThreads done
Event: 30.817 Executing VM operation: Cleanup
Event: 30.834 Executing VM operation: Cleanup done
Event: 31.536 Executing VM operation: G1CollectForAllocation
Event: 31.541 Executing VM operation: G1CollectForAllocation done
Event: 31.610 Executing VM operation: G1TryInitiateConcMark
Event: 31.612 Executing VM operation: G1TryInitiateConcMark done
Event: 31.755 Executing VM operation: G1PauseRemark
Event: 31.891 Executing VM operation: G1PauseRemark done
Event: 31.939 Executing VM operation: G1PauseCleanup
Event: 31.947 Executing VM operation: G1PauseCleanup done

Memory protections (0 events):
No events

Nmethod flushes (0 events):
No events

Events (20 events):
Event: 10.435 Thread 0x0000023ef146aa90 Thread added: 0x0000023ef146b4b0
Event: 10.531 Thread 0x0000023ef146b4b0 Thread added: 0x0000023ef146c3e0
Event: 10.538 Thread 0x0000023ef146b4b0 Thread added: 0x0000023ef146b9c0
Event: 10.542 Thread 0x0000023ef146b4b0 Thread added: 0x0000023ef146d310
Event: 12.306 Thread 0x0000023ef146b4b0 Thread added: 0x0000023ef146a580
Event: 12.342 Thread 0x0000023ef146b4b0 Thread added: 0x0000023ef146ce00
Event: 12.695 Thread 0x0000023ef146b4b0 Thread added: 0x0000023ef146c8f0
Event: 16.961 Thread 0x0000023ef146b4b0 Thread added: 0x0000023ef1d004a0
Event: 16.988 Thread 0x0000023ef146b4b0 Thread added: 0x0000023ef1d02810
Event: 17.842 Thread 0x0000023ef146b4b0 Thread added: 0x0000023ef1d018e0
Event: 17.856 Thread 0x0000023ef146b4b0 Thread added: 0x0000023ef1d01df0
Event: 18.293 Thread 0x0000023ef146ce00 Thread added: 0x0000023ef1d02300
Event: 19.879 Thread 0x0000023ef146b4b0 Thread added: 0x0000023ef1d02d20
Event: 19.995 Thread 0x0000023ef146b4b0 Thread added: 0x0000023ef1d009b0
Event: 23.590 Thread 0x0000023ef146b4b0 Thread added: 0x0000023ef1d013d0
Event: 23.633 Thread 0x0000023ef146b4b0 Thread added: 0x0000023ef1d03230
Event: 26.085 Thread 0x0000023ef146b4b0 Thread added: 0x0000023ef1d03c50
Event: 26.144 Thread 0x0000023ef146b4b0 Thread added: 0x0000023ef1d00ec0
Event: 27.627 Thread 0x0000023ef146b4b0 Thread added: 0x0000023ef1d05090
Event: 27.838 Thread 0x0000023ef146b4b0 Thread added: 0x0000023ef1d05ab0


Dynamic libraries:
0x00007ff6576f0000 - 0x00007ff6576fe000 	C:\Program Files\Eclipse Adoptium\jdk-17.0.19.10-hotspot\bin\java.exe
0x00007ffdad120000 - 0x00007ffdad386000 	C:\WINDOWS\SYSTEM32\ntdll.dll
0x00007ffdab4a0000 - 0x00007ffdab569000 	C:\WINDOWS\System32\KERNEL32.DLL
0x00007ffdaa4e0000 - 0x00007ffdaa8de000 	C:\WINDOWS\System32\KERNELBASE.dll
0x00007ffdaaba0000 - 0x00007ffdaacec000 	C:\WINDOWS\System32\ucrtbase.dll
0x00007ffda42a0000 - 0x00007ffda42be000 	C:\Program Files\Eclipse Adoptium\jdk-17.0.19.10-hotspot\bin\VCRUNTIME140.dll
0x00007ffda4230000 - 0x00007ffda4248000 	C:\Program Files\Eclipse Adoptium\jdk-17.0.19.10-hotspot\bin\jli.dll
0x00007ffdac990000 - 0x00007ffdacb57000 	C:\WINDOWS\System32\USER32.dll
0x00007ffd90f40000 - 0x00007ffd911d2000 	C:\WINDOWS\WinSxS\amd64_microsoft.windows.common-controls_6595b64144ccf1df_6.0.26100.8894_none_3e0f749ee32e02ea\COMCTL32.dll
0x00007ffdaa340000 - 0x00007ffdaa367000 	C:\WINDOWS\System32\win32u.dll
0x00007ffdace30000 - 0x00007ffdaced9000 	C:\WINDOWS\System32\msvcrt.dll
0x00007ffdace00000 - 0x00007ffdace2b000 	C:\WINDOWS\System32\GDI32.dll
0x00007ffdaa8f0000 - 0x00007ffdaaa1a000 	C:\WINDOWS\System32\gdi32full.dll
0x00007ffdaa370000 - 0x00007ffdaa413000 	C:\WINDOWS\System32\msvcp_win.dll
0x00007ffdad0a0000 - 0x00007ffdad0d2000 	C:\WINDOWS\System32\IMM32.DLL
0x00007ffda4220000 - 0x00007ffda422c000 	C:\Program Files\Eclipse Adoptium\jdk-17.0.19.10-hotspot\bin\vcruntime140_1.dll
0x00007ffd78240000 - 0x00007ffd782cd000 	C:\Program Files\Eclipse Adoptium\jdk-17.0.19.10-hotspot\bin\msvcp140.dll
0x00007ffd32690000 - 0x00007ffd332fc000 	C:\Program Files\Eclipse Adoptium\jdk-17.0.19.10-hotspot\bin\server\jvm.dll
0x00007ffdabc90000 - 0x00007ffdabd47000 	C:\WINDOWS\System32\ADVAPI32.dll
0x00007ffdab3f0000 - 0x00007ffdab49a000 	C:\WINDOWS\System32\sechost.dll
0x00007ffdacf70000 - 0x00007ffdad088000 	C:\WINDOWS\System32\RPCRT4.dll
0x00007ffdab050000 - 0x00007ffdab0d0000 	C:\WINDOWS\System32\WS2_32.dll
0x00007ffdaa1c0000 - 0x00007ffdaa21e000 	C:\WINDOWS\SYSTEM32\POWRPROF.dll
0x00007ffda2df0000 - 0x00007ffda2e26000 	C:\WINDOWS\SYSTEM32\WINMM.dll
0x00007ffda4270000 - 0x00007ffda427b000 	C:\WINDOWS\SYSTEM32\VERSION.dll
0x00007ffdaa1a0000 - 0x00007ffdaa1b4000 	C:\WINDOWS\SYSTEM32\UMPDC.dll
0x00007ffda8fe0000 - 0x00007ffda8ffb000 	C:\WINDOWS\SYSTEM32\kernel.appcore.dll
0x00007ffd84060000 - 0x00007ffd8406a000 	C:\Program Files\Eclipse Adoptium\jdk-17.0.19.10-hotspot\bin\jimage.dll
0x00007ffda02e0000 - 0x00007ffda0522000 	C:\WINDOWS\SYSTEM32\DBGHELP.DLL
0x00007ffdac590000 - 0x00007ffdac913000 	C:\WINDOWS\System32\combase.dll
0x00007ffdabbb0000 - 0x00007ffdabc89000 	C:\WINDOWS\System32\OLEAUT32.dll
0x00007ffd8fdc0000 - 0x00007ffd8fdfb000 	C:\WINDOWS\SYSTEM32\dbgcore.DLL
0x00007ffdaa420000 - 0x00007ffdaa4cc000 	C:\WINDOWS\System32\bcryptPrimitives.dll
0x00007ffd7f590000 - 0x00007ffd7f59e000 	C:\Program Files\Eclipse Adoptium\jdk-17.0.19.10-hotspot\bin\instrument.dll
0x00007ffd7dec0000 - 0x00007ffd7dee5000 	C:\Program Files\Eclipse Adoptium\jdk-17.0.19.10-hotspot\bin\java.dll
0x00007ffd3ffc0000 - 0x00007ffd40097000 	C:\Program Files\Eclipse Adoptium\jdk-17.0.19.10-hotspot\bin\jsvml.dll
0x00007ffdabdf0000 - 0x00007ffdac582000 	C:\WINDOWS\System32\SHELL32.dll
0x00007ffda7dc0000 - 0x00007ffda8652000 	C:\WINDOWS\SYSTEM32\windows.storage.dll
0x00007ffdab2e0000 - 0x00007ffdab3d7000 	C:\WINDOWS\System32\SHCORE.dll
0x00007ffdac920000 - 0x00007ffdac987000 	C:\WINDOWS\System32\shlwapi.dll
0x00007ffdaa260000 - 0x00007ffdaa289000 	C:\WINDOWS\SYSTEM32\profapi.dll
0x00007ffd7dea0000 - 0x00007ffd7deb8000 	C:\Program Files\Eclipse Adoptium\jdk-17.0.19.10-hotspot\bin\zip.dll
0x00007ffd52bb0000 - 0x00007ffd52bca000 	C:\Program Files\Eclipse Adoptium\jdk-17.0.19.10-hotspot\bin\net.dll
0x00007ffda00f0000 - 0x00007ffda0217000 	C:\WINDOWS\SYSTEM32\WINHTTP.dll
0x00007ffda9570000 - 0x00007ffda95dc000 	C:\WINDOWS\system32\mswsock.dll
0x00007ffd52b90000 - 0x00007ffd52ba6000 	C:\Program Files\Eclipse Adoptium\jdk-17.0.19.10-hotspot\bin\nio.dll
0x00007ffd7acb0000 - 0x00007ffd7acc0000 	C:\Program Files\Eclipse Adoptium\jdk-17.0.19.10-hotspot\bin\verify.dll
0x00007ffd41cd0000 - 0x00007ffd41cf7000 	C:\Users\HP\.gradle\native\1def1411415f61bf3af743bc5b6707747c0891f09f0c88961ee8f79bc544acac\windows-amd64\native-platform.dll
0x00007ffd52c20000 - 0x00007ffd52c98000 	C:\Users\HP\.gradle\native\0.2.7\x86_64-windows-gnu\gradle-fileevents.dll
0x00007ffd78230000 - 0x00007ffd7823a000 	C:\Program Files\Eclipse Adoptium\jdk-17.0.19.10-hotspot\bin\management.dll
0x00007ffd78200000 - 0x00007ffd7820c000 	C:\Program Files\Eclipse Adoptium\jdk-17.0.19.10-hotspot\bin\management_ext.dll
0x00007ffdab3e0000 - 0x00007ffdab3e8000 	C:\WINDOWS\System32\PSAPI.DLL
0x00007ffda8990000 - 0x00007ffda89c3000 	C:\WINDOWS\SYSTEM32\IPHLPAPI.DLL
0x00007ffdad090000 - 0x00007ffdad09a000 	C:\WINDOWS\System32\NSI.dll
0x00007ffd9fe70000 - 0x00007ffd9fe8d000 	C:\WINDOWS\SYSTEM32\dhcpcsvc6.DLL
0x00007ffd9ff90000 - 0x00007ffd9ffb5000 	C:\WINDOWS\SYSTEM32\dhcpcsvc.DLL
0x00007ffda8a20000 - 0x00007ffda8b76000 	C:\WINDOWS\SYSTEM32\DNSAPI.dll
0x00007ffda9390000 - 0x00007ffda939d000 	C:\WINDOWS\SYSTEM32\DSPARSE.dll
0x00007ffd7df30000 - 0x00007ffd7df39000 	C:\Program Files\Eclipse Adoptium\jdk-17.0.19.10-hotspot\bin\extnet.dll
0x00007ffda99a0000 - 0x00007ffda99bb000 	C:\WINDOWS\SYSTEM32\CRYPTSP.dll
0x00007ffda8f40000 - 0x00007ffda8f79000 	C:\WINDOWS\system32\rsaenh.dll
0x00007ffda9630000 - 0x00007ffda9662000 	C:\WINDOWS\SYSTEM32\USERENV.dll
0x00007ffdaa230000 - 0x00007ffdaa25a000 	C:\WINDOWS\SYSTEM32\bcrypt.dll
0x00007ffda97e0000 - 0x00007ffda97ec000 	C:\WINDOWS\SYSTEM32\CRYPTBASE.dll
0x00007ffd7df20000 - 0x00007ffd7df2e000 	C:\Program Files\Eclipse Adoptium\jdk-17.0.19.10-hotspot\bin\sunmscapi.dll
0x00007ffdaaa20000 - 0x00007ffdaab98000 	C:\WINDOWS\System32\CRYPT32.dll
0x00007ffda9b10000 - 0x00007ffda9b40000 	C:\WINDOWS\SYSTEM32\ncrypt.dll
0x00007ffda9ac0000 - 0x00007ffda9aff000 	C:\WINDOWS\SYSTEM32\NTASN1.dll
0x00007ffd47850000 - 0x00007ffd47858000 	C:\WINDOWS\system32\wshunix.dll

dbghelp: loaded successfully - version: 4.0.5 - missing functions: none
symbol engine: initialized successfully - sym options: 0x614 - pdb path: .;C:\Program Files\Eclipse Adoptium\jdk-17.0.19.10-hotspot\bin;C:\WINDOWS\SYSTEM32;C:\WINDOWS\WinSxS\amd64_microsoft.windows.common-controls_6595b64144ccf1df_6.0.26100.8894_none_3e0f749ee32e02ea;C:\Program Files\Eclipse Adoptium\jdk-17.0.19.10-hotspot\bin\server;C:\Users\HP\.gradle\native\1def1411415f61bf3af743bc5b6707747c0891f09f0c88961ee8f79bc544acac\windows-amd64;C:\Users\HP\.gradle\native\0.2.7\x86_64-windows-gnu

VM Arguments:
jvm_args: --add-opens=java.base/java.lang=ALL-UNNAMED --add-opens=java.base/java.lang.invoke=ALL-UNNAMED --add-opens=java.base/java.util=ALL-UNNAMED --add-opens=java.prefs/java.util.prefs=ALL-UNNAMED --add-exports=jdk.compiler/com.sun.tools.javac.api=ALL-UNNAMED --add-exports=jdk.compiler/com.sun.tools.javac.util=ALL-UNNAMED --add-opens=java.base/java.util=ALL-UNNAMED --add-opens=java.prefs/java.util.prefs=ALL-UNNAMED --add-opens=java.base/java.nio.charset=ALL-UNNAMED --add-opens=java.base/java.net=ALL-UNNAMED --add-opens=java.base/java.util.concurrent.atomic=ALL-UNNAMED --add-opens=java.xml/javax.xml.namespace=ALL-UNNAMED -XX:MaxMetaspaceSize=512m -Xmx2048m -Dfile.encoding=UTF-8 -Duser.country=US -Duser.language=en -Duser.variant -javaagent:C:\Users\HP\.gradle\wrapper\dists\gradle-8.14.3-all\10utluxaxniiv4wxiphsi49nj\gradle-8.14.3\lib\agents\gradle-instrumentation-agent-8.14.3.jar 
java_command: org.gradle.launcher.daemon.bootstrap.GradleDaemon 8.14.3
java_class_path (initial): C:\Users\HP\.gradle\wrapper\dists\gradle-8.14.3-all\10utluxaxniiv4wxiphsi49nj\gradle-8.14.3\lib\gradle-daemon-main-8.14.3.jar
Launcher Type: SUN_STANDARD

[Global flags]
     intx CICompilerCount                          = 3                                         {product} {ergonomic}
   size_t CompressedClassSpaceSize                 = 436207616                                 {product} {ergonomic}
     uint ConcGCThreads                            = 1                                         {product} {ergonomic}
     uint G1ConcRefinementThreads                  = 4                                         {product} {ergonomic}
   size_t G1HeapRegionSize                         = 1048576                                   {product} {ergonomic}
    uintx GCDrainStackTargetSize                   = 64                                        {product} {ergonomic}
   size_t InitialHeapSize                          = 58720256                                  {product} {ergonomic}
   size_t MarkStackSize                            = 4194304                                   {product} {ergonomic}
   size_t MaxHeapSize                              = 2147483648                                {product} {command line}
   size_t MaxMetaspaceSize                         = 536870912                                 {product} {command line}
   size_t MaxNewSize                               = 1287651328                                {product} {ergonomic}
   size_t MinHeapDeltaBytes                        = 1048576                                   {product} {ergonomic}
   size_t MinHeapSize                              = 8388608                                   {product} {ergonomic}
    uintx NonNMethodCodeHeapSize                   = 5832780                                {pd product} {ergonomic}
    uintx NonProfiledCodeHeapSize                  = 122912730                              {pd product} {ergonomic}
    uintx ProfiledCodeHeapSize                     = 122912730                              {pd product} {ergonomic}
    uintx ReservedCodeCacheSize                    = 251658240                              {pd product} {ergonomic}
     bool SegmentedCodeCache                       = true                                      {product} {ergonomic}
   size_t SoftMaxHeapSize                          = 2147483648                             {manageable} {ergonomic}
     bool UseCompressedClassPointers               = true                           {product lp64_product} {ergonomic}
     bool UseCompressedOops                        = true                           {product lp64_product} {ergonomic}
     bool UseG1GC                                  = true                                      {product} {ergonomic}
     bool UseLargePagesIndividualAllocation        = false                                  {pd product} {ergonomic}

Logging:
Log output configuration:
 #0: stdout all=warning uptime,level,tags
 #1: stderr all=off uptime,level,tags

Environment Variables:
JAVA_HOME=C:\Program Files\Eclipse Adoptium\jdk-17.0.19.10-hotspot\
PATH=C:\Program Files\Eclipse Adoptium\jdk-17.0.19.10-hotspot\bin;C:\Python314\Scripts\;C:\Python314\;C:\WINDOWS\system32;C:\WINDOWS;C:\WINDOWS\System32\Wbem;C:\WINDOWS\System32\WindowsPowerShell\v1.0\;C:\WINDOWS\System32\OpenSSH\;C:\Program Files\Git\cmd;C:\Program Files\nodejs\;C:\ProgramData\chocolatey\bin;C:\Users\HP\AppData\Local\Microsoft\WindowsApps;C:\Users\HP\AppData\Roaming\npm;C:\Users\HP\AppData\Local\Programs\Microsoft VS Code\bin
USERNAME=HP
OS=Windows_NT
PROCESSOR_IDENTIFIER=AMD64 Family 23 Model 24 Stepping 1, AuthenticAMD
TMP=C:\Users\HP\AppData\Local\Temp
TEMP=C:\Users\HP\AppData\Local\Temp



Periodic native trim disabled


---------------  S Y S T E M  ---------------

OS:
 Windows 11 , 64 bit Build 26100 (10.0.26100.8875)
OS uptime: 0 days 3:31 hours
Hyper-V role detected

CPU: total 4 (initial active 4) (4 cores per cpu, 2 threads per core) family 23 model 24 stepping 1 microcode 0x8108109, cx8, cmov, fxsr, ht, mmx, 3dnowpref, sse, sse2, sse3, ssse3, sse4a, sse4.1, sse4.2, popcnt, lzcnt, tsc, tscinvbit, avx, avx2, aes, clmul, bmi1, bmi2, adx, sha, fma, vzeroupper, clflush, clflushopt, hv
Processor Information for all 4 processors :
  Max Mhz: 2400, Current Mhz: 2400, Mhz Limit: 2400

Memory: 4k page, system-wide physical 3499M (67M free)
TotalPageFile size 14251M (AvailPageFile size 3M)
current process WorkingSet (physical memory assigned to process): 182M, peak: 198M
current process commit charge ("private bytes"): 235M, peak: 241M

vm_info: OpenJDK 64-Bit Server VM (17.0.19+10) for windows-amd64 JRE (17.0.19+10), built on Apr 25 2026 08:04:44 by "admin" with MS VC++ 17.12 (VS2022)

END.
